Namespace(models_to_compress=['meta-llama/Llama-2-7b-hf'], seqlens=[4096], batch_size=1, hessian_path='/data/lliu/huffman/models/{model_name}/hessians_new/seed_0/pajama/128', discrete_update_hessian_path=None, weights_path='/data/lliu/huffman/models/{model_name}/original_weights', save_path='/data/lliu/huffman/models/{model_name}/compressed', self_attn_compression_algorithm='quantize', mlp_compression_algorithm='quantize', devices=['cuda:7', 'cuda:6', 'cuda:5', 'cuda:4', 'cuda:3', 'cuda:2'], yaml_path='/data/lliu/huffman/scripts/1layer_compress/quantizer_args.yaml', self_attn_yaml_path=None, mlp_yaml_path=None, use_already_done=False, use_wandb=True, resume_wandb=False, wandb_id=None, wandb_project='compression_no_finetune', run_name=None, no_config_update=False, ppl_eval=True)
wandb: Using wandb-core as the SDK backend.  Please refer to https://wandb.me/wandb-core for more information.
wandb: Currently logged in as: m6481. Use `wandb login --relogin` to force relogin
wandb: Tracking run with wandb version 0.19.1
wandb: Run data is saved locally in /data/lliu/huffman/wandb/run-20250126_031505-0muwqubh
wandb: Run `wandb offline` to turn off syncing.
wandb: Syncing run bright-glade-160
wandb: ⭐️ View project at https://wandb.ai/m6481/compression_no_finetune
wandb: 🚀 View run at https://wandb.ai/m6481/compression_no_finetune/runs/0muwqubh
  0%|          | 0/224 [00:00<?, ?it/s]n_commands 224
sample command python -u scripts/1layer_compress/quantize_compress.py --hessian_path /data/lliu/huffman/models/meta-llama/Llama-2-7b-hf/hessians_new/seed_0/pajama/128/layer_3/mlp.gate_proj.pt --save_path /data/lliu/huffman/models/meta-llama/Llama-2-7b-hf/compressed/160/meta-llama/Llama-2-7b-hf/layer_3/mlp.gate_proj/compressed.pt --yaml_path tmp/160/yaml.yaml --weights_path /data/lliu/huffman/models/meta-llama/Llama-2-7b-hf/original_weights
running: nohup python -u scripts/1layer_compress/quantize_compress.py --hessian_path /data/lliu/huffman/models/meta-llama/Llama-2-7b-hf/hessians_new/seed_0/pajama/128/layer_3/mlp.gate_proj.pt --save_path /data/lliu/huffman/models/meta-llama/Llama-2-7b-hf/compressed/160/meta-llama/Llama-2-7b-hf/layer_3/mlp.gate_proj/compressed.pt --yaml_path tmp/160/yaml.yaml --weights_path /data/lliu/huffman/models/meta-llama/Llama-2-7b-hf/original_weights --device cuda:7 > /data/lliu/huffman/models/meta-llama/Llama-2-7b-hf/compressed/160/meta-llama/Llama-2-7b-hf/layer_3/mlp.gate_proj/compressed.log 2>&1 &
running: nohup python -u scripts/1layer_compress/quantize_compress.py --hessian_path /data/lliu/huffman/models/meta-llama/Llama-2-7b-hf/hessians_new/seed_0/pajama/128/layer_3/mlp.up_proj.pt --save_path /data/lliu/huffman/models/meta-llama/Llama-2-7b-hf/compressed/160/meta-llama/Llama-2-7b-hf/layer_3/mlp.up_proj/compressed.pt --yaml_path tmp/160/yaml.yaml --weights_path /data/lliu/huffman/models/meta-llama/Llama-2-7b-hf/original_weights --device cuda:6 > /data/lliu/huffman/models/meta-llama/Llama-2-7b-hf/compressed/160/meta-llama/Llama-2-7b-hf/layer_3/mlp.up_proj/compressed.log 2>&1 &
running: nohup python -u scripts/1layer_compress/quantize_compress.py --hessian_path /data/lliu/huffman/models/meta-llama/Llama-2-7b-hf/hessians_new/seed_0/pajama/128/layer_3/self_attn.q_proj.pt --save_path /data/lliu/huffman/models/meta-llama/Llama-2-7b-hf/compressed/160/meta-llama/Llama-2-7b-hf/layer_3/self_attn.q_proj/compressed.pt --yaml_path tmp/160/yaml.yaml --weights_path /data/lliu/huffman/models/meta-llama/Llama-2-7b-hf/original_weights --device cuda:5 > /data/lliu/huffman/models/meta-llama/Llama-2-7b-hf/compressed/160/meta-llama/Llama-2-7b-hf/layer_3/self_attn.q_proj/compressed.log 2>&1 &
running: nohup python -u scripts/1layer_compress/quantize_compress.py --hessian_path /data/lliu/huffman/models/meta-llama/Llama-2-7b-hf/hessians_new/seed_0/pajama/128/layer_3/self_attn.k_proj.pt --save_path /data/lliu/huffman/models/meta-llama/Llama-2-7b-hf/compressed/160/meta-llama/Llama-2-7b-hf/layer_3/self_attn.k_proj/compressed.pt --yaml_path tmp/160/yaml.yaml --weights_path /data/lliu/huffman/models/meta-llama/Llama-2-7b-hf/original_weights --device cuda:4 > /data/lliu/huffman/models/meta-llama/Llama-2-7b-hf/compressed/160/meta-llama/Llama-2-7b-hf/layer_3/self_attn.k_proj/compressed.log 2>&1 &
running: nohup python -u scripts/1layer_compress/quantize_compress.py --hessian_path /data/lliu/huffman/models/meta-llama/Llama-2-7b-hf/hessians_new/seed_0/pajama/128/layer_3/self_attn.o_proj.pt --save_path /data/lliu/huffman/models/meta-llama/Llama-2-7b-hf/compressed/160/meta-llama/Llama-2-7b-hf/layer_3/self_attn.o_proj/compressed.pt --yaml_path tmp/160/yaml.yaml --weights_path /data/lliu/huffman/models/meta-llama/Llama-2-7b-hf/original_weights --device cuda:3 > /data/lliu/huffman/models/meta-llama/Llama-2-7b-hf/compressed/160/meta-llama/Llama-2-7b-hf/layer_3/self_attn.o_proj/compressed.log 2>&1 &
running: nohup python -u scripts/1layer_compress/quantize_compress.py --hessian_path /data/lliu/huffman/models/meta-llama/Llama-2-7b-hf/hessians_new/seed_0/pajama/128/layer_3/mlp.down_proj.pt --save_path /data/lliu/huffman/models/meta-llama/Llama-2-7b-hf/compressed/160/meta-llama/Llama-2-7b-hf/layer_3/mlp.down_proj/compressed.pt --yaml_path tmp/160/yaml.yaml --weights_path /data/lliu/huffman/models/meta-llama/Llama-2-7b-hf/original_weights --device cuda:2 > /data/lliu/huffman/models/meta-llama/Llama-2-7b-hf/compressed/160/meta-llama/Llama-2-7b-hf/layer_3/mlp.down_proj/compressed.log 2>&1 &
meta-llama/Llama-2-7b-hf/layer_3/self_attn.q_proj is done
reading log /data/lliu/huffman/models/meta-llama/Llama-2-7b-hf/compressed/160/meta-llama/Llama-2-7b-hf/layer_3/self_attn.q_proj/compressed.log
best_loss 144.66253662109375 running bpv: 2.016602
  0%|          | 1/224 [00:40<2:28:45, 40.03s/it]COMMANDS_FINISHED 1 n_commands 224
running: nohup python -u scripts/1layer_compress/quantize_compress.py --hessian_path /data/lliu/huffman/models/meta-llama/Llama-2-7b-hf/hessians_new/seed_0/pajama/128/layer_3/self_attn.v_proj.pt --save_path /data/lliu/huffman/models/meta-llama/Llama-2-7b-hf/compressed/160/meta-llama/Llama-2-7b-hf/layer_3/self_attn.v_proj/compressed.pt --yaml_path tmp/160/yaml.yaml --weights_path /data/lliu/huffman/models/meta-llama/Llama-2-7b-hf/original_weights --device cuda:5 > /data/lliu/huffman/models/meta-llama/Llama-2-7b-hf/compressed/160/meta-llama/Llama-2-7b-hf/layer_3/self_attn.v_proj/compressed.log 2>&1 &
meta-llama/Llama-2-7b-hf/layer_3/self_attn.k_proj is done
reading log /data/lliu/huffman/models/meta-llama/Llama-2-7b-hf/compressed/160/meta-llama/Llama-2-7b-hf/layer_3/self_attn.k_proj/compressed.log
best_loss 166.6685791015625 running bpv: 2.016602
  1%|          | 2/224 [00:47<1:16:13, 20.60s/it]COMMANDS_FINISHED 2 n_commands 224
running: nohup python -u scripts/1layer_compress/quantize_compress.py --hessian_path /data/lliu/huffman/models/meta-llama/Llama-2-7b-hf/hessians_new/seed_0/pajama/128/layer_5/mlp.gate_proj.pt --save_path /data/lliu/huffman/models/meta-llama/Llama-2-7b-hf/compressed/160/meta-llama/Llama-2-7b-hf/layer_5/mlp.gate_proj/compressed.pt --yaml_path tmp/160/yaml.yaml --weights_path /data/lliu/huffman/models/meta-llama/Llama-2-7b-hf/original_weights --device cuda:4 > /data/lliu/huffman/models/meta-llama/Llama-2-7b-hf/compressed/160/meta-llama/Llama-2-7b-hf/layer_5/mlp.gate_proj/compressed.log 2>&1 &
meta-llama/Llama-2-7b-hf/layer_3/self_attn.o_proj is done
reading log /data/lliu/huffman/models/meta-llama/Llama-2-7b-hf/compressed/160/meta-llama/Llama-2-7b-hf/layer_3/self_attn.o_proj/compressed.log
best_loss 0.34435945749282837 running bpv: 2.016602
  1%|▏         | 3/224 [00:53<51:20, 13.94s/it]  COMMANDS_FINISHED 3 n_commands 224
running: nohup python -u scripts/1layer_compress/quantize_compress.py --hessian_path /data/lliu/huffman/models/meta-llama/Llama-2-7b-hf/hessians_new/seed_0/pajama/128/layer_5/mlp.up_proj.pt --save_path /data/lliu/huffman/models/meta-llama/Llama-2-7b-hf/compressed/160/meta-llama/Llama-2-7b-hf/layer_5/mlp.up_proj/compressed.pt --yaml_path tmp/160/yaml.yaml --weights_path /data/lliu/huffman/models/meta-llama/Llama-2-7b-hf/original_weights --device cuda:3 > /data/lliu/huffman/models/meta-llama/Llama-2-7b-hf/compressed/160/meta-llama/Llama-2-7b-hf/layer_5/mlp.up_proj/compressed.log 2>&1 &
meta-llama/Llama-2-7b-hf/layer_3/mlp.gate_proj is done
reading log /data/lliu/huffman/models/meta-llama/Llama-2-7b-hf/compressed/160/meta-llama/Llama-2-7b-hf/layer_3/mlp.gate_proj/compressed.log
best_loss 53.448490142822266 running bpv: 2.013994
  2%|▏         | 4/224 [01:04<46:51, 12.78s/it]COMMANDS_FINISHED 4 n_commands 224
running: nohup python -u scripts/1layer_compress/quantize_compress.py --hessian_path /data/lliu/huffman/models/meta-llama/Llama-2-7b-hf/hessians_new/seed_0/pajama/128/layer_5/self_attn.q_proj.pt --save_path /data/lliu/huffman/models/meta-llama/Llama-2-7b-hf/compressed/160/meta-llama/Llama-2-7b-hf/layer_5/self_attn.q_proj/compressed.pt --yaml_path tmp/160/yaml.yaml --weights_path /data/lliu/huffman/models/meta-llama/Llama-2-7b-hf/original_weights --device cuda:7 > /data/lliu/huffman/models/meta-llama/Llama-2-7b-hf/compressed/160/meta-llama/Llama-2-7b-hf/layer_5/self_attn.q_proj/compressed.log 2>&1 &
meta-llama/Llama-2-7b-hf/layer_3/self_attn.v_proj is done
reading log /data/lliu/huffman/models/meta-llama/Llama-2-7b-hf/compressed/160/meta-llama/Llama-2-7b-hf/layer_3/self_attn.v_proj/compressed.log
best_loss 35.35573196411133 running bpv: 2.014384
  2%|▏         | 5/224 [01:10<37:43, 10.34s/it]COMMANDS_FINISHED 5 n_commands 224
running: nohup python -u scripts/1layer_compress/quantize_compress.py --hessian_path /data/lliu/huffman/models/meta-llama/Llama-2-7b-hf/hessians_new/seed_0/pajama/128/layer_5/self_attn.k_proj.pt --save_path /data/lliu/huffman/models/meta-llama/Llama-2-7b-hf/compressed/160/meta-llama/Llama-2-7b-hf/layer_5/self_attn.k_proj/compressed.pt --yaml_path tmp/160/yaml.yaml --weights_path /data/lliu/huffman/models/meta-llama/Llama-2-7b-hf/original_weights --device cuda:5 > /data/lliu/huffman/models/meta-llama/Llama-2-7b-hf/compressed/160/meta-llama/Llama-2-7b-hf/layer_5/self_attn.k_proj/compressed.log 2>&1 &
meta-llama/Llama-2-7b-hf/layer_3/mlp.up_proj is done
reading log /data/lliu/huffman/models/meta-llama/Llama-2-7b-hf/compressed/160/meta-llama/Llama-2-7b-hf/layer_3/mlp.up_proj/compressed.log
best_loss 44.75156021118164 running bpv: 2.013438
  3%|▎         | 6/224 [01:16<32:12,  8.86s/it]COMMANDS_FINISHED 6 n_commands 224
running: nohup python -u scripts/1layer_compress/quantize_compress.py --hessian_path /data/lliu/huffman/models/meta-llama/Llama-2-7b-hf/hessians_new/seed_0/pajama/128/layer_5/self_attn.o_proj.pt --save_path /data/lliu/huffman/models/meta-llama/Llama-2-7b-hf/compressed/160/meta-llama/Llama-2-7b-hf/layer_5/self_attn.o_proj/compressed.pt --yaml_path tmp/160/yaml.yaml --weights_path /data/lliu/huffman/models/meta-llama/Llama-2-7b-hf/original_weights --device cuda:6 > /data/lliu/huffman/models/meta-llama/Llama-2-7b-hf/compressed/160/meta-llama/Llama-2-7b-hf/layer_5/self_attn.o_proj/compressed.log 2>&1 &
meta-llama/Llama-2-7b-hf/layer_3/mlp.down_proj is done
reading log /data/lliu/huffman/models/meta-llama/Llama-2-7b-hf/compressed/160/meta-llama/Llama-2-7b-hf/layer_3/mlp.down_proj/compressed.log
best_loss 0.9417060613632202 running bpv: 2.012913
  3%|▎         | 7/224 [01:22<28:40,  7.93s/it]COMMANDS_FINISHED 7 n_commands 224
running: nohup python -u scripts/1layer_compress/quantize_compress.py --hessian_path /data/lliu/huffman/models/meta-llama/Llama-2-7b-hf/hessians_new/seed_0/pajama/128/layer_5/mlp.down_proj.pt --save_path /data/lliu/huffman/models/meta-llama/Llama-2-7b-hf/compressed/160/meta-llama/Llama-2-7b-hf/layer_5/mlp.down_proj/compressed.pt --yaml_path tmp/160/yaml.yaml --weights_path /data/lliu/huffman/models/meta-llama/Llama-2-7b-hf/original_weights --device cuda:2 > /data/lliu/huffman/models/meta-llama/Llama-2-7b-hf/compressed/160/meta-llama/Llama-2-7b-hf/layer_5/mlp.down_proj/compressed.log 2>&1 &
meta-llama/Llama-2-7b-hf/layer_5/self_attn.q_proj is done
reading log /data/lliu/huffman/models/meta-llama/Llama-2-7b-hf/compressed/160/meta-llama/Llama-2-7b-hf/layer_5/self_attn.q_proj/compressed.log
best_loss 150.6207733154297 running bpv: 2.013195
  4%|▎         | 8/224 [01:32<30:55,  8.59s/it]COMMANDS_FINISHED 8 n_commands 224
running: nohup python -u scripts/1layer_compress/quantize_compress.py --hessian_path /data/lliu/huffman/models/meta-llama/Llama-2-7b-hf/hessians_new/seed_0/pajama/128/layer_5/self_attn.v_proj.pt --save_path /data/lliu/huffman/models/meta-llama/Llama-2-7b-hf/compressed/160/meta-llama/Llama-2-7b-hf/layer_5/self_attn.v_proj/compressed.pt --yaml_path tmp/160/yaml.yaml --weights_path /data/lliu/huffman/models/meta-llama/Llama-2-7b-hf/original_weights --device cuda:7 > /data/lliu/huffman/models/meta-llama/Llama-2-7b-hf/compressed/160/meta-llama/Llama-2-7b-hf/layer_5/self_attn.v_proj/compressed.log 2>&1 &
meta-llama/Llama-2-7b-hf/layer_5/self_attn.k_proj is done
reading log /data/lliu/huffman/models/meta-llama/Llama-2-7b-hf/compressed/160/meta-llama/Llama-2-7b-hf/layer_5/self_attn.k_proj/compressed.log
best_loss 179.30780029296875 running bpv: 2.013438
  4%|▍         | 9/224 [01:42<32:22,  9.03s/it]COMMANDS_FINISHED 9 n_commands 224
running: nohup python -u scripts/1layer_compress/quantize_compress.py --hessian_path /data/lliu/huffman/models/meta-llama/Llama-2-7b-hf/hessians_new/seed_0/pajama/128/layer_8/mlp.gate_proj.pt --save_path /data/lliu/huffman/models/meta-llama/Llama-2-7b-hf/compressed/160/meta-llama/Llama-2-7b-hf/layer_8/mlp.gate_proj/compressed.pt --yaml_path tmp/160/yaml.yaml --weights_path /data/lliu/huffman/models/meta-llama/Llama-2-7b-hf/original_weights --device cuda:5 > /data/lliu/huffman/models/meta-llama/Llama-2-7b-hf/compressed/160/meta-llama/Llama-2-7b-hf/layer_8/mlp.gate_proj/compressed.log 2>&1 &
meta-llama/Llama-2-7b-hf/layer_5/self_attn.o_proj is done
reading log /data/lliu/huffman/models/meta-llama/Llama-2-7b-hf/compressed/160/meta-llama/Llama-2-7b-hf/layer_5/self_attn.o_proj/compressed.log
best_loss 1.0506505966186523 running bpv: 2.013648
  4%|▍         | 10/224 [01:48<28:53,  8.10s/it]COMMANDS_FINISHED 10 n_commands 224
running: nohup python -u scripts/1layer_compress/quantize_compress.py --hessian_path /data/lliu/huffman/models/meta-llama/Llama-2-7b-hf/hessians_new/seed_0/pajama/128/layer_8/mlp.up_proj.pt --save_path /data/lliu/huffman/models/meta-llama/Llama-2-7b-hf/compressed/160/meta-llama/Llama-2-7b-hf/layer_8/mlp.up_proj/compressed.pt --yaml_path tmp/160/yaml.yaml --weights_path /data/lliu/huffman/models/meta-llama/Llama-2-7b-hf/original_weights --device cuda:6 > /data/lliu/huffman/models/meta-llama/Llama-2-7b-hf/compressed/160/meta-llama/Llama-2-7b-hf/layer_8/mlp.up_proj/compressed.log 2>&1 &
meta-llama/Llama-2-7b-hf/layer_5/mlp.gate_proj is done
reading log /data/lliu/huffman/models/meta-llama/Llama-2-7b-hf/compressed/160/meta-llama/Llama-2-7b-hf/layer_5/mlp.gate_proj/compressed.log
best_loss 95.9325942993164 running bpv: 2.013259
  5%|▍         | 11/224 [01:56<28:39,  8.07s/it]COMMANDS_FINISHED 11 n_commands 224
running: nohup python -u scripts/1layer_compress/quantize_compress.py --hessian_path /data/lliu/huffman/models/meta-llama/Llama-2-7b-hf/hessians_new/seed_0/pajama/128/layer_8/self_attn.q_proj.pt --save_path /data/lliu/huffman/models/meta-llama/Llama-2-7b-hf/compressed/160/meta-llama/Llama-2-7b-hf/layer_8/self_attn.q_proj/compressed.pt --yaml_path tmp/160/yaml.yaml --weights_path /data/lliu/huffman/models/meta-llama/Llama-2-7b-hf/original_weights --device cuda:4 > /data/lliu/huffman/models/meta-llama/Llama-2-7b-hf/compressed/160/meta-llama/Llama-2-7b-hf/layer_8/self_attn.q_proj/compressed.log 2>&1 &
meta-llama/Llama-2-7b-hf/layer_5/self_attn.v_proj is done
reading log /data/lliu/huffman/models/meta-llama/Llama-2-7b-hf/compressed/160/meta-llama/Llama-2-7b-hf/layer_5/self_attn.v_proj/compressed.log
best_loss 40.13663864135742 running bpv: 2.013438
  5%|▌         | 12/224 [02:02<26:17,  7.44s/it]COMMANDS_FINISHED 12 n_commands 224
meta-llama/Llama-2-7b-hf/layer_5/mlp.up_proj is done
reading log /data/lliu/huffman/models/meta-llama/Llama-2-7b-hf/compressed/160/meta-llama/Llama-2-7b-hf/layer_5/mlp.up_proj/compressed.log
best_loss 75.1282958984375 running bpv: 2.013142
COMMANDS_FINISHED 13 n_commands 224
running: nohup python -u scripts/1layer_compress/quantize_compress.py --hessian_path /data/lliu/huffman/models/meta-llama/Llama-2-7b-hf/hessians_new/seed_0/pajama/128/layer_8/self_attn.k_proj.pt --save_path /data/lliu/huffman/models/meta-llama/Llama-2-7b-hf/compressed/160/meta-llama/Llama-2-7b-hf/layer_8/self_attn.k_proj/compressed.pt --yaml_path tmp/160/yaml.yaml --weights_path /data/lliu/huffman/models/meta-llama/Llama-2-7b-hf/original_weights --device cuda:7 > /data/lliu/huffman/models/meta-llama/Llama-2-7b-hf/compressed/160/meta-llama/Llama-2-7b-hf/layer_8/self_attn.k_proj/compressed.log 2>&1 &
running: nohup python -u scripts/1layer_compress/quantize_compress.py --hessian_path /data/lliu/huffman/models/meta-llama/Llama-2-7b-hf/hessians_new/seed_0/pajama/128/layer_8/self_attn.o_proj.pt --save_path /data/lliu/huffman/models/meta-llama/Llama-2-7b-hf/compressed/160/meta-llama/Llama-2-7b-hf/layer_8/self_attn.o_proj/compressed.pt --yaml_path tmp/160/yaml.yaml --weights_path /data/lliu/huffman/models/meta-llama/Llama-2-7b-hf/original_weights --device cuda:3 > /data/lliu/huffman/models/meta-llama/Llama-2-7b-hf/compressed/160/meta-llama/Llama-2-7b-hf/layer_8/self_attn.o_proj/compressed.log 2>&1 &
meta-llama/Llama-2-7b-hf/layer_5/mlp.down_proj is done
reading log /data/lliu/huffman/models/meta-llama/Llama-2-7b-hf/compressed/160/meta-llama/Llama-2-7b-hf/layer_5/mlp.down_proj/compressed.log
best_loss 2.5376546382904053 running bpv: 2.012913
  6%|▋         | 14/224 [02:17<26:09,  7.47s/it]COMMANDS_FINISHED 14 n_commands 224
running: nohup python -u scripts/1layer_compress/quantize_compress.py --hessian_path /data/lliu/huffman/models/meta-llama/Llama-2-7b-hf/hessians_new/seed_0/pajama/128/layer_8/mlp.down_proj.pt --save_path /data/lliu/huffman/models/meta-llama/Llama-2-7b-hf/compressed/160/meta-llama/Llama-2-7b-hf/layer_8/mlp.down_proj/compressed.pt --yaml_path tmp/160/yaml.yaml --weights_path /data/lliu/huffman/models/meta-llama/Llama-2-7b-hf/original_weights --device cuda:2 > /data/lliu/huffman/models/meta-llama/Llama-2-7b-hf/compressed/160/meta-llama/Llama-2-7b-hf/layer_8/mlp.down_proj/compressed.log 2>&1 &
meta-llama/Llama-2-7b-hf/layer_8/self_attn.q_proj is done
reading log /data/lliu/huffman/models/meta-llama/Llama-2-7b-hf/compressed/160/meta-llama/Llama-2-7b-hf/layer_8/self_attn.q_proj/compressed.log
best_loss 236.71316528320312 running bpv: 2.01306
  7%|▋         | 15/224 [02:26<27:21,  7.85s/it]COMMANDS_FINISHED 15 n_commands 224
running: nohup python -u scripts/1layer_compress/quantize_compress.py --hessian_path /data/lliu/huffman/models/meta-llama/Llama-2-7b-hf/hessians_new/seed_0/pajama/128/layer_8/self_attn.v_proj.pt --save_path /data/lliu/huffman/models/meta-llama/Llama-2-7b-hf/compressed/160/meta-llama/Llama-2-7b-hf/layer_8/self_attn.v_proj/compressed.pt --yaml_path tmp/160/yaml.yaml --weights_path /data/lliu/huffman/models/meta-llama/Llama-2-7b-hf/original_weights --device cuda:4 > /data/lliu/huffman/models/meta-llama/Llama-2-7b-hf/compressed/160/meta-llama/Llama-2-7b-hf/layer_8/self_attn.v_proj/compressed.log 2>&1 &
meta-llama/Llama-2-7b-hf/layer_8/self_attn.k_proj is done
reading log /data/lliu/huffman/models/meta-llama/Llama-2-7b-hf/compressed/160/meta-llama/Llama-2-7b-hf/layer_8/self_attn.k_proj/compressed.log
best_loss 248.15235900878906 running bpv: 2.013195
  7%|▋         | 16/224 [02:32<25:32,  7.37s/it]COMMANDS_FINISHED 16 n_commands 224
running: nohup python -u scripts/1layer_compress/quantize_compress.py --hessian_path /data/lliu/huffman/models/meta-llama/Llama-2-7b-hf/hessians_new/seed_0/pajama/128/layer_12/mlp.gate_proj.pt --save_path /data/lliu/huffman/models/meta-llama/Llama-2-7b-hf/compressed/160/meta-llama/Llama-2-7b-hf/layer_12/mlp.gate_proj/compressed.pt --yaml_path tmp/160/yaml.yaml --weights_path /data/lliu/huffman/models/meta-llama/Llama-2-7b-hf/original_weights --device cuda:7 > /data/lliu/huffman/models/meta-llama/Llama-2-7b-hf/compressed/160/meta-llama/Llama-2-7b-hf/layer_12/mlp.gate_proj/compressed.log 2>&1 &
meta-llama/Llama-2-7b-hf/layer_8/self_attn.o_proj is done
reading log /data/lliu/huffman/models/meta-llama/Llama-2-7b-hf/compressed/160/meta-llama/Llama-2-7b-hf/layer_8/self_attn.o_proj/compressed.log
best_loss 3.8167810440063477 running bpv: 2.013321
  8%|▊         | 17/224 [02:38<24:08,  7.00s/it]COMMANDS_FINISHED 17 n_commands 224
running: nohup python -u scripts/1layer_compress/quantize_compress.py --hessian_path /data/lliu/huffman/models/meta-llama/Llama-2-7b-hf/hessians_new/seed_0/pajama/128/layer_12/mlp.up_proj.pt --save_path /data/lliu/huffman/models/meta-llama/Llama-2-7b-hf/compressed/160/meta-llama/Llama-2-7b-hf/layer_12/mlp.up_proj/compressed.pt --yaml_path tmp/160/yaml.yaml --weights_path /data/lliu/huffman/models/meta-llama/Llama-2-7b-hf/original_weights --device cuda:3 > /data/lliu/huffman/models/meta-llama/Llama-2-7b-hf/compressed/160/meta-llama/Llama-2-7b-hf/layer_12/mlp.up_proj/compressed.log 2>&1 &
meta-llama/Llama-2-7b-hf/layer_8/mlp.gate_proj is done
reading log /data/lliu/huffman/models/meta-llama/Llama-2-7b-hf/compressed/160/meta-llama/Llama-2-7b-hf/layer_8/mlp.gate_proj/compressed.log
best_loss 143.33673095703125 running bpv: 2.013119
  8%|▊         | 18/224 [02:47<25:57,  7.56s/it]COMMANDS_FINISHED 18 n_commands 224
running: nohup python -u scripts/1layer_compress/quantize_compress.py --hessian_path /data/lliu/huffman/models/meta-llama/Llama-2-7b-hf/hessians_new/seed_0/pajama/128/layer_12/self_attn.q_proj.pt --save_path /data/lliu/huffman/models/meta-llama/Llama-2-7b-hf/compressed/160/meta-llama/Llama-2-7b-hf/layer_12/self_attn.q_proj/compressed.pt --yaml_path tmp/160/yaml.yaml --weights_path /data/lliu/huffman/models/meta-llama/Llama-2-7b-hf/original_weights --device cuda:5 > /data/lliu/huffman/models/meta-llama/Llama-2-7b-hf/compressed/160/meta-llama/Llama-2-7b-hf/layer_12/self_attn.q_proj/compressed.log 2>&1 &
meta-llama/Llama-2-7b-hf/layer_8/mlp.up_proj is done
reading log /data/lliu/huffman/models/meta-llama/Llama-2-7b-hf/compressed/160/meta-llama/Llama-2-7b-hf/layer_8/mlp.up_proj/compressed.log
best_loss 115.5838394165039 running bpv: 2.012951
  8%|▊         | 19/224 [02:53<24:18,  7.12s/it]COMMANDS_FINISHED 19 n_commands 224
running: nohup python -u scripts/1layer_compress/quantize_compress.py --hessian_path /data/lliu/huffman/models/meta-llama/Llama-2-7b-hf/hessians_new/seed_0/pajama/128/layer_12/self_attn.k_proj.pt --save_path /data/lliu/huffman/models/meta-llama/Llama-2-7b-hf/compressed/160/meta-llama/Llama-2-7b-hf/layer_12/self_attn.k_proj/compressed.pt --yaml_path tmp/160/yaml.yaml --weights_path /data/lliu/huffman/models/meta-llama/Llama-2-7b-hf/original_weights --device cuda:6 > /data/lliu/huffman/models/meta-llama/Llama-2-7b-hf/compressed/160/meta-llama/Llama-2-7b-hf/layer_12/self_attn.k_proj/compressed.log 2>&1 &
meta-llama/Llama-2-7b-hf/layer_8/self_attn.v_proj is done
reading log /data/lliu/huffman/models/meta-llama/Llama-2-7b-hf/compressed/160/meta-llama/Llama-2-7b-hf/layer_8/self_attn.v_proj/compressed.log
best_loss 65.70894622802734 running bpv: 2.01306
  9%|▉         | 20/224 [02:59<23:05,  6.79s/it]COMMANDS_FINISHED 20 n_commands 224
running: nohup python -u scripts/1layer_compress/quantize_compress.py --hessian_path /data/lliu/huffman/models/meta-llama/Llama-2-7b-hf/hessians_new/seed_0/pajama/128/layer_12/self_attn.o_proj.pt --save_path /data/lliu/huffman/models/meta-llama/Llama-2-7b-hf/compressed/160/meta-llama/Llama-2-7b-hf/layer_12/self_attn.o_proj/compressed.pt --yaml_path tmp/160/yaml.yaml --weights_path /data/lliu/huffman/models/meta-llama/Llama-2-7b-hf/original_weights --device cuda:4 > /data/lliu/huffman/models/meta-llama/Llama-2-7b-hf/compressed/160/meta-llama/Llama-2-7b-hf/layer_12/self_attn.o_proj/compressed.log 2>&1 &
meta-llama/Llama-2-7b-hf/layer_8/mlp.down_proj is done
reading log /data/lliu/huffman/models/meta-llama/Llama-2-7b-hf/compressed/160/meta-llama/Llama-2-7b-hf/layer_8/mlp.down_proj/compressed.log
best_loss 6.139859199523926 running bpv: 2.012913
  9%|▉         | 21/224 [03:13<30:08,  8.91s/it]COMMANDS_FINISHED 21 n_commands 224
running: nohup python -u scripts/1layer_compress/quantize_compress.py --hessian_path /data/lliu/huffman/models/meta-llama/Llama-2-7b-hf/hessians_new/seed_0/pajama/128/layer_12/mlp.down_proj.pt --save_path /data/lliu/huffman/models/meta-llama/Llama-2-7b-hf/compressed/160/meta-llama/Llama-2-7b-hf/layer_12/mlp.down_proj/compressed.pt --yaml_path tmp/160/yaml.yaml --weights_path /data/lliu/huffman/models/meta-llama/Llama-2-7b-hf/original_weights --device cuda:2 > /data/lliu/huffman/models/meta-llama/Llama-2-7b-hf/compressed/160/meta-llama/Llama-2-7b-hf/layer_12/mlp.down_proj/compressed.log 2>&1 &
meta-llama/Llama-2-7b-hf/layer_12/self_attn.q_proj is done
reading log /data/lliu/huffman/models/meta-llama/Llama-2-7b-hf/compressed/160/meta-llama/Llama-2-7b-hf/layer_12/self_attn.q_proj/compressed.log
best_loss 286.1764831542969 running bpv: 2.013012
 10%|▉         | 22/224 [03:19<27:06,  8.05s/it]COMMANDS_FINISHED 22 n_commands 224
running: nohup python -u scripts/1layer_compress/quantize_compress.py --hessian_path /data/lliu/huffman/models/meta-llama/Llama-2-7b-hf/hessians_new/seed_0/pajama/128/layer_12/self_attn.v_proj.pt --save_path /data/lliu/huffman/models/meta-llama/Llama-2-7b-hf/compressed/160/meta-llama/Llama-2-7b-hf/layer_12/self_attn.v_proj/compressed.pt --yaml_path tmp/160/yaml.yaml --weights_path /data/lliu/huffman/models/meta-llama/Llama-2-7b-hf/original_weights --device cuda:5 > /data/lliu/huffman/models/meta-llama/Llama-2-7b-hf/compressed/160/meta-llama/Llama-2-7b-hf/layer_12/self_attn.v_proj/compressed.log 2>&1 &
meta-llama/Llama-2-7b-hf/layer_12/self_attn.k_proj is done
reading log /data/lliu/huffman/models/meta-llama/Llama-2-7b-hf/compressed/160/meta-llama/Llama-2-7b-hf/layer_12/self_attn.k_proj/compressed.log
best_loss 322.6925964355469 running bpv: 2.013106
 10%|█         | 23/224 [03:25<24:56,  7.44s/it]COMMANDS_FINISHED 23 n_commands 224
running: nohup python -u scripts/1layer_compress/quantize_compress.py --hessian_path /data/lliu/huffman/models/meta-llama/Llama-2-7b-hf/hessians_new/seed_0/pajama/128/layer_1/mlp.gate_proj.pt --save_path /data/lliu/huffman/models/meta-llama/Llama-2-7b-hf/compressed/160/meta-llama/Llama-2-7b-hf/layer_1/mlp.gate_proj/compressed.pt --yaml_path tmp/160/yaml.yaml --weights_path /data/lliu/huffman/models/meta-llama/Llama-2-7b-hf/original_weights --device cuda:6 > /data/lliu/huffman/models/meta-llama/Llama-2-7b-hf/compressed/160/meta-llama/Llama-2-7b-hf/layer_1/mlp.gate_proj/compressed.log 2>&1 &
meta-llama/Llama-2-7b-hf/layer_12/self_attn.o_proj is done
reading log /data/lliu/huffman/models/meta-llama/Llama-2-7b-hf/compressed/160/meta-llama/Llama-2-7b-hf/layer_12/self_attn.o_proj/compressed.log
best_loss 7.7245941162109375 running bpv: 2.013195
 11%|█         | 24/224 [03:31<23:23,  7.02s/it]COMMANDS_FINISHED 24 n_commands 224
running: nohup python -u scripts/1layer_compress/quantize_compress.py --hessian_path /data/lliu/huffman/models/meta-llama/Llama-2-7b-hf/hessians_new/seed_0/pajama/128/layer_1/mlp.up_proj.pt --save_path /data/lliu/huffman/models/meta-llama/Llama-2-7b-hf/compressed/160/meta-llama/Llama-2-7b-hf/layer_1/mlp.up_proj/compressed.pt --yaml_path tmp/160/yaml.yaml --weights_path /data/lliu/huffman/models/meta-llama/Llama-2-7b-hf/original_weights --device cuda:4 > /data/lliu/huffman/models/meta-llama/Llama-2-7b-hf/compressed/160/meta-llama/Llama-2-7b-hf/layer_1/mlp.up_proj/compressed.log 2>&1 &
meta-llama/Llama-2-7b-hf/layer_12/mlp.gate_proj is done
reading log /data/lliu/huffman/models/meta-llama/Llama-2-7b-hf/compressed/160/meta-llama/Llama-2-7b-hf/layer_12/mlp.gate_proj/compressed.log
best_loss 177.5553741455078 running bpv: 2.01306
 11%|█         | 25/224 [03:37<22:16,  6.71s/it]COMMANDS_FINISHED 25 n_commands 224
running: nohup python -u scripts/1layer_compress/quantize_compress.py --hessian_path /data/lliu/huffman/models/meta-llama/Llama-2-7b-hf/hessians_new/seed_0/pajama/128/layer_1/self_attn.q_proj.pt --save_path /data/lliu/huffman/models/meta-llama/Llama-2-7b-hf/compressed/160/meta-llama/Llama-2-7b-hf/layer_1/self_attn.q_proj/compressed.pt --yaml_path tmp/160/yaml.yaml --weights_path /data/lliu/huffman/models/meta-llama/Llama-2-7b-hf/original_weights --device cuda:7 > /data/lliu/huffman/models/meta-llama/Llama-2-7b-hf/compressed/160/meta-llama/Llama-2-7b-hf/layer_1/self_attn.q_proj/compressed.log 2>&1 &
meta-llama/Llama-2-7b-hf/layer_12/mlp.up_proj is done
reading log /data/lliu/huffman/models/meta-llama/Llama-2-7b-hf/compressed/160/meta-llama/Llama-2-7b-hf/layer_12/mlp.up_proj/compressed.log
best_loss 160.59376525878906 running bpv: 2.01294
 12%|█▏        | 26/224 [03:50<28:21,  8.60s/it]COMMANDS_FINISHED 26 n_commands 224
running: nohup python -u scripts/1layer_compress/quantize_compress.py --hessian_path /data/lliu/huffman/models/meta-llama/Llama-2-7b-hf/hessians_new/seed_0/pajama/128/layer_1/self_attn.k_proj.pt --save_path /data/lliu/huffman/models/meta-llama/Llama-2-7b-hf/compressed/160/meta-llama/Llama-2-7b-hf/layer_1/self_attn.k_proj/compressed.pt --yaml_path tmp/160/yaml.yaml --weights_path /data/lliu/huffman/models/meta-llama/Llama-2-7b-hf/original_weights --device cuda:3 > /data/lliu/huffman/models/meta-llama/Llama-2-7b-hf/compressed/160/meta-llama/Llama-2-7b-hf/layer_1/self_attn.k_proj/compressed.log 2>&1 &
meta-llama/Llama-2-7b-hf/layer_12/self_attn.v_proj is done
reading log /data/lliu/huffman/models/meta-llama/Llama-2-7b-hf/compressed/160/meta-llama/Llama-2-7b-hf/layer_12/self_attn.v_proj/compressed.log
best_loss 93.82291412353516 running bpv: 2.013021
 12%|█▏        | 27/224 [03:56<25:40,  7.82s/it]COMMANDS_FINISHED 27 n_commands 224
running: nohup python -u scripts/1layer_compress/quantize_compress.py --hessian_path /data/lliu/huffman/models/meta-llama/Llama-2-7b-hf/hessians_new/seed_0/pajama/128/layer_1/self_attn.o_proj.pt --save_path /data/lliu/huffman/models/meta-llama/Llama-2-7b-hf/compressed/160/meta-llama/Llama-2-7b-hf/layer_1/self_attn.o_proj/compressed.pt --yaml_path tmp/160/yaml.yaml --weights_path /data/lliu/huffman/models/meta-llama/Llama-2-7b-hf/original_weights --device cuda:5 > /data/lliu/huffman/models/meta-llama/Llama-2-7b-hf/compressed/160/meta-llama/Llama-2-7b-hf/layer_1/self_attn.o_proj/compressed.log 2>&1 &
meta-llama/Llama-2-7b-hf/layer_1/self_attn.q_proj is done
reading log /data/lliu/huffman/models/meta-llama/Llama-2-7b-hf/compressed/160/meta-llama/Llama-2-7b-hf/layer_1/self_attn.q_proj/compressed.log
best_loss 16.885887145996094 running bpv: 2.013098
 12%|█▎        | 28/224 [04:06<27:41,  8.48s/it]COMMANDS_FINISHED 28 n_commands 224
running: nohup python -u scripts/1layer_compress/quantize_compress.py --hessian_path /data/lliu/huffman/models/meta-llama/Llama-2-7b-hf/hessians_new/seed_0/pajama/128/layer_1/mlp.down_proj.pt --save_path /data/lliu/huffman/models/meta-llama/Llama-2-7b-hf/compressed/160/meta-llama/Llama-2-7b-hf/layer_1/mlp.down_proj/compressed.pt --yaml_path tmp/160/yaml.yaml --weights_path /data/lliu/huffman/models/meta-llama/Llama-2-7b-hf/original_weights --device cuda:7 > /data/lliu/huffman/models/meta-llama/Llama-2-7b-hf/compressed/160/meta-llama/Llama-2-7b-hf/layer_1/mlp.down_proj/compressed.log 2>&1 &
meta-llama/Llama-2-7b-hf/layer_12/mlp.down_proj is done
reading log /data/lliu/huffman/models/meta-llama/Llama-2-7b-hf/compressed/160/meta-llama/Llama-2-7b-hf/layer_12/mlp.down_proj/compressed.log
best_loss 10.853408813476562 running bpv: 2.012988
 13%|█▎        | 29/224 [04:12<25:08,  7.74s/it]COMMANDS_FINISHED 29 n_commands 224
running: nohup python -u scripts/1layer_compress/quantize_compress.py --hessian_path /data/lliu/huffman/models/meta-llama/Llama-2-7b-hf/hessians_new/seed_0/pajama/128/layer_1/self_attn.v_proj.pt --save_path /data/lliu/huffman/models/meta-llama/Llama-2-7b-hf/compressed/160/meta-llama/Llama-2-7b-hf/layer_1/self_attn.v_proj/compressed.pt --yaml_path tmp/160/yaml.yaml --weights_path /data/lliu/huffman/models/meta-llama/Llama-2-7b-hf/original_weights --device cuda:2 > /data/lliu/huffman/models/meta-llama/Llama-2-7b-hf/compressed/160/meta-llama/Llama-2-7b-hf/layer_1/self_attn.v_proj/compressed.log 2>&1 &
meta-llama/Llama-2-7b-hf/layer_1/self_attn.k_proj is done
reading log /data/lliu/huffman/models/meta-llama/Llama-2-7b-hf/compressed/160/meta-llama/Llama-2-7b-hf/layer_1/self_attn.k_proj/compressed.log
best_loss 17.84531021118164 running bpv: 2.01306
 13%|█▎        | 30/224 [04:20<25:16,  7.82s/it]COMMANDS_FINISHED 30 n_commands 224
running: nohup python -u scripts/1layer_compress/quantize_compress.py --hessian_path /data/lliu/huffman/models/meta-llama/Llama-2-7b-hf/hessians_new/seed_0/pajama/128/layer_7/mlp.gate_proj.pt --save_path /data/lliu/huffman/models/meta-llama/Llama-2-7b-hf/compressed/160/meta-llama/Llama-2-7b-hf/layer_7/mlp.gate_proj/compressed.pt --yaml_path tmp/160/yaml.yaml --weights_path /data/lliu/huffman/models/meta-llama/Llama-2-7b-hf/original_weights --device cuda:3 > /data/lliu/huffman/models/meta-llama/Llama-2-7b-hf/compressed/160/meta-llama/Llama-2-7b-hf/layer_7/mlp.gate_proj/compressed.log 2>&1 &
meta-llama/Llama-2-7b-hf/layer_1/self_attn.o_proj is done
reading log /data/lliu/huffman/models/meta-llama/Llama-2-7b-hf/compressed/160/meta-llama/Llama-2-7b-hf/layer_1/self_attn.o_proj/compressed.log
best_loss 0.09057710319757462 running bpv: 2.013129
 14%|█▍        | 31/224 [04:26<23:23,  7.27s/it]COMMANDS_FINISHED 31 n_commands 224
running: nohup python -u scripts/1layer_compress/quantize_compress.py --hessian_path /data/lliu/huffman/models/meta-llama/Llama-2-7b-hf/hessians_new/seed_0/pajama/128/layer_7/mlp.up_proj.pt --save_path /data/lliu/huffman/models/meta-llama/Llama-2-7b-hf/compressed/160/meta-llama/Llama-2-7b-hf/layer_7/mlp.up_proj/compressed.pt --yaml_path tmp/160/yaml.yaml --weights_path /data/lliu/huffman/models/meta-llama/Llama-2-7b-hf/original_weights --device cuda:5 > /data/lliu/huffman/models/meta-llama/Llama-2-7b-hf/compressed/160/meta-llama/Llama-2-7b-hf/layer_7/mlp.up_proj/compressed.log 2>&1 &
meta-llama/Llama-2-7b-hf/layer_1/mlp.gate_proj is done
reading log /data/lliu/huffman/models/meta-llama/Llama-2-7b-hf/compressed/160/meta-llama/Llama-2-7b-hf/layer_1/mlp.gate_proj/compressed.log
best_loss 15.159276962280273 running bpv: 2.013027
 14%|█▍        | 32/224 [04:32<22:03,  6.89s/it]COMMANDS_FINISHED 32 n_commands 224
running: nohup python -u scripts/1layer_compress/quantize_compress.py --hessian_path /data/lliu/huffman/models/meta-llama/Llama-2-7b-hf/hessians_new/seed_0/pajama/128/layer_7/self_attn.q_proj.pt --save_path /data/lliu/huffman/models/meta-llama/Llama-2-7b-hf/compressed/160/meta-llama/Llama-2-7b-hf/layer_7/self_attn.q_proj/compressed.pt --yaml_path tmp/160/yaml.yaml --weights_path /data/lliu/huffman/models/meta-llama/Llama-2-7b-hf/original_weights --device cuda:6 > /data/lliu/huffman/models/meta-llama/Llama-2-7b-hf/compressed/160/meta-llama/Llama-2-7b-hf/layer_7/self_attn.q_proj/compressed.log 2>&1 &
meta-llama/Llama-2-7b-hf/layer_1/mlp.up_proj is done
reading log /data/lliu/huffman/models/meta-llama/Llama-2-7b-hf/compressed/160/meta-llama/Llama-2-7b-hf/layer_1/mlp.up_proj/compressed.log
best_loss 12.568978309631348 running bpv: 2.012935
 15%|█▍        | 33/224 [04:38<21:05,  6.63s/it]COMMANDS_FINISHED 33 n_commands 224
running: nohup python -u scripts/1layer_compress/quantize_compress.py --hessian_path /data/lliu/huffman/models/meta-llama/Llama-2-7b-hf/hessians_new/seed_0/pajama/128/layer_7/self_attn.k_proj.pt --save_path /data/lliu/huffman/models/meta-llama/Llama-2-7b-hf/compressed/160/meta-llama/Llama-2-7b-hf/layer_7/self_attn.k_proj/compressed.pt --yaml_path tmp/160/yaml.yaml --weights_path /data/lliu/huffman/models/meta-llama/Llama-2-7b-hf/original_weights --device cuda:4 > /data/lliu/huffman/models/meta-llama/Llama-2-7b-hf/compressed/160/meta-llama/Llama-2-7b-hf/layer_7/self_attn.k_proj/compressed.log 2>&1 &
meta-llama/Llama-2-7b-hf/layer_1/self_attn.v_proj is done
reading log /data/lliu/huffman/models/meta-llama/Llama-2-7b-hf/compressed/160/meta-llama/Llama-2-7b-hf/layer_1/self_attn.v_proj/compressed.log
best_loss 0.9027119874954224 running bpv: 2.012998
 15%|█▌        | 34/224 [04:44<20:23,  6.44s/it]COMMANDS_FINISHED 34 n_commands 224
running: nohup python -u scripts/1layer_compress/quantize_compress.py --hessian_path /data/lliu/huffman/models/meta-llama/Llama-2-7b-hf/hessians_new/seed_0/pajama/128/layer_7/self_attn.o_proj.pt --save_path /data/lliu/huffman/models/meta-llama/Llama-2-7b-hf/compressed/160/meta-llama/Llama-2-7b-hf/layer_7/self_attn.o_proj/compressed.pt --yaml_path tmp/160/yaml.yaml --weights_path /data/lliu/huffman/models/meta-llama/Llama-2-7b-hf/original_weights --device cuda:2 > /data/lliu/huffman/models/meta-llama/Llama-2-7b-hf/compressed/160/meta-llama/Llama-2-7b-hf/layer_7/self_attn.o_proj/compressed.log 2>&1 &
meta-llama/Llama-2-7b-hf/layer_1/mlp.down_proj is done
reading log /data/lliu/huffman/models/meta-llama/Llama-2-7b-hf/compressed/160/meta-llama/Llama-2-7b-hf/layer_1/mlp.down_proj/compressed.log
best_loss 0.25016850233078003 running bpv: 2.012913
 16%|█▌        | 35/224 [05:01<30:16,  9.61s/it]COMMANDS_FINISHED 35 n_commands 224
meta-llama/Llama-2-7b-hf/layer_7/self_attn.q_proj is done
reading log /data/lliu/huffman/models/meta-llama/Llama-2-7b-hf/compressed/160/meta-llama/Llama-2-7b-hf/layer_7/self_attn.q_proj/compressed.log
best_loss 243.95794677734375 running bpv: 2.012973
COMMANDS_FINISHED 36 n_commands 224
running: nohup python -u scripts/1layer_compress/quantize_compress.py --hessian_path /data/lliu/huffman/models/meta-llama/Llama-2-7b-hf/hessians_new/seed_0/pajama/128/layer_7/mlp.down_proj.pt --save_path /data/lliu/huffman/models/meta-llama/Llama-2-7b-hf/compressed/160/meta-llama/Llama-2-7b-hf/layer_7/mlp.down_proj/compressed.pt --yaml_path tmp/160/yaml.yaml --weights_path /data/lliu/huffman/models/meta-llama/Llama-2-7b-hf/original_weights --device cuda:7 > /data/lliu/huffman/models/meta-llama/Llama-2-7b-hf/compressed/160/meta-llama/Llama-2-7b-hf/layer_7/mlp.down_proj/compressed.log 2>&1 &
running: nohup python -u scripts/1layer_compress/quantize_compress.py --hessian_path /data/lliu/huffman/models/meta-llama/Llama-2-7b-hf/hessians_new/seed_0/pajama/128/layer_7/self_attn.v_proj.pt --save_path /data/lliu/huffman/models/meta-llama/Llama-2-7b-hf/compressed/160/meta-llama/Llama-2-7b-hf/layer_7/self_attn.v_proj/compressed.pt --yaml_path tmp/160/yaml.yaml --weights_path /data/lliu/huffman/models/meta-llama/Llama-2-7b-hf/original_weights --device cuda:6 > /data/lliu/huffman/models/meta-llama/Llama-2-7b-hf/compressed/160/meta-llama/Llama-2-7b-hf/layer_7/self_attn.v_proj/compressed.log 2>&1 &
meta-llama/Llama-2-7b-hf/layer_7/self_attn.k_proj is done
reading log /data/lliu/huffman/models/meta-llama/Llama-2-7b-hf/compressed/160/meta-llama/Llama-2-7b-hf/layer_7/self_attn.k_proj/compressed.log
best_loss 255.97952270507812 running bpv: 2.013031
 17%|█▋        | 37/224 [05:12<24:02,  7.72s/it]COMMANDS_FINISHED 37 n_commands 224
running: nohup python -u scripts/1layer_compress/quantize_compress.py --hessian_path /data/lliu/huffman/models/meta-llama/Llama-2-7b-hf/hessians_new/seed_0/pajama/128/layer_0/mlp.gate_proj.pt --save_path /data/lliu/huffman/models/meta-llama/Llama-2-7b-hf/compressed/160/meta-llama/Llama-2-7b-hf/layer_0/mlp.gate_proj/compressed.pt --yaml_path tmp/160/yaml.yaml --weights_path /data/lliu/huffman/models/meta-llama/Llama-2-7b-hf/original_weights --device cuda:4 > /data/lliu/huffman/models/meta-llama/Llama-2-7b-hf/compressed/160/meta-llama/Llama-2-7b-hf/layer_0/mlp.gate_proj/compressed.log 2>&1 &
meta-llama/Llama-2-7b-hf/layer_7/self_attn.o_proj is done
reading log /data/lliu/huffman/models/meta-llama/Llama-2-7b-hf/compressed/160/meta-llama/Llama-2-7b-hf/layer_7/self_attn.o_proj/compressed.log
best_loss 2.270897150039673 running bpv: 2.013088
 17%|█▋        | 38/224 [05:18<22:36,  7.29s/it]COMMANDS_FINISHED 38 n_commands 224
running: nohup python -u scripts/1layer_compress/quantize_compress.py --hessian_path /data/lliu/huffman/models/meta-llama/Llama-2-7b-hf/hessians_new/seed_0/pajama/128/layer_0/mlp.up_proj.pt --save_path /data/lliu/huffman/models/meta-llama/Llama-2-7b-hf/compressed/160/meta-llama/Llama-2-7b-hf/layer_0/mlp.up_proj/compressed.pt --yaml_path tmp/160/yaml.yaml --weights_path /data/lliu/huffman/models/meta-llama/Llama-2-7b-hf/original_weights --device cuda:2 > /data/lliu/huffman/models/meta-llama/Llama-2-7b-hf/compressed/160/meta-llama/Llama-2-7b-hf/layer_0/mlp.up_proj/compressed.log 2>&1 &
meta-llama/Llama-2-7b-hf/layer_7/mlp.gate_proj is done
reading log /data/lliu/huffman/models/meta-llama/Llama-2-7b-hf/compressed/160/meta-llama/Llama-2-7b-hf/layer_7/mlp.gate_proj/compressed.log
best_loss 138.34384155273438 running bpv: 2.013006
 17%|█▋        | 39/224 [05:31<27:05,  8.79s/it]COMMANDS_FINISHED 39 n_commands 224
running: nohup python -u scripts/1layer_compress/quantize_compress.py --hessian_path /data/lliu/huffman/models/meta-llama/Llama-2-7b-hf/hessians_new/seed_0/pajama/128/layer_0/self_attn.q_proj.pt --save_path /data/lliu/huffman/models/meta-llama/Llama-2-7b-hf/compressed/160/meta-llama/Llama-2-7b-hf/layer_0/self_attn.q_proj/compressed.pt --yaml_path tmp/160/yaml.yaml --weights_path /data/lliu/huffman/models/meta-llama/Llama-2-7b-hf/original_weights --device cuda:3 > /data/lliu/huffman/models/meta-llama/Llama-2-7b-hf/compressed/160/meta-llama/Llama-2-7b-hf/layer_0/self_attn.q_proj/compressed.log 2>&1 &
meta-llama/Llama-2-7b-hf/layer_7/self_attn.v_proj is done
reading log /data/lliu/huffman/models/meta-llama/Llama-2-7b-hf/compressed/160/meta-llama/Llama-2-7b-hf/layer_7/self_attn.v_proj/compressed.log
best_loss 64.08727264404297 running bpv: 2.01306
 18%|█▊        | 40/224 [05:37<24:37,  8.03s/it]COMMANDS_FINISHED 40 n_commands 224
meta-llama/Llama-2-7b-hf/layer_7/mlp.up_proj is done
reading log /data/lliu/huffman/models/meta-llama/Llama-2-7b-hf/compressed/160/meta-llama/Llama-2-7b-hf/layer_7/mlp.up_proj/compressed.log
best_loss 105.19755554199219 running bpv: 2.012983
COMMANDS_FINISHED 41 n_commands 224
running: nohup python -u scripts/1layer_compress/quantize_compress.py --hessian_path /data/lliu/huffman/models/meta-llama/Llama-2-7b-hf/hessians_new/seed_0/pajama/128/layer_0/self_attn.k_proj.pt --save_path /data/lliu/huffman/models/meta-llama/Llama-2-7b-hf/compressed/160/meta-llama/Llama-2-7b-hf/layer_0/self_attn.k_proj/compressed.pt --yaml_path tmp/160/yaml.yaml --weights_path /data/lliu/huffman/models/meta-llama/Llama-2-7b-hf/original_weights --device cuda:6 > /data/lliu/huffman/models/meta-llama/Llama-2-7b-hf/compressed/160/meta-llama/Llama-2-7b-hf/layer_0/self_attn.k_proj/compressed.log 2>&1 &
running: nohup python -u scripts/1layer_compress/quantize_compress.py --hessian_path /data/lliu/huffman/models/meta-llama/Llama-2-7b-hf/hessians_new/seed_0/pajama/128/layer_0/self_attn.o_proj.pt --save_path /data/lliu/huffman/models/meta-llama/Llama-2-7b-hf/compressed/160/meta-llama/Llama-2-7b-hf/layer_0/self_attn.o_proj/compressed.pt --yaml_path tmp/160/yaml.yaml --weights_path /data/lliu/huffman/models/meta-llama/Llama-2-7b-hf/original_weights --device cuda:5 > /data/lliu/huffman/models/meta-llama/Llama-2-7b-hf/compressed/160/meta-llama/Llama-2-7b-hf/layer_0/self_attn.o_proj/compressed.log 2>&1 &
meta-llama/Llama-2-7b-hf/layer_7/mlp.down_proj is done
reading log /data/lliu/huffman/models/meta-llama/Llama-2-7b-hf/compressed/160/meta-llama/Llama-2-7b-hf/layer_7/mlp.down_proj/compressed.log
best_loss 4.935108184814453 running bpv: 2.012913
 19%|█▉        | 42/224 [05:56<26:19,  8.68s/it]COMMANDS_FINISHED 42 n_commands 224
running: nohup python -u scripts/1layer_compress/quantize_compress.py --hessian_path /data/lliu/huffman/models/meta-llama/Llama-2-7b-hf/hessians_new/seed_0/pajama/128/layer_0/mlp.down_proj.pt --save_path /data/lliu/huffman/models/meta-llama/Llama-2-7b-hf/compressed/160/meta-llama/Llama-2-7b-hf/layer_0/mlp.down_proj/compressed.pt --yaml_path tmp/160/yaml.yaml --weights_path /data/lliu/huffman/models/meta-llama/Llama-2-7b-hf/original_weights --device cuda:7 > /data/lliu/huffman/models/meta-llama/Llama-2-7b-hf/compressed/160/meta-llama/Llama-2-7b-hf/layer_0/mlp.down_proj/compressed.log 2>&1 &
meta-llama/Llama-2-7b-hf/layer_0/self_attn.q_proj is done
reading log /data/lliu/huffman/models/meta-llama/Llama-2-7b-hf/compressed/160/meta-llama/Llama-2-7b-hf/layer_0/self_attn.q_proj/compressed.log
best_loss 1.5526022911071777 running bpv: 2.012963
 19%|█▉        | 43/224 [06:02<24:15,  8.04s/it]COMMANDS_FINISHED 43 n_commands 224
running: nohup python -u scripts/1layer_compress/quantize_compress.py --hessian_path /data/lliu/huffman/models/meta-llama/Llama-2-7b-hf/hessians_new/seed_0/pajama/128/layer_0/self_attn.v_proj.pt --save_path /data/lliu/huffman/models/meta-llama/Llama-2-7b-hf/compressed/160/meta-llama/Llama-2-7b-hf/layer_0/self_attn.v_proj/compressed.pt --yaml_path tmp/160/yaml.yaml --weights_path /data/lliu/huffman/models/meta-llama/Llama-2-7b-hf/original_weights --device cuda:3 > /data/lliu/huffman/models/meta-llama/Llama-2-7b-hf/compressed/160/meta-llama/Llama-2-7b-hf/layer_0/self_attn.v_proj/compressed.log 2>&1 &
meta-llama/Llama-2-7b-hf/layer_0/self_attn.k_proj is done
reading log /data/lliu/huffman/models/meta-llama/Llama-2-7b-hf/compressed/160/meta-llama/Llama-2-7b-hf/layer_0/self_attn.k_proj/compressed.log
best_loss 1.1004018783569336 running bpv: 2.013012
 20%|█▉        | 44/224 [06:08<22:34,  7.52s/it]COMMANDS_FINISHED 44 n_commands 224
running: nohup python -u scripts/1layer_compress/quantize_compress.py --hessian_path /data/lliu/huffman/models/meta-llama/Llama-2-7b-hf/hessians_new/seed_0/pajama/128/layer_31/mlp.gate_proj.pt --save_path /data/lliu/huffman/models/meta-llama/Llama-2-7b-hf/compressed/160/meta-llama/Llama-2-7b-hf/layer_31/mlp.gate_proj/compressed.pt --yaml_path tmp/160/yaml.yaml --weights_path /data/lliu/huffman/models/meta-llama/Llama-2-7b-hf/original_weights --device cuda:6 > /data/lliu/huffman/models/meta-llama/Llama-2-7b-hf/compressed/160/meta-llama/Llama-2-7b-hf/layer_31/mlp.gate_proj/compressed.log 2>&1 &
meta-llama/Llama-2-7b-hf/layer_0/self_attn.o_proj is done
reading log /data/lliu/huffman/models/meta-llama/Llama-2-7b-hf/compressed/160/meta-llama/Llama-2-7b-hf/layer_0/self_attn.o_proj/compressed.log
best_loss 0.010154896415770054 running bpv: 2.01306
 20%|██        | 45/224 [06:14<21:14,  7.12s/it]COMMANDS_FINISHED 45 n_commands 224
running: nohup python -u scripts/1layer_compress/quantize_compress.py --hessian_path /data/lliu/huffman/models/meta-llama/Llama-2-7b-hf/hessians_new/seed_0/pajama/128/layer_31/mlp.up_proj.pt --save_path /data/lliu/huffman/models/meta-llama/Llama-2-7b-hf/compressed/160/meta-llama/Llama-2-7b-hf/layer_31/mlp.up_proj/compressed.pt --yaml_path tmp/160/yaml.yaml --weights_path /data/lliu/huffman/models/meta-llama/Llama-2-7b-hf/original_weights --device cuda:5 > /data/lliu/huffman/models/meta-llama/Llama-2-7b-hf/compressed/160/meta-llama/Llama-2-7b-hf/layer_31/mlp.up_proj/compressed.log 2>&1 &
meta-llama/Llama-2-7b-hf/layer_0/mlp.up_proj is done
reading log /data/lliu/huffman/models/meta-llama/Llama-2-7b-hf/compressed/160/meta-llama/Llama-2-7b-hf/layer_0/mlp.up_proj/compressed.log
best_loss 3.4209766387939453 running bpv: 2.012992
 21%|██        | 46/224 [06:23<22:39,  7.64s/it]COMMANDS_FINISHED 46 n_commands 224
running: nohup python -u scripts/1layer_compress/quantize_compress.py --hessian_path /data/lliu/huffman/models/meta-llama/Llama-2-7b-hf/hessians_new/seed_0/pajama/128/layer_31/self_attn.q_proj.pt --save_path /data/lliu/huffman/models/meta-llama/Llama-2-7b-hf/compressed/160/meta-llama/Llama-2-7b-hf/layer_31/self_attn.q_proj/compressed.pt --yaml_path tmp/160/yaml.yaml --weights_path /data/lliu/huffman/models/meta-llama/Llama-2-7b-hf/original_weights --device cuda:2 > /data/lliu/huffman/models/meta-llama/Llama-2-7b-hf/compressed/160/meta-llama/Llama-2-7b-hf/layer_31/self_attn.q_proj/compressed.log 2>&1 &
meta-llama/Llama-2-7b-hf/layer_0/mlp.gate_proj is done
reading log /data/lliu/huffman/models/meta-llama/Llama-2-7b-hf/compressed/160/meta-llama/Llama-2-7b-hf/layer_0/mlp.gate_proj/compressed.log
best_loss 3.862666368484497 running bpv: 2.012928
 21%|██        | 47/224 [06:29<21:10,  7.18s/it]COMMANDS_FINISHED 47 n_commands 224
running: nohup python -u scripts/1layer_compress/quantize_compress.py --hessian_path /data/lliu/huffman/models/meta-llama/Llama-2-7b-hf/hessians_new/seed_0/pajama/128/layer_31/self_attn.k_proj.pt --save_path /data/lliu/huffman/models/meta-llama/Llama-2-7b-hf/compressed/160/meta-llama/Llama-2-7b-hf/layer_31/self_attn.k_proj/compressed.pt --yaml_path tmp/160/yaml.yaml --weights_path /data/lliu/huffman/models/meta-llama/Llama-2-7b-hf/original_weights --device cuda:4 > /data/lliu/huffman/models/meta-llama/Llama-2-7b-hf/compressed/160/meta-llama/Llama-2-7b-hf/layer_31/self_attn.k_proj/compressed.log 2>&1 &
meta-llama/Llama-2-7b-hf/layer_0/self_attn.v_proj is done
reading log /data/lliu/huffman/models/meta-llama/Llama-2-7b-hf/compressed/160/meta-llama/Llama-2-7b-hf/layer_0/self_attn.v_proj/compressed.log
best_loss 0.09467176347970963 running bpv: 2.012973
 21%|██▏       | 48/224 [06:35<20:04,  6.84s/it]COMMANDS_FINISHED 48 n_commands 224
running: nohup python -u scripts/1layer_compress/quantize_compress.py --hessian_path /data/lliu/huffman/models/meta-llama/Llama-2-7b-hf/hessians_new/seed_0/pajama/128/layer_31/self_attn.o_proj.pt --save_path /data/lliu/huffman/models/meta-llama/Llama-2-7b-hf/compressed/160/meta-llama/Llama-2-7b-hf/layer_31/self_attn.o_proj/compressed.pt --yaml_path tmp/160/yaml.yaml --weights_path /data/lliu/huffman/models/meta-llama/Llama-2-7b-hf/original_weights --device cuda:3 > /data/lliu/huffman/models/meta-llama/Llama-2-7b-hf/compressed/160/meta-llama/Llama-2-7b-hf/layer_31/self_attn.o_proj/compressed.log 2>&1 &
meta-llama/Llama-2-7b-hf/layer_0/mlp.down_proj is done
reading log /data/lliu/huffman/models/meta-llama/Llama-2-7b-hf/compressed/160/meta-llama/Llama-2-7b-hf/layer_0/mlp.down_proj/compressed.log
best_loss 0.03161076083779335 running bpv: 2.012913
 22%|██▏       | 49/224 [06:51<27:44,  9.51s/it]COMMANDS_FINISHED 49 n_commands 224
meta-llama/Llama-2-7b-hf/layer_31/self_attn.q_proj is done
reading log /data/lliu/huffman/models/meta-llama/Llama-2-7b-hf/compressed/160/meta-llama/Llama-2-7b-hf/layer_31/self_attn.q_proj/compressed.log
best_loss 358.52471923828125 running bpv: 2.012956
COMMANDS_FINISHED 50 n_commands 224
running: nohup python -u scripts/1layer_compress/quantize_compress.py --hessian_path /data/lliu/huffman/models/meta-llama/Llama-2-7b-hf/hessians_new/seed_0/pajama/128/layer_31/mlp.down_proj.pt --save_path /data/lliu/huffman/models/meta-llama/Llama-2-7b-hf/compressed/160/meta-llama/Llama-2-7b-hf/layer_31/mlp.down_proj/compressed.pt --yaml_path tmp/160/yaml.yaml --weights_path /data/lliu/huffman/models/meta-llama/Llama-2-7b-hf/original_weights --device cuda:7 > /data/lliu/huffman/models/meta-llama/Llama-2-7b-hf/compressed/160/meta-llama/Llama-2-7b-hf/layer_31/mlp.down_proj/compressed.log 2>&1 &
running: nohup python -u scripts/1layer_compress/quantize_compress.py --hessian_path /data/lliu/huffman/models/meta-llama/Llama-2-7b-hf/hessians_new/seed_0/pajama/128/layer_31/self_attn.v_proj.pt --save_path /data/lliu/huffman/models/meta-llama/Llama-2-7b-hf/compressed/160/meta-llama/Llama-2-7b-hf/layer_31/self_attn.v_proj/compressed.pt --yaml_path tmp/160/yaml.yaml --weights_path /data/lliu/huffman/models/meta-llama/Llama-2-7b-hf/original_weights --device cuda:2 > /data/lliu/huffman/models/meta-llama/Llama-2-7b-hf/compressed/160/meta-llama/Llama-2-7b-hf/layer_31/self_attn.v_proj/compressed.log 2>&1 &
meta-llama/Llama-2-7b-hf/layer_31/self_attn.k_proj is done
reading log /data/lliu/huffman/models/meta-llama/Llama-2-7b-hf/compressed/160/meta-llama/Llama-2-7b-hf/layer_31/self_attn.k_proj/compressed.log
best_loss 424.261474609375 running bpv: 2.012998
 23%|██▎       | 51/224 [07:02<22:10,  7.69s/it]COMMANDS_FINISHED 51 n_commands 224
running: nohup python -u scripts/1layer_compress/quantize_compress.py --hessian_path /data/lliu/huffman/models/meta-llama/Llama-2-7b-hf/hessians_new/seed_0/pajama/128/layer_21/mlp.gate_proj.pt --save_path /data/lliu/huffman/models/meta-llama/Llama-2-7b-hf/compressed/160/meta-llama/Llama-2-7b-hf/layer_21/mlp.gate_proj/compressed.pt --yaml_path tmp/160/yaml.yaml --weights_path /data/lliu/huffman/models/meta-llama/Llama-2-7b-hf/original_weights --device cuda:4 > /data/lliu/huffman/models/meta-llama/Llama-2-7b-hf/compressed/160/meta-llama/Llama-2-7b-hf/layer_21/mlp.gate_proj/compressed.log 2>&1 &
meta-llama/Llama-2-7b-hf/layer_31/self_attn.o_proj is done
reading log /data/lliu/huffman/models/meta-llama/Llama-2-7b-hf/compressed/160/meta-llama/Llama-2-7b-hf/layer_31/self_attn.o_proj/compressed.log
best_loss 91.67594146728516 running bpv: 2.013039
 23%|██▎       | 52/224 [07:08<20:51,  7.28s/it]COMMANDS_FINISHED 52 n_commands 224
running: nohup python -u scripts/1layer_compress/quantize_compress.py --hessian_path /data/lliu/huffman/models/meta-llama/Llama-2-7b-hf/hessians_new/seed_0/pajama/128/layer_21/mlp.up_proj.pt --save_path /data/lliu/huffman/models/meta-llama/Llama-2-7b-hf/compressed/160/meta-llama/Llama-2-7b-hf/layer_21/mlp.up_proj/compressed.pt --yaml_path tmp/160/yaml.yaml --weights_path /data/lliu/huffman/models/meta-llama/Llama-2-7b-hf/original_weights --device cuda:3 > /data/lliu/huffman/models/meta-llama/Llama-2-7b-hf/compressed/160/meta-llama/Llama-2-7b-hf/layer_21/mlp.up_proj/compressed.log 2>&1 &
meta-llama/Llama-2-7b-hf/layer_31/mlp.gate_proj is done
reading log /data/lliu/huffman/models/meta-llama/Llama-2-7b-hf/compressed/160/meta-llama/Llama-2-7b-hf/layer_31/mlp.gate_proj/compressed.log
best_loss 769.8863525390625 running bpv: 2.012981
 24%|██▎       | 53/224 [07:19<23:29,  8.25s/it]COMMANDS_FINISHED 53 n_commands 224
running: nohup python -u scripts/1layer_compress/quantize_compress.py --hessian_path /data/lliu/huffman/models/meta-llama/Llama-2-7b-hf/hessians_new/seed_0/pajama/128/layer_21/self_attn.q_proj.pt --save_path /data/lliu/huffman/models/meta-llama/Llama-2-7b-hf/compressed/160/meta-llama/Llama-2-7b-hf/layer_21/self_attn.q_proj/compressed.pt --yaml_path tmp/160/yaml.yaml --weights_path /data/lliu/huffman/models/meta-llama/Llama-2-7b-hf/original_weights --device cuda:6 > /data/lliu/huffman/models/meta-llama/Llama-2-7b-hf/compressed/160/meta-llama/Llama-2-7b-hf/layer_21/self_attn.q_proj/compressed.log 2>&1 &
meta-llama/Llama-2-7b-hf/layer_31/self_attn.v_proj is done
reading log /data/lliu/huffman/models/meta-llama/Llama-2-7b-hf/compressed/160/meta-llama/Llama-2-7b-hf/layer_31/self_attn.v_proj/compressed.log
best_loss 215.26779174804688 running bpv: 2.013021
 24%|██▍       | 54/224 [07:25<21:38,  7.64s/it]COMMANDS_FINISHED 54 n_commands 224
running: nohup python -u scripts/1layer_compress/quantize_compress.py --hessian_path /data/lliu/huffman/models/meta-llama/Llama-2-7b-hf/hessians_new/seed_0/pajama/128/layer_21/self_attn.k_proj.pt --save_path /data/lliu/huffman/models/meta-llama/Llama-2-7b-hf/compressed/160/meta-llama/Llama-2-7b-hf/layer_21/self_attn.k_proj/compressed.pt --yaml_path tmp/160/yaml.yaml --weights_path /data/lliu/huffman/models/meta-llama/Llama-2-7b-hf/original_weights --device cuda:2 > /data/lliu/huffman/models/meta-llama/Llama-2-7b-hf/compressed/160/meta-llama/Llama-2-7b-hf/layer_21/self_attn.k_proj/compressed.log 2>&1 &
meta-llama/Llama-2-7b-hf/layer_31/mlp.up_proj is done
reading log /data/lliu/huffman/models/meta-llama/Llama-2-7b-hf/compressed/160/meta-llama/Llama-2-7b-hf/layer_31/mlp.up_proj/compressed.log
best_loss 747.4246826171875 running bpv: 2.012965
 25%|██▍       | 55/224 [07:31<20:14,  7.18s/it]COMMANDS_FINISHED 55 n_commands 224
running: nohup python -u scripts/1layer_compress/quantize_compress.py --hessian_path /data/lliu/huffman/models/meta-llama/Llama-2-7b-hf/hessians_new/seed_0/pajama/128/layer_21/self_attn.o_proj.pt --save_path /data/lliu/huffman/models/meta-llama/Llama-2-7b-hf/compressed/160/meta-llama/Llama-2-7b-hf/layer_21/self_attn.o_proj/compressed.pt --yaml_path tmp/160/yaml.yaml --weights_path /data/lliu/huffman/models/meta-llama/Llama-2-7b-hf/original_weights --device cuda:5 > /data/lliu/huffman/models/meta-llama/Llama-2-7b-hf/compressed/160/meta-llama/Llama-2-7b-hf/layer_21/self_attn.o_proj/compressed.log 2>&1 &
meta-llama/Llama-2-7b-hf/layer_31/mlp.down_proj is done
reading log /data/lliu/huffman/models/meta-llama/Llama-2-7b-hf/compressed/160/meta-llama/Llama-2-7b-hf/layer_31/mlp.down_proj/compressed.log
best_loss 407.925048828125 running bpv: 2.012913
 25%|██▌       | 56/224 [07:46<26:21,  9.41s/it]COMMANDS_FINISHED 56 n_commands 224
running: nohup python -u scripts/1layer_compress/quantize_compress.py --hessian_path /data/lliu/huffman/models/meta-llama/Llama-2-7b-hf/hessians_new/seed_0/pajama/128/layer_21/mlp.down_proj.pt --save_path /data/lliu/huffman/models/meta-llama/Llama-2-7b-hf/compressed/160/meta-llama/Llama-2-7b-hf/layer_21/mlp.down_proj/compressed.pt --yaml_path tmp/160/yaml.yaml --weights_path /data/lliu/huffman/models/meta-llama/Llama-2-7b-hf/original_weights --device cuda:7 > /data/lliu/huffman/models/meta-llama/Llama-2-7b-hf/compressed/160/meta-llama/Llama-2-7b-hf/layer_21/mlp.down_proj/compressed.log 2>&1 &
meta-llama/Llama-2-7b-hf/layer_21/self_attn.q_proj is done
reading log /data/lliu/huffman/models/meta-llama/Llama-2-7b-hf/compressed/160/meta-llama/Llama-2-7b-hf/layer_21/self_attn.q_proj/compressed.log
best_loss 371.56365966796875 running bpv: 2.012951
 25%|██▌       | 57/224 [07:52<23:27,  8.43s/it]COMMANDS_FINISHED 57 n_commands 224
running: nohup python -u scripts/1layer_compress/quantize_compress.py --hessian_path /data/lliu/huffman/models/meta-llama/Llama-2-7b-hf/hessians_new/seed_0/pajama/128/layer_21/self_attn.v_proj.pt --save_path /data/lliu/huffman/models/meta-llama/Llama-2-7b-hf/compressed/160/meta-llama/Llama-2-7b-hf/layer_21/self_attn.v_proj/compressed.pt --yaml_path tmp/160/yaml.yaml --weights_path /data/lliu/huffman/models/meta-llama/Llama-2-7b-hf/original_weights --device cuda:6 > /data/lliu/huffman/models/meta-llama/Llama-2-7b-hf/compressed/160/meta-llama/Llama-2-7b-hf/layer_21/self_attn.v_proj/compressed.log 2>&1 &
meta-llama/Llama-2-7b-hf/layer_21/self_attn.k_proj is done
reading log /data/lliu/huffman/models/meta-llama/Llama-2-7b-hf/compressed/160/meta-llama/Llama-2-7b-hf/layer_21/self_attn.k_proj/compressed.log
best_loss 394.5929870605469 running bpv: 2.012988
 26%|██▌       | 58/224 [07:58<21:21,  7.72s/it]COMMANDS_FINISHED 58 n_commands 224
running: nohup python -u scripts/1layer_compress/quantize_compress.py --hessian_path /data/lliu/huffman/models/meta-llama/Llama-2-7b-hf/hessians_new/seed_0/pajama/128/layer_26/mlp.gate_proj.pt --save_path /data/lliu/huffman/models/meta-llama/Llama-2-7b-hf/compressed/160/meta-llama/Llama-2-7b-hf/layer_26/mlp.gate_proj/compressed.pt --yaml_path tmp/160/yaml.yaml --weights_path /data/lliu/huffman/models/meta-llama/Llama-2-7b-hf/original_weights --device cuda:2 > /data/lliu/huffman/models/meta-llama/Llama-2-7b-hf/compressed/160/meta-llama/Llama-2-7b-hf/layer_26/mlp.gate_proj/compressed.log 2>&1 &
meta-llama/Llama-2-7b-hf/layer_21/self_attn.o_proj is done
reading log /data/lliu/huffman/models/meta-llama/Llama-2-7b-hf/compressed/160/meta-llama/Llama-2-7b-hf/layer_21/self_attn.o_proj/compressed.log
best_loss 13.955055236816406 running bpv: 2.013024
 26%|██▋       | 59/224 [08:04<19:50,  7.22s/it]COMMANDS_FINISHED 59 n_commands 224
running: nohup python -u scripts/1layer_compress/quantize_compress.py --hessian_path /data/lliu/huffman/models/meta-llama/Llama-2-7b-hf/hessians_new/seed_0/pajama/128/layer_26/mlp.up_proj.pt --save_path /data/lliu/huffman/models/meta-llama/Llama-2-7b-hf/compressed/160/meta-llama/Llama-2-7b-hf/layer_26/mlp.up_proj/compressed.pt --yaml_path tmp/160/yaml.yaml --weights_path /data/lliu/huffman/models/meta-llama/Llama-2-7b-hf/original_weights --device cuda:5 > /data/lliu/huffman/models/meta-llama/Llama-2-7b-hf/compressed/160/meta-llama/Llama-2-7b-hf/layer_26/mlp.up_proj/compressed.log 2>&1 &
meta-llama/Llama-2-7b-hf/layer_21/mlp.gate_proj is done
reading log /data/lliu/huffman/models/meta-llama/Llama-2-7b-hf/compressed/160/meta-llama/Llama-2-7b-hf/layer_21/mlp.gate_proj/compressed.log
best_loss 429.0152587890625 running bpv: 2.012973
 27%|██▋       | 60/224 [08:10<18:44,  6.86s/it]COMMANDS_FINISHED 60 n_commands 224
running: nohup python -u scripts/1layer_compress/quantize_compress.py --hessian_path /data/lliu/huffman/models/meta-llama/Llama-2-7b-hf/hessians_new/seed_0/pajama/128/layer_26/self_attn.q_proj.pt --save_path /data/lliu/huffman/models/meta-llama/Llama-2-7b-hf/compressed/160/meta-llama/Llama-2-7b-hf/layer_26/self_attn.q_proj/compressed.pt --yaml_path tmp/160/yaml.yaml --weights_path /data/lliu/huffman/models/meta-llama/Llama-2-7b-hf/original_weights --device cuda:4 > /data/lliu/huffman/models/meta-llama/Llama-2-7b-hf/compressed/160/meta-llama/Llama-2-7b-hf/layer_26/self_attn.q_proj/compressed.log 2>&1 &
meta-llama/Llama-2-7b-hf/layer_21/mlp.up_proj is done
reading log /data/lliu/huffman/models/meta-llama/Llama-2-7b-hf/compressed/160/meta-llama/Llama-2-7b-hf/layer_21/mlp.up_proj/compressed.log
best_loss 365.64678955078125 running bpv: 2.012925
 27%|██▋       | 61/224 [08:21<21:58,  8.09s/it]COMMANDS_FINISHED 61 n_commands 224
running: nohup python -u scripts/1layer_compress/quantize_compress.py --hessian_path /data/lliu/huffman/models/meta-llama/Llama-2-7b-hf/hessians_new/seed_0/pajama/128/layer_26/self_attn.k_proj.pt --save_path /data/lliu/huffman/models/meta-llama/Llama-2-7b-hf/compressed/160/meta-llama/Llama-2-7b-hf/layer_26/self_attn.k_proj/compressed.pt --yaml_path tmp/160/yaml.yaml --weights_path /data/lliu/huffman/models/meta-llama/Llama-2-7b-hf/original_weights --device cuda:3 > /data/lliu/huffman/models/meta-llama/Llama-2-7b-hf/compressed/160/meta-llama/Llama-2-7b-hf/layer_26/self_attn.k_proj/compressed.log 2>&1 &
meta-llama/Llama-2-7b-hf/layer_21/self_attn.v_proj is done
reading log /data/lliu/huffman/models/meta-llama/Llama-2-7b-hf/compressed/160/meta-llama/Llama-2-7b-hf/layer_21/self_attn.v_proj/compressed.log
best_loss 207.39100646972656 running bpv: 2.012959
 28%|██▊       | 62/224 [08:27<20:09,  7.47s/it]COMMANDS_FINISHED 62 n_commands 224
running: nohup python -u scripts/1layer_compress/quantize_compress.py --hessian_path /data/lliu/huffman/models/meta-llama/Llama-2-7b-hf/hessians_new/seed_0/pajama/128/layer_26/self_attn.o_proj.pt --save_path /data/lliu/huffman/models/meta-llama/Llama-2-7b-hf/compressed/160/meta-llama/Llama-2-7b-hf/layer_26/self_attn.o_proj/compressed.pt --yaml_path tmp/160/yaml.yaml --weights_path /data/lliu/huffman/models/meta-llama/Llama-2-7b-hf/original_weights --device cuda:6 > /data/lliu/huffman/models/meta-llama/Llama-2-7b-hf/compressed/160/meta-llama/Llama-2-7b-hf/layer_26/self_attn.o_proj/compressed.log 2>&1 &
meta-llama/Llama-2-7b-hf/layer_21/mlp.down_proj is done
reading log /data/lliu/huffman/models/meta-llama/Llama-2-7b-hf/compressed/160/meta-llama/Llama-2-7b-hf/layer_21/mlp.down_proj/compressed.log
best_loss 46.79170227050781 running bpv: 2.012913
 28%|██▊       | 63/224 [08:41<25:16,  9.42s/it]COMMANDS_FINISHED 63 n_commands 224
running: nohup python -u scripts/1layer_compress/quantize_compress.py --hessian_path /data/lliu/huffman/models/meta-llama/Llama-2-7b-hf/hessians_new/seed_0/pajama/128/layer_26/mlp.down_proj.pt --save_path /data/lliu/huffman/models/meta-llama/Llama-2-7b-hf/compressed/160/meta-llama/Llama-2-7b-hf/layer_26/mlp.down_proj/compressed.pt --yaml_path tmp/160/yaml.yaml --weights_path /data/lliu/huffman/models/meta-llama/Llama-2-7b-hf/original_weights --device cuda:7 > /data/lliu/huffman/models/meta-llama/Llama-2-7b-hf/compressed/160/meta-llama/Llama-2-7b-hf/layer_26/mlp.down_proj/compressed.log 2>&1 &
meta-llama/Llama-2-7b-hf/layer_26/self_attn.q_proj is done
reading log /data/lliu/huffman/models/meta-llama/Llama-2-7b-hf/compressed/160/meta-llama/Llama-2-7b-hf/layer_26/self_attn.q_proj/compressed.log
best_loss 431.05450439453125 running bpv: 2.012947
 29%|██▊       | 64/224 [08:47<22:24,  8.40s/it]COMMANDS_FINISHED 64 n_commands 224
running: nohup python -u scripts/1layer_compress/quantize_compress.py --hessian_path /data/lliu/huffman/models/meta-llama/Llama-2-7b-hf/hessians_new/seed_0/pajama/128/layer_26/self_attn.v_proj.pt --save_path /data/lliu/huffman/models/meta-llama/Llama-2-7b-hf/compressed/160/meta-llama/Llama-2-7b-hf/layer_26/self_attn.v_proj/compressed.pt --yaml_path tmp/160/yaml.yaml --weights_path /data/lliu/huffman/models/meta-llama/Llama-2-7b-hf/original_weights --device cuda:4 > /data/lliu/huffman/models/meta-llama/Llama-2-7b-hf/compressed/160/meta-llama/Llama-2-7b-hf/layer_26/self_attn.v_proj/compressed.log 2>&1 &
meta-llama/Llama-2-7b-hf/layer_26/self_attn.k_proj is done
reading log /data/lliu/huffman/models/meta-llama/Llama-2-7b-hf/compressed/160/meta-llama/Llama-2-7b-hf/layer_26/self_attn.k_proj/compressed.log
best_loss 462.9140625 running bpv: 2.01298
 29%|██▉       | 65/224 [08:53<20:21,  7.68s/it]COMMANDS_FINISHED 65 n_commands 224
running: nohup python -u scripts/1layer_compress/quantize_compress.py --hessian_path /data/lliu/huffman/models/meta-llama/Llama-2-7b-hf/hessians_new/seed_0/pajama/128/layer_14/mlp.gate_proj.pt --save_path /data/lliu/huffman/models/meta-llama/Llama-2-7b-hf/compressed/160/meta-llama/Llama-2-7b-hf/layer_14/mlp.gate_proj/compressed.pt --yaml_path tmp/160/yaml.yaml --weights_path /data/lliu/huffman/models/meta-llama/Llama-2-7b-hf/original_weights --device cuda:3 > /data/lliu/huffman/models/meta-llama/Llama-2-7b-hf/compressed/160/meta-llama/Llama-2-7b-hf/layer_14/mlp.gate_proj/compressed.log 2>&1 &
meta-llama/Llama-2-7b-hf/layer_26/self_attn.o_proj is done
reading log /data/lliu/huffman/models/meta-llama/Llama-2-7b-hf/compressed/160/meta-llama/Llama-2-7b-hf/layer_26/self_attn.o_proj/compressed.log
best_loss 55.90192794799805 running bpv: 2.013012
 29%|██▉       | 66/224 [08:59<18:54,  7.18s/it]COMMANDS_FINISHED 66 n_commands 224
running: nohup python -u scripts/1layer_compress/quantize_compress.py --hessian_path /data/lliu/huffman/models/meta-llama/Llama-2-7b-hf/hessians_new/seed_0/pajama/128/layer_14/mlp.up_proj.pt --save_path /data/lliu/huffman/models/meta-llama/Llama-2-7b-hf/compressed/160/meta-llama/Llama-2-7b-hf/layer_14/mlp.up_proj/compressed.pt --yaml_path tmp/160/yaml.yaml --weights_path /data/lliu/huffman/models/meta-llama/Llama-2-7b-hf/original_weights --device cuda:6 > /data/lliu/huffman/models/meta-llama/Llama-2-7b-hf/compressed/160/meta-llama/Llama-2-7b-hf/layer_14/mlp.up_proj/compressed.log 2>&1 &
meta-llama/Llama-2-7b-hf/layer_26/mlp.gate_proj is done
reading log /data/lliu/huffman/models/meta-llama/Llama-2-7b-hf/compressed/160/meta-llama/Llama-2-7b-hf/layer_26/mlp.gate_proj/compressed.log
best_loss 577.9251708984375 running bpv: 2.012967
 30%|██▉       | 67/224 [09:05<17:52,  6.83s/it]COMMANDS_FINISHED 67 n_commands 224
running: nohup python -u scripts/1layer_compress/quantize_compress.py --hessian_path /data/lliu/huffman/models/meta-llama/Llama-2-7b-hf/hessians_new/seed_0/pajama/128/layer_14/self_attn.q_proj.pt --save_path /data/lliu/huffman/models/meta-llama/Llama-2-7b-hf/compressed/160/meta-llama/Llama-2-7b-hf/layer_14/self_attn.q_proj/compressed.pt --yaml_path tmp/160/yaml.yaml --weights_path /data/lliu/huffman/models/meta-llama/Llama-2-7b-hf/original_weights --device cuda:2 > /data/lliu/huffman/models/meta-llama/Llama-2-7b-hf/compressed/160/meta-llama/Llama-2-7b-hf/layer_14/self_attn.q_proj/compressed.log 2>&1 &
meta-llama/Llama-2-7b-hf/layer_26/mlp.up_proj is done
reading log /data/lliu/huffman/models/meta-llama/Llama-2-7b-hf/compressed/160/meta-llama/Llama-2-7b-hf/layer_26/mlp.up_proj/compressed.log
best_loss 496.1998596191406 running bpv: 2.012923
 30%|███       | 68/224 [09:12<17:53,  6.88s/it]COMMANDS_FINISHED 68 n_commands 224
running: nohup python -u scripts/1layer_compress/quantize_compress.py --hessian_path /data/lliu/huffman/models/meta-llama/Llama-2-7b-hf/hessians_new/seed_0/pajama/128/layer_14/self_attn.k_proj.pt --save_path /data/lliu/huffman/models/meta-llama/Llama-2-7b-hf/compressed/160/meta-llama/Llama-2-7b-hf/layer_14/self_attn.k_proj/compressed.pt --yaml_path tmp/160/yaml.yaml --weights_path /data/lliu/huffman/models/meta-llama/Llama-2-7b-hf/original_weights --device cuda:5 > /data/lliu/huffman/models/meta-llama/Llama-2-7b-hf/compressed/160/meta-llama/Llama-2-7b-hf/layer_14/self_attn.k_proj/compressed.log 2>&1 &
meta-llama/Llama-2-7b-hf/layer_26/self_attn.v_proj is done
reading log /data/lliu/huffman/models/meta-llama/Llama-2-7b-hf/compressed/160/meta-llama/Llama-2-7b-hf/layer_26/self_attn.v_proj/compressed.log
best_loss 309.1077880859375 running bpv: 2.012955
 31%|███       | 69/224 [09:20<18:39,  7.22s/it]COMMANDS_FINISHED 69 n_commands 224
running: nohup python -u scripts/1layer_compress/quantize_compress.py --hessian_path /data/lliu/huffman/models/meta-llama/Llama-2-7b-hf/hessians_new/seed_0/pajama/128/layer_14/self_attn.o_proj.pt --save_path /data/lliu/huffman/models/meta-llama/Llama-2-7b-hf/compressed/160/meta-llama/Llama-2-7b-hf/layer_14/self_attn.o_proj/compressed.pt --yaml_path tmp/160/yaml.yaml --weights_path /data/lliu/huffman/models/meta-llama/Llama-2-7b-hf/original_weights --device cuda:4 > /data/lliu/huffman/models/meta-llama/Llama-2-7b-hf/compressed/160/meta-llama/Llama-2-7b-hf/layer_14/self_attn.o_proj/compressed.log 2>&1 &
meta-llama/Llama-2-7b-hf/layer_14/self_attn.q_proj is done
reading log /data/lliu/huffman/models/meta-llama/Llama-2-7b-hf/compressed/160/meta-llama/Llama-2-7b-hf/layer_14/self_attn.q_proj/compressed.log
best_loss 309.980712890625 running bpv: 2.012985
 31%|███▏      | 70/224 [09:34<23:45,  9.26s/it]COMMANDS_FINISHED 70 n_commands 224
running: nohup python -u scripts/1layer_compress/quantize_compress.py --hessian_path /data/lliu/huffman/models/meta-llama/Llama-2-7b-hf/hessians_new/seed_0/pajama/128/layer_14/mlp.down_proj.pt --save_path /data/lliu/huffman/models/meta-llama/Llama-2-7b-hf/compressed/160/meta-llama/Llama-2-7b-hf/layer_14/mlp.down_proj/compressed.pt --yaml_path tmp/160/yaml.yaml --weights_path /data/lliu/huffman/models/meta-llama/Llama-2-7b-hf/original_weights --device cuda:2 > /data/lliu/huffman/models/meta-llama/Llama-2-7b-hf/compressed/160/meta-llama/Llama-2-7b-hf/layer_14/mlp.down_proj/compressed.log 2>&1 &
meta-llama/Llama-2-7b-hf/layer_26/mlp.down_proj is done
reading log /data/lliu/huffman/models/meta-llama/Llama-2-7b-hf/compressed/160/meta-llama/Llama-2-7b-hf/layer_26/mlp.down_proj/compressed.log
best_loss 68.8997573852539 running bpv: 2.012943
 32%|███▏      | 71/224 [09:40<21:06,  8.28s/it]COMMANDS_FINISHED 71 n_commands 224
running: nohup python -u scripts/1layer_compress/quantize_compress.py --hessian_path /data/lliu/huffman/models/meta-llama/Llama-2-7b-hf/hessians_new/seed_0/pajama/128/layer_14/self_attn.v_proj.pt --save_path /data/lliu/huffman/models/meta-llama/Llama-2-7b-hf/compressed/160/meta-llama/Llama-2-7b-hf/layer_14/self_attn.v_proj/compressed.pt --yaml_path tmp/160/yaml.yaml --weights_path /data/lliu/huffman/models/meta-llama/Llama-2-7b-hf/original_weights --device cuda:7 > /data/lliu/huffman/models/meta-llama/Llama-2-7b-hf/compressed/160/meta-llama/Llama-2-7b-hf/layer_14/self_attn.v_proj/compressed.log 2>&1 &
meta-llama/Llama-2-7b-hf/layer_14/self_attn.k_proj is done
reading log /data/lliu/huffman/models/meta-llama/Llama-2-7b-hf/compressed/160/meta-llama/Llama-2-7b-hf/layer_14/self_attn.k_proj/compressed.log
best_loss 340.7838134765625 running bpv: 2.012973
 32%|███▏      | 72/224 [09:46<19:14,  7.60s/it]COMMANDS_FINISHED 72 n_commands 224
running: nohup python -u scripts/1layer_compress/quantize_compress.py --hessian_path /data/lliu/huffman/models/meta-llama/Llama-2-7b-hf/hessians_new/seed_0/pajama/128/layer_15/mlp.gate_proj.pt --save_path /data/lliu/huffman/models/meta-llama/Llama-2-7b-hf/compressed/160/meta-llama/Llama-2-7b-hf/layer_15/mlp.gate_proj/compressed.pt --yaml_path tmp/160/yaml.yaml --weights_path /data/lliu/huffman/models/meta-llama/Llama-2-7b-hf/original_weights --device cuda:5 > /data/lliu/huffman/models/meta-llama/Llama-2-7b-hf/compressed/160/meta-llama/Llama-2-7b-hf/layer_15/mlp.gate_proj/compressed.log 2>&1 &
meta-llama/Llama-2-7b-hf/layer_14/self_attn.o_proj is done
reading log /data/lliu/huffman/models/meta-llama/Llama-2-7b-hf/compressed/160/meta-llama/Llama-2-7b-hf/layer_14/self_attn.o_proj/compressed.log
best_loss 11.153321266174316 running bpv: 2.013002
 33%|███▎      | 73/224 [09:52<17:55,  7.12s/it]COMMANDS_FINISHED 73 n_commands 224
running: nohup python -u scripts/1layer_compress/quantize_compress.py --hessian_path /data/lliu/huffman/models/meta-llama/Llama-2-7b-hf/hessians_new/seed_0/pajama/128/layer_15/mlp.up_proj.pt --save_path /data/lliu/huffman/models/meta-llama/Llama-2-7b-hf/compressed/160/meta-llama/Llama-2-7b-hf/layer_15/mlp.up_proj/compressed.pt --yaml_path tmp/160/yaml.yaml --weights_path /data/lliu/huffman/models/meta-llama/Llama-2-7b-hf/original_weights --device cuda:4 > /data/lliu/huffman/models/meta-llama/Llama-2-7b-hf/compressed/160/meta-llama/Llama-2-7b-hf/layer_15/mlp.up_proj/compressed.log 2>&1 &
meta-llama/Llama-2-7b-hf/layer_14/mlp.gate_proj is done
reading log /data/lliu/huffman/models/meta-llama/Llama-2-7b-hf/compressed/160/meta-llama/Llama-2-7b-hf/layer_14/mlp.gate_proj/compressed.log
best_loss 205.8746795654297 running bpv: 2.012962
 33%|███▎      | 74/224 [09:58<16:58,  6.79s/it]COMMANDS_FINISHED 74 n_commands 224
running: nohup python -u scripts/1layer_compress/quantize_compress.py --hessian_path /data/lliu/huffman/models/meta-llama/Llama-2-7b-hf/hessians_new/seed_0/pajama/128/layer_15/self_attn.q_proj.pt --save_path /data/lliu/huffman/models/meta-llama/Llama-2-7b-hf/compressed/160/meta-llama/Llama-2-7b-hf/layer_15/self_attn.q_proj/compressed.pt --yaml_path tmp/160/yaml.yaml --weights_path /data/lliu/huffman/models/meta-llama/Llama-2-7b-hf/original_weights --device cuda:3 > /data/lliu/huffman/models/meta-llama/Llama-2-7b-hf/compressed/160/meta-llama/Llama-2-7b-hf/layer_15/self_attn.q_proj/compressed.log 2>&1 &
meta-llama/Llama-2-7b-hf/layer_14/mlp.up_proj is done
reading log /data/lliu/huffman/models/meta-llama/Llama-2-7b-hf/compressed/160/meta-llama/Llama-2-7b-hf/layer_14/mlp.up_proj/compressed.log
best_loss 191.4845428466797 running bpv: 2.012922
 33%|███▎      | 75/224 [10:08<19:15,  7.75s/it]COMMANDS_FINISHED 75 n_commands 224
running: nohup python -u scripts/1layer_compress/quantize_compress.py --hessian_path /data/lliu/huffman/models/meta-llama/Llama-2-7b-hf/hessians_new/seed_0/pajama/128/layer_15/self_attn.k_proj.pt --save_path /data/lliu/huffman/models/meta-llama/Llama-2-7b-hf/compressed/160/meta-llama/Llama-2-7b-hf/layer_15/self_attn.k_proj/compressed.pt --yaml_path tmp/160/yaml.yaml --weights_path /data/lliu/huffman/models/meta-llama/Llama-2-7b-hf/original_weights --device cuda:6 > /data/lliu/huffman/models/meta-llama/Llama-2-7b-hf/compressed/160/meta-llama/Llama-2-7b-hf/layer_15/self_attn.k_proj/compressed.log 2>&1 &
meta-llama/Llama-2-7b-hf/layer_14/self_attn.v_proj is done
reading log /data/lliu/huffman/models/meta-llama/Llama-2-7b-hf/compressed/160/meta-llama/Llama-2-7b-hf/layer_14/self_attn.v_proj/compressed.log
best_loss 105.26506805419922 running bpv: 2.012951
 34%|███▍      | 76/224 [10:14<17:49,  7.23s/it]COMMANDS_FINISHED 76 n_commands 224
running: nohup python -u scripts/1layer_compress/quantize_compress.py --hessian_path /data/lliu/huffman/models/meta-llama/Llama-2-7b-hf/hessians_new/seed_0/pajama/128/layer_15/self_attn.o_proj.pt --save_path /data/lliu/huffman/models/meta-llama/Llama-2-7b-hf/compressed/160/meta-llama/Llama-2-7b-hf/layer_15/self_attn.o_proj/compressed.pt --yaml_path tmp/160/yaml.yaml --weights_path /data/lliu/huffman/models/meta-llama/Llama-2-7b-hf/original_weights --device cuda:7 > /data/lliu/huffman/models/meta-llama/Llama-2-7b-hf/compressed/160/meta-llama/Llama-2-7b-hf/layer_15/self_attn.o_proj/compressed.log 2>&1 &
meta-llama/Llama-2-7b-hf/layer_15/self_attn.q_proj is done
reading log /data/lliu/huffman/models/meta-llama/Llama-2-7b-hf/compressed/160/meta-llama/Llama-2-7b-hf/layer_15/self_attn.q_proj/compressed.log
best_loss 294.9737548828125 running bpv: 2.012979
 34%|███▍      | 77/224 [10:28<22:41,  9.26s/it]COMMANDS_FINISHED 77 n_commands 224
running: nohup python -u scripts/1layer_compress/quantize_compress.py --hessian_path /data/lliu/huffman/models/meta-llama/Llama-2-7b-hf/hessians_new/seed_0/pajama/128/layer_15/mlp.down_proj.pt --save_path /data/lliu/huffman/models/meta-llama/Llama-2-7b-hf/compressed/160/meta-llama/Llama-2-7b-hf/layer_15/mlp.down_proj/compressed.pt --yaml_path tmp/160/yaml.yaml --weights_path /data/lliu/huffman/models/meta-llama/Llama-2-7b-hf/original_weights --device cuda:3 > /data/lliu/huffman/models/meta-llama/Llama-2-7b-hf/compressed/160/meta-llama/Llama-2-7b-hf/layer_15/mlp.down_proj/compressed.log 2>&1 &
meta-llama/Llama-2-7b-hf/layer_14/mlp.down_proj is done
reading log /data/lliu/huffman/models/meta-llama/Llama-2-7b-hf/compressed/160/meta-llama/Llama-2-7b-hf/layer_14/mlp.down_proj/compressed.log
best_loss 15.492569923400879 running bpv: 2.01294
 35%|███▍      | 78/224 [10:34<20:09,  8.29s/it]COMMANDS_FINISHED 78 n_commands 224
running: nohup python -u scripts/1layer_compress/quantize_compress.py --hessian_path /data/lliu/huffman/models/meta-llama/Llama-2-7b-hf/hessians_new/seed_0/pajama/128/layer_15/self_attn.v_proj.pt --save_path /data/lliu/huffman/models/meta-llama/Llama-2-7b-hf/compressed/160/meta-llama/Llama-2-7b-hf/layer_15/self_attn.v_proj/compressed.pt --yaml_path tmp/160/yaml.yaml --weights_path /data/lliu/huffman/models/meta-llama/Llama-2-7b-hf/original_weights --device cuda:2 > /data/lliu/huffman/models/meta-llama/Llama-2-7b-hf/compressed/160/meta-llama/Llama-2-7b-hf/layer_15/self_attn.v_proj/compressed.log 2>&1 &
meta-llama/Llama-2-7b-hf/layer_15/self_attn.k_proj is done
reading log /data/lliu/huffman/models/meta-llama/Llama-2-7b-hf/compressed/160/meta-llama/Llama-2-7b-hf/layer_15/self_attn.k_proj/compressed.log
best_loss 331.8360290527344 running bpv: 2.012968
 35%|███▌      | 79/224 [10:41<19:05,  7.90s/it]COMMANDS_FINISHED 79 n_commands 224
running: nohup python -u scripts/1layer_compress/quantize_compress.py --hessian_path /data/lliu/huffman/models/meta-llama/Llama-2-7b-hf/hessians_new/seed_0/pajama/128/layer_4/mlp.gate_proj.pt --save_path /data/lliu/huffman/models/meta-llama/Llama-2-7b-hf/compressed/160/meta-llama/Llama-2-7b-hf/layer_4/mlp.gate_proj/compressed.pt --yaml_path tmp/160/yaml.yaml --weights_path /data/lliu/huffman/models/meta-llama/Llama-2-7b-hf/original_weights --device cuda:6 > /data/lliu/huffman/models/meta-llama/Llama-2-7b-hf/compressed/160/meta-llama/Llama-2-7b-hf/layer_4/mlp.gate_proj/compressed.log 2>&1 &
meta-llama/Llama-2-7b-hf/layer_15/self_attn.o_proj is done
reading log /data/lliu/huffman/models/meta-llama/Llama-2-7b-hf/compressed/160/meta-llama/Llama-2-7b-hf/layer_15/self_attn.o_proj/compressed.log
best_loss 11.222734451293945 running bpv: 2.012994
 36%|███▌      | 80/224 [10:47<17:36,  7.33s/it]COMMANDS_FINISHED 80 n_commands 224
running: nohup python -u scripts/1layer_compress/quantize_compress.py --hessian_path /data/lliu/huffman/models/meta-llama/Llama-2-7b-hf/hessians_new/seed_0/pajama/128/layer_4/mlp.up_proj.pt --save_path /data/lliu/huffman/models/meta-llama/Llama-2-7b-hf/compressed/160/meta-llama/Llama-2-7b-hf/layer_4/mlp.up_proj/compressed.pt --yaml_path tmp/160/yaml.yaml --weights_path /data/lliu/huffman/models/meta-llama/Llama-2-7b-hf/original_weights --device cuda:7 > /data/lliu/huffman/models/meta-llama/Llama-2-7b-hf/compressed/160/meta-llama/Llama-2-7b-hf/layer_4/mlp.up_proj/compressed.log 2>&1 &
meta-llama/Llama-2-7b-hf/layer_15/mlp.gate_proj is done
reading log /data/lliu/huffman/models/meta-llama/Llama-2-7b-hf/compressed/160/meta-llama/Llama-2-7b-hf/layer_15/mlp.gate_proj/compressed.log
best_loss 227.08592224121094 running bpv: 2.012957
 36%|███▌      | 81/224 [10:56<18:40,  7.84s/it]COMMANDS_FINISHED 81 n_commands 224
running: nohup python -u scripts/1layer_compress/quantize_compress.py --hessian_path /data/lliu/huffman/models/meta-llama/Llama-2-7b-hf/hessians_new/seed_0/pajama/128/layer_4/self_attn.q_proj.pt --save_path /data/lliu/huffman/models/meta-llama/Llama-2-7b-hf/compressed/160/meta-llama/Llama-2-7b-hf/layer_4/self_attn.q_proj/compressed.pt --yaml_path tmp/160/yaml.yaml --weights_path /data/lliu/huffman/models/meta-llama/Llama-2-7b-hf/original_weights --device cuda:5 > /data/lliu/huffman/models/meta-llama/Llama-2-7b-hf/compressed/160/meta-llama/Llama-2-7b-hf/layer_4/self_attn.q_proj/compressed.log 2>&1 &
meta-llama/Llama-2-7b-hf/layer_15/mlp.up_proj is done
reading log /data/lliu/huffman/models/meta-llama/Llama-2-7b-hf/compressed/160/meta-llama/Llama-2-7b-hf/layer_15/mlp.up_proj/compressed.log
best_loss 212.67662048339844 running bpv: 2.012922
 37%|███▋      | 82/224 [11:02<17:14,  7.29s/it]COMMANDS_FINISHED 82 n_commands 224
running: nohup python -u scripts/1layer_compress/quantize_compress.py --hessian_path /data/lliu/huffman/models/meta-llama/Llama-2-7b-hf/hessians_new/seed_0/pajama/128/layer_4/self_attn.k_proj.pt --save_path /data/lliu/huffman/models/meta-llama/Llama-2-7b-hf/compressed/160/meta-llama/Llama-2-7b-hf/layer_4/self_attn.k_proj/compressed.pt --yaml_path tmp/160/yaml.yaml --weights_path /data/lliu/huffman/models/meta-llama/Llama-2-7b-hf/original_weights --device cuda:4 > /data/lliu/huffman/models/meta-llama/Llama-2-7b-hf/compressed/160/meta-llama/Llama-2-7b-hf/layer_4/self_attn.k_proj/compressed.log 2>&1 &
meta-llama/Llama-2-7b-hf/layer_15/self_attn.v_proj is done
reading log /data/lliu/huffman/models/meta-llama/Llama-2-7b-hf/compressed/160/meta-llama/Llama-2-7b-hf/layer_15/self_attn.v_proj/compressed.log
best_loss 110.20420837402344 running bpv: 2.012948
 37%|███▋      | 83/224 [11:08<16:13,  6.90s/it]COMMANDS_FINISHED 83 n_commands 224
running: nohup python -u scripts/1layer_compress/quantize_compress.py --hessian_path /data/lliu/huffman/models/meta-llama/Llama-2-7b-hf/hessians_new/seed_0/pajama/128/layer_4/self_attn.o_proj.pt --save_path /data/lliu/huffman/models/meta-llama/Llama-2-7b-hf/compressed/160/meta-llama/Llama-2-7b-hf/layer_4/self_attn.o_proj/compressed.pt --yaml_path tmp/160/yaml.yaml --weights_path /data/lliu/huffman/models/meta-llama/Llama-2-7b-hf/original_weights --device cuda:2 > /data/lliu/huffman/models/meta-llama/Llama-2-7b-hf/compressed/160/meta-llama/Llama-2-7b-hf/layer_4/self_attn.o_proj/compressed.log 2>&1 &
meta-llama/Llama-2-7b-hf/layer_15/mlp.down_proj is done
reading log /data/lliu/huffman/models/meta-llama/Llama-2-7b-hf/compressed/160/meta-llama/Llama-2-7b-hf/layer_15/mlp.down_proj/compressed.log
best_loss 19.809158325195312 running bpv: 2.012913
 38%|███▊      | 84/224 [11:23<21:46,  9.33s/it]COMMANDS_FINISHED 84 n_commands 224
running: nohup python -u scripts/1layer_compress/quantize_compress.py --hessian_path /data/lliu/huffman/models/meta-llama/Llama-2-7b-hf/hessians_new/seed_0/pajama/128/layer_4/mlp.down_proj.pt --save_path /data/lliu/huffman/models/meta-llama/Llama-2-7b-hf/compressed/160/meta-llama/Llama-2-7b-hf/layer_4/mlp.down_proj/compressed.pt --yaml_path tmp/160/yaml.yaml --weights_path /data/lliu/huffman/models/meta-llama/Llama-2-7b-hf/original_weights --device cuda:3 > /data/lliu/huffman/models/meta-llama/Llama-2-7b-hf/compressed/160/meta-llama/Llama-2-7b-hf/layer_4/mlp.down_proj/compressed.log 2>&1 &
meta-llama/Llama-2-7b-hf/layer_4/self_attn.q_proj is done
reading log /data/lliu/huffman/models/meta-llama/Llama-2-7b-hf/compressed/160/meta-llama/Llama-2-7b-hf/layer_4/self_attn.q_proj/compressed.log
best_loss 132.75262451171875 running bpv: 2.012938
 38%|███▊      | 85/224 [11:29<19:18,  8.34s/it]COMMANDS_FINISHED 85 n_commands 224
running: nohup python -u scripts/1layer_compress/quantize_compress.py --hessian_path /data/lliu/huffman/models/meta-llama/Llama-2-7b-hf/hessians_new/seed_0/pajama/128/layer_4/self_attn.v_proj.pt --save_path /data/lliu/huffman/models/meta-llama/Llama-2-7b-hf/compressed/160/meta-llama/Llama-2-7b-hf/layer_4/self_attn.v_proj/compressed.pt --yaml_path tmp/160/yaml.yaml --weights_path /data/lliu/huffman/models/meta-llama/Llama-2-7b-hf/original_weights --device cuda:5 > /data/lliu/huffman/models/meta-llama/Llama-2-7b-hf/compressed/160/meta-llama/Llama-2-7b-hf/layer_4/self_attn.v_proj/compressed.log 2>&1 &
meta-llama/Llama-2-7b-hf/layer_4/self_attn.k_proj is done
reading log /data/lliu/huffman/models/meta-llama/Llama-2-7b-hf/compressed/160/meta-llama/Llama-2-7b-hf/layer_4/self_attn.k_proj/compressed.log
best_loss 147.43174743652344 running bpv: 2.012963
 38%|███▊      | 86/224 [11:35<17:33,  7.64s/it]COMMANDS_FINISHED 86 n_commands 224
running: nohup python -u scripts/1layer_compress/quantize_compress.py --hessian_path /data/lliu/huffman/models/meta-llama/Llama-2-7b-hf/hessians_new/seed_0/pajama/128/layer_27/mlp.gate_proj.pt --save_path /data/lliu/huffman/models/meta-llama/Llama-2-7b-hf/compressed/160/meta-llama/Llama-2-7b-hf/layer_27/mlp.gate_proj/compressed.pt --yaml_path tmp/160/yaml.yaml --weights_path /data/lliu/huffman/models/meta-llama/Llama-2-7b-hf/original_weights --device cuda:4 > /data/lliu/huffman/models/meta-llama/Llama-2-7b-hf/compressed/160/meta-llama/Llama-2-7b-hf/layer_27/mlp.gate_proj/compressed.log 2>&1 &
meta-llama/Llama-2-7b-hf/layer_4/self_attn.o_proj is done
reading log /data/lliu/huffman/models/meta-llama/Llama-2-7b-hf/compressed/160/meta-llama/Llama-2-7b-hf/layer_4/self_attn.o_proj/compressed.log
best_loss 0.7903282046318054 running bpv: 2.012988
 39%|███▉      | 87/224 [11:41<16:19,  7.15s/it]COMMANDS_FINISHED 87 n_commands 224
running: nohup python -u scripts/1layer_compress/quantize_compress.py --hessian_path /data/lliu/huffman/models/meta-llama/Llama-2-7b-hf/hessians_new/seed_0/pajama/128/layer_27/mlp.up_proj.pt --save_path /data/lliu/huffman/models/meta-llama/Llama-2-7b-hf/compressed/160/meta-llama/Llama-2-7b-hf/layer_27/mlp.up_proj/compressed.pt --yaml_path tmp/160/yaml.yaml --weights_path /data/lliu/huffman/models/meta-llama/Llama-2-7b-hf/original_weights --device cuda:2 > /data/lliu/huffman/models/meta-llama/Llama-2-7b-hf/compressed/160/meta-llama/Llama-2-7b-hf/layer_27/mlp.up_proj/compressed.log 2>&1 &
meta-llama/Llama-2-7b-hf/layer_4/mlp.gate_proj is done
reading log /data/lliu/huffman/models/meta-llama/Llama-2-7b-hf/compressed/160/meta-llama/Llama-2-7b-hf/layer_4/mlp.gate_proj/compressed.log
best_loss 75.65006256103516 running bpv: 2.012954
 39%|███▉      | 88/224 [11:48<16:06,  7.11s/it]COMMANDS_FINISHED 88 n_commands 224
running: nohup python -u scripts/1layer_compress/quantize_compress.py --hessian_path /data/lliu/huffman/models/meta-llama/Llama-2-7b-hf/hessians_new/seed_0/pajama/128/layer_27/self_attn.q_proj.pt --save_path /data/lliu/huffman/models/meta-llama/Llama-2-7b-hf/compressed/160/meta-llama/Llama-2-7b-hf/layer_27/self_attn.q_proj/compressed.pt --yaml_path tmp/160/yaml.yaml --weights_path /data/lliu/huffman/models/meta-llama/Llama-2-7b-hf/original_weights --device cuda:6 > /data/lliu/huffman/models/meta-llama/Llama-2-7b-hf/compressed/160/meta-llama/Llama-2-7b-hf/layer_27/self_attn.q_proj/compressed.log 2>&1 &
meta-llama/Llama-2-7b-hf/layer_4/mlp.up_proj is done
reading log /data/lliu/huffman/models/meta-llama/Llama-2-7b-hf/compressed/160/meta-llama/Llama-2-7b-hf/layer_4/mlp.up_proj/compressed.log
best_loss 59.91374588012695 running bpv: 2.012921
 40%|███▉      | 89/224 [11:59<18:37,  8.28s/it]COMMANDS_FINISHED 89 n_commands 224
meta-llama/Llama-2-7b-hf/layer_4/self_attn.v_proj is done
reading log /data/lliu/huffman/models/meta-llama/Llama-2-7b-hf/compressed/160/meta-llama/Llama-2-7b-hf/layer_4/self_attn.v_proj/compressed.log
best_loss 34.256622314453125 running bpv: 2.012945
COMMANDS_FINISHED 90 n_commands 224
running: nohup python -u scripts/1layer_compress/quantize_compress.py --hessian_path /data/lliu/huffman/models/meta-llama/Llama-2-7b-hf/hessians_new/seed_0/pajama/128/layer_27/self_attn.k_proj.pt --save_path /data/lliu/huffman/models/meta-llama/Llama-2-7b-hf/compressed/160/meta-llama/Llama-2-7b-hf/layer_27/self_attn.k_proj/compressed.pt --yaml_path tmp/160/yaml.yaml --weights_path /data/lliu/huffman/models/meta-llama/Llama-2-7b-hf/original_weights --device cuda:7 > /data/lliu/huffman/models/meta-llama/Llama-2-7b-hf/compressed/160/meta-llama/Llama-2-7b-hf/layer_27/self_attn.k_proj/compressed.log 2>&1 &
running: nohup python -u scripts/1layer_compress/quantize_compress.py --hessian_path /data/lliu/huffman/models/meta-llama/Llama-2-7b-hf/hessians_new/seed_0/pajama/128/layer_27/self_attn.o_proj.pt --save_path /data/lliu/huffman/models/meta-llama/Llama-2-7b-hf/compressed/160/meta-llama/Llama-2-7b-hf/layer_27/self_attn.o_proj/compressed.pt --yaml_path tmp/160/yaml.yaml --weights_path /data/lliu/huffman/models/meta-llama/Llama-2-7b-hf/original_weights --device cuda:5 > /data/lliu/huffman/models/meta-llama/Llama-2-7b-hf/compressed/160/meta-llama/Llama-2-7b-hf/layer_27/self_attn.o_proj/compressed.log 2>&1 &
meta-llama/Llama-2-7b-hf/layer_27/self_attn.q_proj is done
reading log /data/lliu/huffman/models/meta-llama/Llama-2-7b-hf/compressed/160/meta-llama/Llama-2-7b-hf/layer_27/self_attn.q_proj/compressed.log
best_loss 484.5702819824219 running bpv: 2.012968
 41%|████      | 91/224 [12:18<19:36,  8.84s/it]COMMANDS_FINISHED 91 n_commands 224
meta-llama/Llama-2-7b-hf/layer_4/mlp.down_proj is done
reading log /data/lliu/huffman/models/meta-llama/Llama-2-7b-hf/compressed/160/meta-llama/Llama-2-7b-hf/layer_4/mlp.down_proj/compressed.log
best_loss 1.7350072860717773 running bpv: 2.012936
COMMANDS_FINISHED 92 n_commands 224
running: nohup python -u scripts/1layer_compress/quantize_compress.py --hessian_path /data/lliu/huffman/models/meta-llama/Llama-2-7b-hf/hessians_new/seed_0/pajama/128/layer_27/mlp.down_proj.pt --save_path /data/lliu/huffman/models/meta-llama/Llama-2-7b-hf/compressed/160/meta-llama/Llama-2-7b-hf/layer_27/mlp.down_proj/compressed.pt --yaml_path tmp/160/yaml.yaml --weights_path /data/lliu/huffman/models/meta-llama/Llama-2-7b-hf/original_weights --device cuda:6 > /data/lliu/huffman/models/meta-llama/Llama-2-7b-hf/compressed/160/meta-llama/Llama-2-7b-hf/layer_27/mlp.down_proj/compressed.log 2>&1 &
running: nohup python -u scripts/1layer_compress/quantize_compress.py --hessian_path /data/lliu/huffman/models/meta-llama/Llama-2-7b-hf/hessians_new/seed_0/pajama/128/layer_27/self_attn.v_proj.pt --save_path /data/lliu/huffman/models/meta-llama/Llama-2-7b-hf/compressed/160/meta-llama/Llama-2-7b-hf/layer_27/self_attn.v_proj/compressed.pt --yaml_path tmp/160/yaml.yaml --weights_path /data/lliu/huffman/models/meta-llama/Llama-2-7b-hf/original_weights --device cuda:3 > /data/lliu/huffman/models/meta-llama/Llama-2-7b-hf/compressed/160/meta-llama/Llama-2-7b-hf/layer_27/self_attn.v_proj/compressed.log 2>&1 &
meta-llama/Llama-2-7b-hf/layer_27/self_attn.k_proj is done
reading log /data/lliu/huffman/models/meta-llama/Llama-2-7b-hf/compressed/160/meta-llama/Llama-2-7b-hf/layer_27/self_attn.k_proj/compressed.log
best_loss 519.49609375 running bpv: 2.012959
 42%|████▏     | 93/224 [12:30<16:50,  7.72s/it]COMMANDS_FINISHED 93 n_commands 224
running: nohup python -u scripts/1layer_compress/quantize_compress.py --hessian_path /data/lliu/huffman/models/meta-llama/Llama-2-7b-hf/hessians_new/seed_0/pajama/128/layer_2/mlp.gate_proj.pt --save_path /data/lliu/huffman/models/meta-llama/Llama-2-7b-hf/compressed/160/meta-llama/Llama-2-7b-hf/layer_2/mlp.gate_proj/compressed.pt --yaml_path tmp/160/yaml.yaml --weights_path /data/lliu/huffman/models/meta-llama/Llama-2-7b-hf/original_weights --device cuda:7 > /data/lliu/huffman/models/meta-llama/Llama-2-7b-hf/compressed/160/meta-llama/Llama-2-7b-hf/layer_2/mlp.gate_proj/compressed.log 2>&1 &
meta-llama/Llama-2-7b-hf/layer_27/self_attn.o_proj is done
reading log /data/lliu/huffman/models/meta-llama/Llama-2-7b-hf/compressed/160/meta-llama/Llama-2-7b-hf/layer_27/self_attn.o_proj/compressed.log
best_loss 22.03681755065918 running bpv: 2.012982
 42%|████▏     | 94/224 [12:37<16:22,  7.56s/it]COMMANDS_FINISHED 94 n_commands 224
running: nohup python -u scripts/1layer_compress/quantize_compress.py --hessian_path /data/lliu/huffman/models/meta-llama/Llama-2-7b-hf/hessians_new/seed_0/pajama/128/layer_2/mlp.up_proj.pt --save_path /data/lliu/huffman/models/meta-llama/Llama-2-7b-hf/compressed/160/meta-llama/Llama-2-7b-hf/layer_2/mlp.up_proj/compressed.pt --yaml_path tmp/160/yaml.yaml --weights_path /data/lliu/huffman/models/meta-llama/Llama-2-7b-hf/original_weights --device cuda:5 > /data/lliu/huffman/models/meta-llama/Llama-2-7b-hf/compressed/160/meta-llama/Llama-2-7b-hf/layer_2/mlp.up_proj/compressed.log 2>&1 &
meta-llama/Llama-2-7b-hf/layer_27/mlp.gate_proj is done
reading log /data/lliu/huffman/models/meta-llama/Llama-2-7b-hf/compressed/160/meta-llama/Llama-2-7b-hf/layer_27/mlp.gate_proj/compressed.log
best_loss 626.0490112304688 running bpv: 2.012951
 42%|████▏     | 95/224 [12:43<15:27,  7.19s/it]COMMANDS_FINISHED 95 n_commands 224
running: nohup python -u scripts/1layer_compress/quantize_compress.py --hessian_path /data/lliu/huffman/models/meta-llama/Llama-2-7b-hf/hessians_new/seed_0/pajama/128/layer_2/self_attn.q_proj.pt --save_path /data/lliu/huffman/models/meta-llama/Llama-2-7b-hf/compressed/160/meta-llama/Llama-2-7b-hf/layer_2/self_attn.q_proj/compressed.pt --yaml_path tmp/160/yaml.yaml --weights_path /data/lliu/huffman/models/meta-llama/Llama-2-7b-hf/original_weights --device cuda:4 > /data/lliu/huffman/models/meta-llama/Llama-2-7b-hf/compressed/160/meta-llama/Llama-2-7b-hf/layer_2/self_attn.q_proj/compressed.log 2>&1 &
meta-llama/Llama-2-7b-hf/layer_27/self_attn.v_proj is done
reading log /data/lliu/huffman/models/meta-llama/Llama-2-7b-hf/compressed/160/meta-llama/Llama-2-7b-hf/layer_27/self_attn.v_proj/compressed.log
best_loss 322.209228515625 running bpv: 2.012973
 43%|████▎     | 96/224 [12:52<16:19,  7.65s/it]COMMANDS_FINISHED 96 n_commands 224
running: nohup python -u scripts/1layer_compress/quantize_compress.py --hessian_path /data/lliu/huffman/models/meta-llama/Llama-2-7b-hf/hessians_new/seed_0/pajama/128/layer_2/self_attn.k_proj.pt --save_path /data/lliu/huffman/models/meta-llama/Llama-2-7b-hf/compressed/160/meta-llama/Llama-2-7b-hf/layer_2/self_attn.k_proj/compressed.pt --yaml_path tmp/160/yaml.yaml --weights_path /data/lliu/huffman/models/meta-llama/Llama-2-7b-hf/original_weights --device cuda:3 > /data/lliu/huffman/models/meta-llama/Llama-2-7b-hf/compressed/160/meta-llama/Llama-2-7b-hf/layer_2/self_attn.k_proj/compressed.log 2>&1 &
meta-llama/Llama-2-7b-hf/layer_27/mlp.up_proj is done
reading log /data/lliu/huffman/models/meta-llama/Llama-2-7b-hf/compressed/160/meta-llama/Llama-2-7b-hf/layer_27/mlp.up_proj/compressed.log
best_loss 538.1427001953125 running bpv: 2.012942
 43%|████▎     | 97/224 [12:58<15:15,  7.21s/it]COMMANDS_FINISHED 97 n_commands 224
running: nohup python -u scripts/1layer_compress/quantize_compress.py --hessian_path /data/lliu/huffman/models/meta-llama/Llama-2-7b-hf/hessians_new/seed_0/pajama/128/layer_2/self_attn.o_proj.pt --save_path /data/lliu/huffman/models/meta-llama/Llama-2-7b-hf/compressed/160/meta-llama/Llama-2-7b-hf/layer_2/self_attn.o_proj/compressed.pt --yaml_path tmp/160/yaml.yaml --weights_path /data/lliu/huffman/models/meta-llama/Llama-2-7b-hf/original_weights --device cuda:2 > /data/lliu/huffman/models/meta-llama/Llama-2-7b-hf/compressed/160/meta-llama/Llama-2-7b-hf/layer_2/self_attn.o_proj/compressed.log 2>&1 &
meta-llama/Llama-2-7b-hf/layer_2/self_attn.q_proj is done
reading log /data/lliu/huffman/models/meta-llama/Llama-2-7b-hf/compressed/160/meta-llama/Llama-2-7b-hf/layer_2/self_attn.q_proj/compressed.log
best_loss 61.065887451171875 running bpv: 2.012964
 44%|████▍     | 98/224 [13:13<19:40,  9.37s/it]COMMANDS_FINISHED 98 n_commands 224
running: nohup python -u scripts/1layer_compress/quantize_compress.py --hessian_path /data/lliu/huffman/models/meta-llama/Llama-2-7b-hf/hessians_new/seed_0/pajama/128/layer_2/mlp.down_proj.pt --save_path /data/lliu/huffman/models/meta-llama/Llama-2-7b-hf/compressed/160/meta-llama/Llama-2-7b-hf/layer_2/mlp.down_proj/compressed.pt --yaml_path tmp/160/yaml.yaml --weights_path /data/lliu/huffman/models/meta-llama/Llama-2-7b-hf/original_weights --device cuda:4 > /data/lliu/huffman/models/meta-llama/Llama-2-7b-hf/compressed/160/meta-llama/Llama-2-7b-hf/layer_2/mlp.down_proj/compressed.log 2>&1 &
meta-llama/Llama-2-7b-hf/layer_27/mlp.down_proj is done
reading log /data/lliu/huffman/models/meta-llama/Llama-2-7b-hf/compressed/160/meta-llama/Llama-2-7b-hf/layer_27/mlp.down_proj/compressed.log
best_loss 79.47135162353516 running bpv: 2.012935
 44%|████▍     | 99/224 [13:19<17:32,  8.42s/it]COMMANDS_FINISHED 99 n_commands 224
running: nohup python -u scripts/1layer_compress/quantize_compress.py --hessian_path /data/lliu/huffman/models/meta-llama/Llama-2-7b-hf/hessians_new/seed_0/pajama/128/layer_2/self_attn.v_proj.pt --save_path /data/lliu/huffman/models/meta-llama/Llama-2-7b-hf/compressed/160/meta-llama/Llama-2-7b-hf/layer_2/self_attn.v_proj/compressed.pt --yaml_path tmp/160/yaml.yaml --weights_path /data/lliu/huffman/models/meta-llama/Llama-2-7b-hf/original_weights --device cuda:6 > /data/lliu/huffman/models/meta-llama/Llama-2-7b-hf/compressed/160/meta-llama/Llama-2-7b-hf/layer_2/self_attn.v_proj/compressed.log 2>&1 &
meta-llama/Llama-2-7b-hf/layer_2/self_attn.k_proj is done
reading log /data/lliu/huffman/models/meta-llama/Llama-2-7b-hf/compressed/160/meta-llama/Llama-2-7b-hf/layer_2/self_attn.k_proj/compressed.log
best_loss 73.49484252929688 running bpv: 2.012956
 45%|████▍     | 100/224 [13:25<15:57,  7.72s/it]COMMANDS_FINISHED 100 n_commands 224
running: nohup python -u scripts/1layer_compress/quantize_compress.py --hessian_path /data/lliu/huffman/models/meta-llama/Llama-2-7b-hf/hessians_new/seed_0/pajama/128/layer_28/mlp.gate_proj.pt --save_path /data/lliu/huffman/models/meta-llama/Llama-2-7b-hf/compressed/160/meta-llama/Llama-2-7b-hf/layer_28/mlp.gate_proj/compressed.pt --yaml_path tmp/160/yaml.yaml --weights_path /data/lliu/huffman/models/meta-llama/Llama-2-7b-hf/original_weights --device cuda:3 > /data/lliu/huffman/models/meta-llama/Llama-2-7b-hf/compressed/160/meta-llama/Llama-2-7b-hf/layer_28/mlp.gate_proj/compressed.log 2>&1 &
meta-llama/Llama-2-7b-hf/layer_2/self_attn.o_proj is done
reading log /data/lliu/huffman/models/meta-llama/Llama-2-7b-hf/compressed/160/meta-llama/Llama-2-7b-hf/layer_2/self_attn.o_proj/compressed.log
best_loss 0.18310853838920593 running bpv: 2.012977
 45%|████▌     | 101/224 [13:31<14:48,  7.22s/it]COMMANDS_FINISHED 101 n_commands 224
running: nohup python -u scripts/1layer_compress/quantize_compress.py --hessian_path /data/lliu/huffman/models/meta-llama/Llama-2-7b-hf/hessians_new/seed_0/pajama/128/layer_28/mlp.up_proj.pt --save_path /data/lliu/huffman/models/meta-llama/Llama-2-7b-hf/compressed/160/meta-llama/Llama-2-7b-hf/layer_28/mlp.up_proj/compressed.pt --yaml_path tmp/160/yaml.yaml --weights_path /data/lliu/huffman/models/meta-llama/Llama-2-7b-hf/original_weights --device cuda:2 > /data/lliu/huffman/models/meta-llama/Llama-2-7b-hf/compressed/160/meta-llama/Llama-2-7b-hf/layer_28/mlp.up_proj/compressed.log 2>&1 &
meta-llama/Llama-2-7b-hf/layer_2/mlp.gate_proj is done
reading log /data/lliu/huffman/models/meta-llama/Llama-2-7b-hf/compressed/160/meta-llama/Llama-2-7b-hf/layer_2/mlp.gate_proj/compressed.log
best_loss 32.325557708740234 running bpv: 2.012948
 46%|████▌     | 102/224 [13:38<14:33,  7.16s/it]COMMANDS_FINISHED 102 n_commands 224
running: nohup python -u scripts/1layer_compress/quantize_compress.py --hessian_path /data/lliu/huffman/models/meta-llama/Llama-2-7b-hf/hessians_new/seed_0/pajama/128/layer_28/self_attn.q_proj.pt --save_path /data/lliu/huffman/models/meta-llama/Llama-2-7b-hf/compressed/160/meta-llama/Llama-2-7b-hf/layer_28/self_attn.q_proj/compressed.pt --yaml_path tmp/160/yaml.yaml --weights_path /data/lliu/huffman/models/meta-llama/Llama-2-7b-hf/original_weights --device cuda:7 > /data/lliu/huffman/models/meta-llama/Llama-2-7b-hf/compressed/160/meta-llama/Llama-2-7b-hf/layer_28/self_attn.q_proj/compressed.log 2>&1 &
meta-llama/Llama-2-7b-hf/layer_2/mlp.up_proj is done
reading log /data/lliu/huffman/models/meta-llama/Llama-2-7b-hf/compressed/160/meta-llama/Llama-2-7b-hf/layer_2/mlp.up_proj/compressed.log
best_loss 27.136795043945312 running bpv: 2.01292
 46%|████▌     | 103/224 [13:47<15:32,  7.71s/it]COMMANDS_FINISHED 103 n_commands 224
running: nohup python -u scripts/1layer_compress/quantize_compress.py --hessian_path /data/lliu/huffman/models/meta-llama/Llama-2-7b-hf/hessians_new/seed_0/pajama/128/layer_28/self_attn.k_proj.pt --save_path /data/lliu/huffman/models/meta-llama/Llama-2-7b-hf/compressed/160/meta-llama/Llama-2-7b-hf/layer_28/self_attn.k_proj/compressed.pt --yaml_path tmp/160/yaml.yaml --weights_path /data/lliu/huffman/models/meta-llama/Llama-2-7b-hf/original_weights --device cuda:5 > /data/lliu/huffman/models/meta-llama/Llama-2-7b-hf/compressed/160/meta-llama/Llama-2-7b-hf/layer_28/self_attn.k_proj/compressed.log 2>&1 &
meta-llama/Llama-2-7b-hf/layer_2/self_attn.v_proj is done
reading log /data/lliu/huffman/models/meta-llama/Llama-2-7b-hf/compressed/160/meta-llama/Llama-2-7b-hf/layer_2/self_attn.v_proj/compressed.log
best_loss 13.624948501586914 running bpv: 2.01294
 46%|████▋     | 104/224 [13:53<14:24,  7.20s/it]COMMANDS_FINISHED 104 n_commands 224
running: nohup python -u scripts/1layer_compress/quantize_compress.py --hessian_path /data/lliu/huffman/models/meta-llama/Llama-2-7b-hf/hessians_new/seed_0/pajama/128/layer_28/self_attn.o_proj.pt --save_path /data/lliu/huffman/models/meta-llama/Llama-2-7b-hf/compressed/160/meta-llama/Llama-2-7b-hf/layer_28/self_attn.o_proj/compressed.pt --yaml_path tmp/160/yaml.yaml --weights_path /data/lliu/huffman/models/meta-llama/Llama-2-7b-hf/original_weights --device cuda:6 > /data/lliu/huffman/models/meta-llama/Llama-2-7b-hf/compressed/160/meta-llama/Llama-2-7b-hf/layer_28/self_attn.o_proj/compressed.log 2>&1 &
meta-llama/Llama-2-7b-hf/layer_2/mlp.down_proj is done
reading log /data/lliu/huffman/models/meta-llama/Llama-2-7b-hf/compressed/160/meta-llama/Llama-2-7b-hf/layer_2/mlp.down_proj/compressed.log
best_loss 0.46606433391571045 running bpv: 2.012913
 47%|████▋     | 105/224 [14:08<18:53,  9.53s/it]COMMANDS_FINISHED 105 n_commands 224
running: nohup python -u scripts/1layer_compress/quantize_compress.py --hessian_path /data/lliu/huffman/models/meta-llama/Llama-2-7b-hf/hessians_new/seed_0/pajama/128/layer_28/mlp.down_proj.pt --save_path /data/lliu/huffman/models/meta-llama/Llama-2-7b-hf/compressed/160/meta-llama/Llama-2-7b-hf/layer_28/mlp.down_proj/compressed.pt --yaml_path tmp/160/yaml.yaml --weights_path /data/lliu/huffman/models/meta-llama/Llama-2-7b-hf/original_weights --device cuda:4 > /data/lliu/huffman/models/meta-llama/Llama-2-7b-hf/compressed/160/meta-llama/Llama-2-7b-hf/layer_28/mlp.down_proj/compressed.log 2>&1 &
meta-llama/Llama-2-7b-hf/layer_28/self_attn.q_proj is done
reading log /data/lliu/huffman/models/meta-llama/Llama-2-7b-hf/compressed/160/meta-llama/Llama-2-7b-hf/layer_28/self_attn.q_proj/compressed.log
best_loss 481.6322021484375 running bpv: 2.012933
 47%|████▋     | 106/224 [14:14<16:40,  8.48s/it]COMMANDS_FINISHED 106 n_commands 224
running: nohup python -u scripts/1layer_compress/quantize_compress.py --hessian_path /data/lliu/huffman/models/meta-llama/Llama-2-7b-hf/hessians_new/seed_0/pajama/128/layer_28/self_attn.v_proj.pt --save_path /data/lliu/huffman/models/meta-llama/Llama-2-7b-hf/compressed/160/meta-llama/Llama-2-7b-hf/layer_28/self_attn.v_proj/compressed.pt --yaml_path tmp/160/yaml.yaml --weights_path /data/lliu/huffman/models/meta-llama/Llama-2-7b-hf/original_weights --device cuda:7 > /data/lliu/huffman/models/meta-llama/Llama-2-7b-hf/compressed/160/meta-llama/Llama-2-7b-hf/layer_28/self_attn.v_proj/compressed.log 2>&1 &
meta-llama/Llama-2-7b-hf/layer_28/self_attn.k_proj is done
reading log /data/lliu/huffman/models/meta-llama/Llama-2-7b-hf/compressed/160/meta-llama/Llama-2-7b-hf/layer_28/self_attn.k_proj/compressed.log
best_loss 517.1095581054688 running bpv: 2.012953
 48%|████▊     | 107/224 [14:20<15:05,  7.74s/it]COMMANDS_FINISHED 107 n_commands 224
running: nohup python -u scripts/1layer_compress/quantize_compress.py --hessian_path /data/lliu/huffman/models/meta-llama/Llama-2-7b-hf/hessians_new/seed_0/pajama/128/layer_18/mlp.gate_proj.pt --save_path /data/lliu/huffman/models/meta-llama/Llama-2-7b-hf/compressed/160/meta-llama/Llama-2-7b-hf/layer_18/mlp.gate_proj/compressed.pt --yaml_path tmp/160/yaml.yaml --weights_path /data/lliu/huffman/models/meta-llama/Llama-2-7b-hf/original_weights --device cuda:5 > /data/lliu/huffman/models/meta-llama/Llama-2-7b-hf/compressed/160/meta-llama/Llama-2-7b-hf/layer_18/mlp.gate_proj/compressed.log 2>&1 &
meta-llama/Llama-2-7b-hf/layer_28/self_attn.o_proj is done
reading log /data/lliu/huffman/models/meta-llama/Llama-2-7b-hf/compressed/160/meta-llama/Llama-2-7b-hf/layer_28/self_attn.o_proj/compressed.log
best_loss 31.218040466308594 running bpv: 2.012973
 48%|████▊     | 108/224 [14:26<13:57,  7.22s/it]COMMANDS_FINISHED 108 n_commands 224
running: nohup python -u scripts/1layer_compress/quantize_compress.py --hessian_path /data/lliu/huffman/models/meta-llama/Llama-2-7b-hf/hessians_new/seed_0/pajama/128/layer_18/mlp.up_proj.pt --save_path /data/lliu/huffman/models/meta-llama/Llama-2-7b-hf/compressed/160/meta-llama/Llama-2-7b-hf/layer_18/mlp.up_proj/compressed.pt --yaml_path tmp/160/yaml.yaml --weights_path /data/lliu/huffman/models/meta-llama/Llama-2-7b-hf/original_weights --device cuda:6 > /data/lliu/huffman/models/meta-llama/Llama-2-7b-hf/compressed/160/meta-llama/Llama-2-7b-hf/layer_18/mlp.up_proj/compressed.log 2>&1 &
meta-llama/Llama-2-7b-hf/layer_28/mlp.gate_proj is done
reading log /data/lliu/huffman/models/meta-llama/Llama-2-7b-hf/compressed/160/meta-llama/Llama-2-7b-hf/layer_28/mlp.gate_proj/compressed.log
best_loss 657.877685546875 running bpv: 2.012946
 49%|████▊     | 109/224 [14:33<13:42,  7.16s/it]COMMANDS_FINISHED 109 n_commands 224
running: nohup python -u scripts/1layer_compress/quantize_compress.py --hessian_path /data/lliu/huffman/models/meta-llama/Llama-2-7b-hf/hessians_new/seed_0/pajama/128/layer_18/self_attn.q_proj.pt --save_path /data/lliu/huffman/models/meta-llama/Llama-2-7b-hf/compressed/160/meta-llama/Llama-2-7b-hf/layer_18/self_attn.q_proj/compressed.pt --yaml_path tmp/160/yaml.yaml --weights_path /data/lliu/huffman/models/meta-llama/Llama-2-7b-hf/original_weights --device cuda:3 > /data/lliu/huffman/models/meta-llama/Llama-2-7b-hf/compressed/160/meta-llama/Llama-2-7b-hf/layer_18/self_attn.q_proj/compressed.log 2>&1 &
meta-llama/Llama-2-7b-hf/layer_28/mlp.up_proj is done
reading log /data/lliu/huffman/models/meta-llama/Llama-2-7b-hf/compressed/160/meta-llama/Llama-2-7b-hf/layer_28/mlp.up_proj/compressed.log
best_loss 589.7538452148438 running bpv: 2.012919
 49%|████▉     | 110/224 [14:44<15:47,  8.31s/it]COMMANDS_FINISHED 110 n_commands 224
running: nohup python -u scripts/1layer_compress/quantize_compress.py --hessian_path /data/lliu/huffman/models/meta-llama/Llama-2-7b-hf/hessians_new/seed_0/pajama/128/layer_18/self_attn.k_proj.pt --save_path /data/lliu/huffman/models/meta-llama/Llama-2-7b-hf/compressed/160/meta-llama/Llama-2-7b-hf/layer_18/self_attn.k_proj/compressed.pt --yaml_path tmp/160/yaml.yaml --weights_path /data/lliu/huffman/models/meta-llama/Llama-2-7b-hf/original_weights --device cuda:2 > /data/lliu/huffman/models/meta-llama/Llama-2-7b-hf/compressed/160/meta-llama/Llama-2-7b-hf/layer_18/self_attn.k_proj/compressed.log 2>&1 &
meta-llama/Llama-2-7b-hf/layer_28/self_attn.v_proj is done
reading log /data/lliu/huffman/models/meta-llama/Llama-2-7b-hf/compressed/160/meta-llama/Llama-2-7b-hf/layer_28/self_attn.v_proj/compressed.log
best_loss 355.54693603515625 running bpv: 2.012939
 50%|████▉     | 111/224 [14:50<14:20,  7.62s/it]COMMANDS_FINISHED 111 n_commands 224
running: nohup python -u scripts/1layer_compress/quantize_compress.py --hessian_path /data/lliu/huffman/models/meta-llama/Llama-2-7b-hf/hessians_new/seed_0/pajama/128/layer_18/self_attn.o_proj.pt --save_path /data/lliu/huffman/models/meta-llama/Llama-2-7b-hf/compressed/160/meta-llama/Llama-2-7b-hf/layer_18/self_attn.o_proj/compressed.pt --yaml_path tmp/160/yaml.yaml --weights_path /data/lliu/huffman/models/meta-llama/Llama-2-7b-hf/original_weights --device cuda:7 > /data/lliu/huffman/models/meta-llama/Llama-2-7b-hf/compressed/160/meta-llama/Llama-2-7b-hf/layer_18/self_attn.o_proj/compressed.log 2>&1 &
meta-llama/Llama-2-7b-hf/layer_28/mlp.down_proj is done
reading log /data/lliu/huffman/models/meta-llama/Llama-2-7b-hf/compressed/160/meta-llama/Llama-2-7b-hf/layer_28/mlp.down_proj/compressed.log
best_loss 99.74451446533203 running bpv: 2.012913
 50%|█████     | 112/224 [15:03<17:14,  9.24s/it]COMMANDS_FINISHED 112 n_commands 224
meta-llama/Llama-2-7b-hf/layer_18/self_attn.q_proj is done
reading log /data/lliu/huffman/models/meta-llama/Llama-2-7b-hf/compressed/160/meta-llama/Llama-2-7b-hf/layer_18/self_attn.q_proj/compressed.log
best_loss 355.36749267578125 running bpv: 2.012932
COMMANDS_FINISHED 113 n_commands 224
running: nohup python -u scripts/1layer_compress/quantize_compress.py --hessian_path /data/lliu/huffman/models/meta-llama/Llama-2-7b-hf/hessians_new/seed_0/pajama/128/layer_18/mlp.down_proj.pt --save_path /data/lliu/huffman/models/meta-llama/Llama-2-7b-hf/compressed/160/meta-llama/Llama-2-7b-hf/layer_18/mlp.down_proj/compressed.pt --yaml_path tmp/160/yaml.yaml --weights_path /data/lliu/huffman/models/meta-llama/Llama-2-7b-hf/original_weights --device cuda:4 > /data/lliu/huffman/models/meta-llama/Llama-2-7b-hf/compressed/160/meta-llama/Llama-2-7b-hf/layer_18/mlp.down_proj/compressed.log 2>&1 &
running: nohup python -u scripts/1layer_compress/quantize_compress.py --hessian_path /data/lliu/huffman/models/meta-llama/Llama-2-7b-hf/hessians_new/seed_0/pajama/128/layer_18/self_attn.v_proj.pt --save_path /data/lliu/huffman/models/meta-llama/Llama-2-7b-hf/compressed/160/meta-llama/Llama-2-7b-hf/layer_18/self_attn.v_proj/compressed.pt --yaml_path tmp/160/yaml.yaml --weights_path /data/lliu/huffman/models/meta-llama/Llama-2-7b-hf/original_weights --device cuda:3 > /data/lliu/huffman/models/meta-llama/Llama-2-7b-hf/compressed/160/meta-llama/Llama-2-7b-hf/layer_18/self_attn.v_proj/compressed.log 2>&1 &
meta-llama/Llama-2-7b-hf/layer_18/self_attn.k_proj is done
reading log /data/lliu/huffman/models/meta-llama/Llama-2-7b-hf/compressed/160/meta-llama/Llama-2-7b-hf/layer_18/self_attn.k_proj/compressed.log
best_loss 389.9680480957031 running bpv: 2.012951
 51%|█████     | 114/224 [15:14<13:46,  7.51s/it]COMMANDS_FINISHED 114 n_commands 224
running: nohup python -u scripts/1layer_compress/quantize_compress.py --hessian_path /data/lliu/huffman/models/meta-llama/Llama-2-7b-hf/hessians_new/seed_0/pajama/128/layer_25/mlp.gate_proj.pt --save_path /data/lliu/huffman/models/meta-llama/Llama-2-7b-hf/compressed/160/meta-llama/Llama-2-7b-hf/layer_25/mlp.gate_proj/compressed.pt --yaml_path tmp/160/yaml.yaml --weights_path /data/lliu/huffman/models/meta-llama/Llama-2-7b-hf/original_weights --device cuda:2 > /data/lliu/huffman/models/meta-llama/Llama-2-7b-hf/compressed/160/meta-llama/Llama-2-7b-hf/layer_25/mlp.gate_proj/compressed.log 2>&1 &
meta-llama/Llama-2-7b-hf/layer_18/self_attn.o_proj is done
reading log /data/lliu/huffman/models/meta-llama/Llama-2-7b-hf/compressed/160/meta-llama/Llama-2-7b-hf/layer_18/self_attn.o_proj/compressed.log
best_loss 11.458503723144531 running bpv: 2.012969
 51%|█████▏    | 115/224 [15:20<12:58,  7.14s/it]COMMANDS_FINISHED 115 n_commands 224
running: nohup python -u scripts/1layer_compress/quantize_compress.py --hessian_path /data/lliu/huffman/models/meta-llama/Llama-2-7b-hf/hessians_new/seed_0/pajama/128/layer_25/mlp.up_proj.pt --save_path /data/lliu/huffman/models/meta-llama/Llama-2-7b-hf/compressed/160/meta-llama/Llama-2-7b-hf/layer_25/mlp.up_proj/compressed.pt --yaml_path tmp/160/yaml.yaml --weights_path /data/lliu/huffman/models/meta-llama/Llama-2-7b-hf/original_weights --device cuda:7 > /data/lliu/huffman/models/meta-llama/Llama-2-7b-hf/compressed/160/meta-llama/Llama-2-7b-hf/layer_25/mlp.up_proj/compressed.log 2>&1 &
meta-llama/Llama-2-7b-hf/layer_18/mlp.gate_proj is done
reading log /data/lliu/huffman/models/meta-llama/Llama-2-7b-hf/compressed/160/meta-llama/Llama-2-7b-hf/layer_18/mlp.gate_proj/compressed.log
best_loss 344.79864501953125 running bpv: 2.012944
 52%|█████▏    | 116/224 [15:26<12:19,  6.84s/it]COMMANDS_FINISHED 116 n_commands 224
running: nohup python -u scripts/1layer_compress/quantize_compress.py --hessian_path /data/lliu/huffman/models/meta-llama/Llama-2-7b-hf/hessians_new/seed_0/pajama/128/layer_25/self_attn.q_proj.pt --save_path /data/lliu/huffman/models/meta-llama/Llama-2-7b-hf/compressed/160/meta-llama/Llama-2-7b-hf/layer_25/self_attn.q_proj/compressed.pt --yaml_path tmp/160/yaml.yaml --weights_path /data/lliu/huffman/models/meta-llama/Llama-2-7b-hf/original_weights --device cuda:5 > /data/lliu/huffman/models/meta-llama/Llama-2-7b-hf/compressed/160/meta-llama/Llama-2-7b-hf/layer_25/self_attn.q_proj/compressed.log 2>&1 &
meta-llama/Llama-2-7b-hf/layer_18/mlp.up_proj is done
reading log /data/lliu/huffman/models/meta-llama/Llama-2-7b-hf/compressed/160/meta-llama/Llama-2-7b-hf/layer_18/mlp.up_proj/compressed.log
best_loss 300.1553955078125 running bpv: 2.012919
 52%|█████▏    | 117/224 [15:36<13:44,  7.70s/it]COMMANDS_FINISHED 117 n_commands 224
running: nohup python -u scripts/1layer_compress/quantize_compress.py --hessian_path /data/lliu/huffman/models/meta-llama/Llama-2-7b-hf/hessians_new/seed_0/pajama/128/layer_25/self_attn.k_proj.pt --save_path /data/lliu/huffman/models/meta-llama/Llama-2-7b-hf/compressed/160/meta-llama/Llama-2-7b-hf/layer_25/self_attn.k_proj/compressed.pt --yaml_path tmp/160/yaml.yaml --weights_path /data/lliu/huffman/models/meta-llama/Llama-2-7b-hf/original_weights --device cuda:6 > /data/lliu/huffman/models/meta-llama/Llama-2-7b-hf/compressed/160/meta-llama/Llama-2-7b-hf/layer_25/self_attn.k_proj/compressed.log 2>&1 &
meta-llama/Llama-2-7b-hf/layer_18/self_attn.v_proj is done
reading log /data/lliu/huffman/models/meta-llama/Llama-2-7b-hf/compressed/160/meta-llama/Llama-2-7b-hf/layer_18/self_attn.v_proj/compressed.log
best_loss 164.66738891601562 running bpv: 2.012937
 53%|█████▎    | 118/224 [15:42<12:46,  7.23s/it]COMMANDS_FINISHED 118 n_commands 224
running: nohup python -u scripts/1layer_compress/quantize_compress.py --hessian_path /data/lliu/huffman/models/meta-llama/Llama-2-7b-hf/hessians_new/seed_0/pajama/128/layer_25/self_attn.o_proj.pt --save_path /data/lliu/huffman/models/meta-llama/Llama-2-7b-hf/compressed/160/meta-llama/Llama-2-7b-hf/layer_25/self_attn.o_proj/compressed.pt --yaml_path tmp/160/yaml.yaml --weights_path /data/lliu/huffman/models/meta-llama/Llama-2-7b-hf/original_weights --device cuda:3 > /data/lliu/huffman/models/meta-llama/Llama-2-7b-hf/compressed/160/meta-llama/Llama-2-7b-hf/layer_25/self_attn.o_proj/compressed.log 2>&1 &
meta-llama/Llama-2-7b-hf/layer_25/self_attn.q_proj is done
reading log /data/lliu/huffman/models/meta-llama/Llama-2-7b-hf/compressed/160/meta-llama/Llama-2-7b-hf/layer_25/self_attn.q_proj/compressed.log
best_loss 456.0169677734375 running bpv: 2.012955
 53%|█████▎    | 119/224 [15:58<17:02,  9.74s/it]COMMANDS_FINISHED 119 n_commands 224
meta-llama/Llama-2-7b-hf/layer_18/mlp.down_proj is done
reading log /data/lliu/huffman/models/meta-llama/Llama-2-7b-hf/compressed/160/meta-llama/Llama-2-7b-hf/layer_18/mlp.down_proj/compressed.log
best_loss 34.76601791381836 running bpv: 2.012931
COMMANDS_FINISHED 120 n_commands 224
running: nohup python -u scripts/1layer_compress/quantize_compress.py --hessian_path /data/lliu/huffman/models/meta-llama/Llama-2-7b-hf/hessians_new/seed_0/pajama/128/layer_25/mlp.down_proj.pt --save_path /data/lliu/huffman/models/meta-llama/Llama-2-7b-hf/compressed/160/meta-llama/Llama-2-7b-hf/layer_25/mlp.down_proj/compressed.pt --yaml_path tmp/160/yaml.yaml --weights_path /data/lliu/huffman/models/meta-llama/Llama-2-7b-hf/original_weights --device cuda:5 > /data/lliu/huffman/models/meta-llama/Llama-2-7b-hf/compressed/160/meta-llama/Llama-2-7b-hf/layer_25/mlp.down_proj/compressed.log 2>&1 &
running: nohup python -u scripts/1layer_compress/quantize_compress.py --hessian_path /data/lliu/huffman/models/meta-llama/Llama-2-7b-hf/hessians_new/seed_0/pajama/128/layer_25/self_attn.v_proj.pt --save_path /data/lliu/huffman/models/meta-llama/Llama-2-7b-hf/compressed/160/meta-llama/Llama-2-7b-hf/layer_25/self_attn.v_proj/compressed.pt --yaml_path tmp/160/yaml.yaml --weights_path /data/lliu/huffman/models/meta-llama/Llama-2-7b-hf/original_weights --device cuda:4 > /data/lliu/huffman/models/meta-llama/Llama-2-7b-hf/compressed/160/meta-llama/Llama-2-7b-hf/layer_25/self_attn.v_proj/compressed.log 2>&1 &
meta-llama/Llama-2-7b-hf/layer_25/self_attn.k_proj is done
reading log /data/lliu/huffman/models/meta-llama/Llama-2-7b-hf/compressed/160/meta-llama/Llama-2-7b-hf/layer_25/self_attn.k_proj/compressed.log
best_loss 481.39306640625 running bpv: 2.012949
 54%|█████▍    | 121/224 [16:09<13:27,  7.84s/it]COMMANDS_FINISHED 121 n_commands 224
running: nohup python -u scripts/1layer_compress/quantize_compress.py --hessian_path /data/lliu/huffman/models/meta-llama/Llama-2-7b-hf/hessians_new/seed_0/pajama/128/layer_30/mlp.gate_proj.pt --save_path /data/lliu/huffman/models/meta-llama/Llama-2-7b-hf/compressed/160/meta-llama/Llama-2-7b-hf/layer_30/mlp.gate_proj/compressed.pt --yaml_path tmp/160/yaml.yaml --weights_path /data/lliu/huffman/models/meta-llama/Llama-2-7b-hf/original_weights --device cuda:6 > /data/lliu/huffman/models/meta-llama/Llama-2-7b-hf/compressed/160/meta-llama/Llama-2-7b-hf/layer_30/mlp.gate_proj/compressed.log 2>&1 &
meta-llama/Llama-2-7b-hf/layer_25/self_attn.o_proj is done
reading log /data/lliu/huffman/models/meta-llama/Llama-2-7b-hf/compressed/160/meta-llama/Llama-2-7b-hf/layer_25/self_attn.o_proj/compressed.log
best_loss 14.047322273254395 running bpv: 2.012966
 54%|█████▍    | 122/224 [16:15<12:33,  7.39s/it]COMMANDS_FINISHED 122 n_commands 224
running: nohup python -u scripts/1layer_compress/quantize_compress.py --hessian_path /data/lliu/huffman/models/meta-llama/Llama-2-7b-hf/hessians_new/seed_0/pajama/128/layer_30/mlp.up_proj.pt --save_path /data/lliu/huffman/models/meta-llama/Llama-2-7b-hf/compressed/160/meta-llama/Llama-2-7b-hf/layer_30/mlp.up_proj/compressed.pt --yaml_path tmp/160/yaml.yaml --weights_path /data/lliu/huffman/models/meta-llama/Llama-2-7b-hf/original_weights --device cuda:3 > /data/lliu/huffman/models/meta-llama/Llama-2-7b-hf/compressed/160/meta-llama/Llama-2-7b-hf/layer_30/mlp.up_proj/compressed.log 2>&1 &
meta-llama/Llama-2-7b-hf/layer_25/mlp.gate_proj is done
reading log /data/lliu/huffman/models/meta-llama/Llama-2-7b-hf/compressed/160/meta-llama/Llama-2-7b-hf/layer_25/mlp.gate_proj/compressed.log
best_loss 549.1783447265625 running bpv: 2.012942
 55%|█████▍    | 123/224 [16:22<12:16,  7.29s/it]COMMANDS_FINISHED 123 n_commands 224
running: nohup python -u scripts/1layer_compress/quantize_compress.py --hessian_path /data/lliu/huffman/models/meta-llama/Llama-2-7b-hf/hessians_new/seed_0/pajama/128/layer_30/self_attn.q_proj.pt --save_path /data/lliu/huffman/models/meta-llama/Llama-2-7b-hf/compressed/160/meta-llama/Llama-2-7b-hf/layer_30/self_attn.q_proj/compressed.pt --yaml_path tmp/160/yaml.yaml --weights_path /data/lliu/huffman/models/meta-llama/Llama-2-7b-hf/original_weights --device cuda:2 > /data/lliu/huffman/models/meta-llama/Llama-2-7b-hf/compressed/160/meta-llama/Llama-2-7b-hf/layer_30/self_attn.q_proj/compressed.log 2>&1 &
meta-llama/Llama-2-7b-hf/layer_25/mlp.up_proj is done
reading log /data/lliu/huffman/models/meta-llama/Llama-2-7b-hf/compressed/160/meta-llama/Llama-2-7b-hf/layer_25/mlp.up_proj/compressed.log
best_loss 465.1164855957031 running bpv: 2.012919
 55%|█████▌    | 124/224 [16:28<11:34,  6.95s/it]COMMANDS_FINISHED 124 n_commands 224
running: nohup python -u scripts/1layer_compress/quantize_compress.py --hessian_path /data/lliu/huffman/models/meta-llama/Llama-2-7b-hf/hessians_new/seed_0/pajama/128/layer_30/self_attn.k_proj.pt --save_path /data/lliu/huffman/models/meta-llama/Llama-2-7b-hf/compressed/160/meta-llama/Llama-2-7b-hf/layer_30/self_attn.k_proj/compressed.pt --yaml_path tmp/160/yaml.yaml --weights_path /data/lliu/huffman/models/meta-llama/Llama-2-7b-hf/original_weights --device cuda:7 > /data/lliu/huffman/models/meta-llama/Llama-2-7b-hf/compressed/160/meta-llama/Llama-2-7b-hf/layer_30/self_attn.k_proj/compressed.log 2>&1 &
meta-llama/Llama-2-7b-hf/layer_25/self_attn.v_proj is done
reading log /data/lliu/huffman/models/meta-llama/Llama-2-7b-hf/compressed/160/meta-llama/Llama-2-7b-hf/layer_25/self_attn.v_proj/compressed.log
best_loss 311.9732971191406 running bpv: 2.012936
 56%|█████▌    | 125/224 [16:34<11:01,  6.69s/it]COMMANDS_FINISHED 125 n_commands 224
running: nohup python -u scripts/1layer_compress/quantize_compress.py --hessian_path /data/lliu/huffman/models/meta-llama/Llama-2-7b-hf/hessians_new/seed_0/pajama/128/layer_30/self_attn.o_proj.pt --save_path /data/lliu/huffman/models/meta-llama/Llama-2-7b-hf/compressed/160/meta-llama/Llama-2-7b-hf/layer_30/self_attn.o_proj/compressed.pt --yaml_path tmp/160/yaml.yaml --weights_path /data/lliu/huffman/models/meta-llama/Llama-2-7b-hf/original_weights --device cuda:4 > /data/lliu/huffman/models/meta-llama/Llama-2-7b-hf/compressed/160/meta-llama/Llama-2-7b-hf/layer_30/self_attn.o_proj/compressed.log 2>&1 &
meta-llama/Llama-2-7b-hf/layer_25/mlp.down_proj is done
reading log /data/lliu/huffman/models/meta-llama/Llama-2-7b-hf/compressed/160/meta-llama/Llama-2-7b-hf/layer_25/mlp.down_proj/compressed.log
best_loss 62.208839416503906 running bpv: 2.012913
 56%|█████▋    | 126/224 [16:53<16:38, 10.19s/it]COMMANDS_FINISHED 126 n_commands 224
meta-llama/Llama-2-7b-hf/layer_30/self_attn.q_proj is done
reading log /data/lliu/huffman/models/meta-llama/Llama-2-7b-hf/compressed/160/meta-llama/Llama-2-7b-hf/layer_30/self_attn.q_proj/compressed.log
best_loss 476.1207275390625 running bpv: 2.01293
COMMANDS_FINISHED 127 n_commands 224
running: nohup python -u scripts/1layer_compress/quantize_compress.py --hessian_path /data/lliu/huffman/models/meta-llama/Llama-2-7b-hf/hessians_new/seed_0/pajama/128/layer_30/mlp.down_proj.pt --save_path /data/lliu/huffman/models/meta-llama/Llama-2-7b-hf/compressed/160/meta-llama/Llama-2-7b-hf/layer_30/mlp.down_proj/compressed.pt --yaml_path tmp/160/yaml.yaml --weights_path /data/lliu/huffman/models/meta-llama/Llama-2-7b-hf/original_weights --device cuda:5 > /data/lliu/huffman/models/meta-llama/Llama-2-7b-hf/compressed/160/meta-llama/Llama-2-7b-hf/layer_30/mlp.down_proj/compressed.log 2>&1 &
running: nohup python -u scripts/1layer_compress/quantize_compress.py --hessian_path /data/lliu/huffman/models/meta-llama/Llama-2-7b-hf/hessians_new/seed_0/pajama/128/layer_30/self_attn.v_proj.pt --save_path /data/lliu/huffman/models/meta-llama/Llama-2-7b-hf/compressed/160/meta-llama/Llama-2-7b-hf/layer_30/self_attn.v_proj/compressed.pt --yaml_path tmp/160/yaml.yaml --weights_path /data/lliu/huffman/models/meta-llama/Llama-2-7b-hf/original_weights --device cuda:2 > /data/lliu/huffman/models/meta-llama/Llama-2-7b-hf/compressed/160/meta-llama/Llama-2-7b-hf/layer_30/self_attn.v_proj/compressed.log 2>&1 &
meta-llama/Llama-2-7b-hf/layer_30/self_attn.k_proj is done
reading log /data/lliu/huffman/models/meta-llama/Llama-2-7b-hf/compressed/160/meta-llama/Llama-2-7b-hf/layer_30/self_attn.k_proj/compressed.log
best_loss 514.8375854492188 running bpv: 2.012947
 57%|█████▋    | 128/224 [17:04<12:56,  8.09s/it]COMMANDS_FINISHED 128 n_commands 224
running: nohup python -u scripts/1layer_compress/quantize_compress.py --hessian_path /data/lliu/huffman/models/meta-llama/Llama-2-7b-hf/hessians_new/seed_0/pajama/128/layer_29/mlp.gate_proj.pt --save_path /data/lliu/huffman/models/meta-llama/Llama-2-7b-hf/compressed/160/meta-llama/Llama-2-7b-hf/layer_29/mlp.gate_proj/compressed.pt --yaml_path tmp/160/yaml.yaml --weights_path /data/lliu/huffman/models/meta-llama/Llama-2-7b-hf/original_weights --device cuda:7 > /data/lliu/huffman/models/meta-llama/Llama-2-7b-hf/compressed/160/meta-llama/Llama-2-7b-hf/layer_29/mlp.gate_proj/compressed.log 2>&1 &
meta-llama/Llama-2-7b-hf/layer_30/self_attn.o_proj is done
reading log /data/lliu/huffman/models/meta-llama/Llama-2-7b-hf/compressed/160/meta-llama/Llama-2-7b-hf/layer_30/self_attn.o_proj/compressed.log
best_loss 43.94005584716797 running bpv: 2.012963
 58%|█████▊    | 129/224 [17:10<12:00,  7.58s/it]COMMANDS_FINISHED 129 n_commands 224
running: nohup python -u scripts/1layer_compress/quantize_compress.py --hessian_path /data/lliu/huffman/models/meta-llama/Llama-2-7b-hf/hessians_new/seed_0/pajama/128/layer_29/mlp.up_proj.pt --save_path /data/lliu/huffman/models/meta-llama/Llama-2-7b-hf/compressed/160/meta-llama/Llama-2-7b-hf/layer_29/mlp.up_proj/compressed.pt --yaml_path tmp/160/yaml.yaml --weights_path /data/lliu/huffman/models/meta-llama/Llama-2-7b-hf/original_weights --device cuda:4 > /data/lliu/huffman/models/meta-llama/Llama-2-7b-hf/compressed/160/meta-llama/Llama-2-7b-hf/layer_29/mlp.up_proj/compressed.log 2>&1 &
meta-llama/Llama-2-7b-hf/layer_30/mlp.gate_proj is done
reading log /data/lliu/huffman/models/meta-llama/Llama-2-7b-hf/compressed/160/meta-llama/Llama-2-7b-hf/layer_30/mlp.gate_proj/compressed.log
best_loss 792.1351928710938 running bpv: 2.01294
 58%|█████▊    | 130/224 [17:17<11:38,  7.44s/it]COMMANDS_FINISHED 130 n_commands 224
running: nohup python -u scripts/1layer_compress/quantize_compress.py --hessian_path /data/lliu/huffman/models/meta-llama/Llama-2-7b-hf/hessians_new/seed_0/pajama/128/layer_29/self_attn.q_proj.pt --save_path /data/lliu/huffman/models/meta-llama/Llama-2-7b-hf/compressed/160/meta-llama/Llama-2-7b-hf/layer_29/self_attn.q_proj/compressed.pt --yaml_path tmp/160/yaml.yaml --weights_path /data/lliu/huffman/models/meta-llama/Llama-2-7b-hf/original_weights --device cuda:6 > /data/lliu/huffman/models/meta-llama/Llama-2-7b-hf/compressed/160/meta-llama/Llama-2-7b-hf/layer_29/self_attn.q_proj/compressed.log 2>&1 &
meta-llama/Llama-2-7b-hf/layer_30/mlp.up_proj is done
reading log /data/lliu/huffman/models/meta-llama/Llama-2-7b-hf/compressed/160/meta-llama/Llama-2-7b-hf/layer_30/mlp.up_proj/compressed.log
best_loss 715.87841796875 running bpv: 2.012918
 58%|█████▊    | 131/224 [17:23<10:55,  7.05s/it]COMMANDS_FINISHED 131 n_commands 224
running: nohup python -u scripts/1layer_compress/quantize_compress.py --hessian_path /data/lliu/huffman/models/meta-llama/Llama-2-7b-hf/hessians_new/seed_0/pajama/128/layer_29/self_attn.k_proj.pt --save_path /data/lliu/huffman/models/meta-llama/Llama-2-7b-hf/compressed/160/meta-llama/Llama-2-7b-hf/layer_29/self_attn.k_proj/compressed.pt --yaml_path tmp/160/yaml.yaml --weights_path /data/lliu/huffman/models/meta-llama/Llama-2-7b-hf/original_weights --device cuda:3 > /data/lliu/huffman/models/meta-llama/Llama-2-7b-hf/compressed/160/meta-llama/Llama-2-7b-hf/layer_29/self_attn.k_proj/compressed.log 2>&1 &
meta-llama/Llama-2-7b-hf/layer_30/self_attn.v_proj is done
reading log /data/lliu/huffman/models/meta-llama/Llama-2-7b-hf/compressed/160/meta-llama/Llama-2-7b-hf/layer_30/self_attn.v_proj/compressed.log
best_loss 379.79071044921875 running bpv: 2.012935
 59%|█████▉    | 132/224 [17:29<10:22,  6.76s/it]COMMANDS_FINISHED 132 n_commands 224
running: nohup python -u scripts/1layer_compress/quantize_compress.py --hessian_path /data/lliu/huffman/models/meta-llama/Llama-2-7b-hf/hessians_new/seed_0/pajama/128/layer_29/self_attn.o_proj.pt --save_path /data/lliu/huffman/models/meta-llama/Llama-2-7b-hf/compressed/160/meta-llama/Llama-2-7b-hf/layer_29/self_attn.o_proj/compressed.pt --yaml_path tmp/160/yaml.yaml --weights_path /data/lliu/huffman/models/meta-llama/Llama-2-7b-hf/original_weights --device cuda:2 > /data/lliu/huffman/models/meta-llama/Llama-2-7b-hf/compressed/160/meta-llama/Llama-2-7b-hf/layer_29/self_attn.o_proj/compressed.log 2>&1 &
meta-llama/Llama-2-7b-hf/layer_29/self_attn.q_proj is done
reading log /data/lliu/huffman/models/meta-llama/Llama-2-7b-hf/compressed/160/meta-llama/Llama-2-7b-hf/layer_29/self_attn.q_proj/compressed.log
best_loss 434.16375732421875 running bpv: 2.012951
 59%|█████▉    | 133/224 [17:48<15:31, 10.24s/it]COMMANDS_FINISHED 133 n_commands 224
running: nohup python -u scripts/1layer_compress/quantize_compress.py --hessian_path /data/lliu/huffman/models/meta-llama/Llama-2-7b-hf/hessians_new/seed_0/pajama/128/layer_29/mlp.down_proj.pt --save_path /data/lliu/huffman/models/meta-llama/Llama-2-7b-hf/compressed/160/meta-llama/Llama-2-7b-hf/layer_29/mlp.down_proj/compressed.pt --yaml_path tmp/160/yaml.yaml --weights_path /data/lliu/huffman/models/meta-llama/Llama-2-7b-hf/original_weights --device cuda:6 > /data/lliu/huffman/models/meta-llama/Llama-2-7b-hf/compressed/160/meta-llama/Llama-2-7b-hf/layer_29/mlp.down_proj/compressed.log 2>&1 &
meta-llama/Llama-2-7b-hf/layer_30/mlp.down_proj is done
reading log /data/lliu/huffman/models/meta-llama/Llama-2-7b-hf/compressed/160/meta-llama/Llama-2-7b-hf/layer_30/mlp.down_proj/compressed.log
best_loss 177.7088623046875 running bpv: 2.012929
 60%|█████▉    | 134/224 [17:54<13:31,  9.02s/it]COMMANDS_FINISHED 134 n_commands 224
meta-llama/Llama-2-7b-hf/layer_29/self_attn.k_proj is done
reading log /data/lliu/huffman/models/meta-llama/Llama-2-7b-hf/compressed/160/meta-llama/Llama-2-7b-hf/layer_29/self_attn.k_proj/compressed.log
best_loss 476.26605224609375 running bpv: 2.012945
COMMANDS_FINISHED 135 n_commands 224
running: nohup python -u scripts/1layer_compress/quantize_compress.py --hessian_path /data/lliu/huffman/models/meta-llama/Llama-2-7b-hf/hessians_new/seed_0/pajama/128/layer_29/self_attn.v_proj.pt --save_path /data/lliu/huffman/models/meta-llama/Llama-2-7b-hf/compressed/160/meta-llama/Llama-2-7b-hf/layer_29/self_attn.v_proj/compressed.pt --yaml_path tmp/160/yaml.yaml --weights_path /data/lliu/huffman/models/meta-llama/Llama-2-7b-hf/original_weights --device cuda:5 > /data/lliu/huffman/models/meta-llama/Llama-2-7b-hf/compressed/160/meta-llama/Llama-2-7b-hf/layer_29/self_attn.v_proj/compressed.log 2>&1 &
running: nohup python -u scripts/1layer_compress/quantize_compress.py --hessian_path /data/lliu/huffman/models/meta-llama/Llama-2-7b-hf/hessians_new/seed_0/pajama/128/layer_16/mlp.gate_proj.pt --save_path /data/lliu/huffman/models/meta-llama/Llama-2-7b-hf/compressed/160/meta-llama/Llama-2-7b-hf/layer_16/mlp.gate_proj/compressed.pt --yaml_path tmp/160/yaml.yaml --weights_path /data/lliu/huffman/models/meta-llama/Llama-2-7b-hf/original_weights --device cuda:3 > /data/lliu/huffman/models/meta-llama/Llama-2-7b-hf/compressed/160/meta-llama/Llama-2-7b-hf/layer_16/mlp.gate_proj/compressed.log 2>&1 &
meta-llama/Llama-2-7b-hf/layer_29/self_attn.o_proj is done
reading log /data/lliu/huffman/models/meta-llama/Llama-2-7b-hf/compressed/160/meta-llama/Llama-2-7b-hf/layer_29/self_attn.o_proj/compressed.log
best_loss 33.58861541748047 running bpv: 2.012961
 61%|██████    | 136/224 [18:05<10:53,  7.43s/it]COMMANDS_FINISHED 136 n_commands 224
running: nohup python -u scripts/1layer_compress/quantize_compress.py --hessian_path /data/lliu/huffman/models/meta-llama/Llama-2-7b-hf/hessians_new/seed_0/pajama/128/layer_16/mlp.up_proj.pt --save_path /data/lliu/huffman/models/meta-llama/Llama-2-7b-hf/compressed/160/meta-llama/Llama-2-7b-hf/layer_16/mlp.up_proj/compressed.pt --yaml_path tmp/160/yaml.yaml --weights_path /data/lliu/huffman/models/meta-llama/Llama-2-7b-hf/original_weights --device cuda:2 > /data/lliu/huffman/models/meta-llama/Llama-2-7b-hf/compressed/160/meta-llama/Llama-2-7b-hf/layer_16/mlp.up_proj/compressed.log 2>&1 &
meta-llama/Llama-2-7b-hf/layer_29/mlp.gate_proj is done
reading log /data/lliu/huffman/models/meta-llama/Llama-2-7b-hf/compressed/160/meta-llama/Llama-2-7b-hf/layer_29/mlp.gate_proj/compressed.log
best_loss 696.2137451171875 running bpv: 2.012939
 61%|██████    | 137/224 [18:11<10:16,  7.08s/it]COMMANDS_FINISHED 137 n_commands 224
running: nohup python -u scripts/1layer_compress/quantize_compress.py --hessian_path /data/lliu/huffman/models/meta-llama/Llama-2-7b-hf/hessians_new/seed_0/pajama/128/layer_16/self_attn.q_proj.pt --save_path /data/lliu/huffman/models/meta-llama/Llama-2-7b-hf/compressed/160/meta-llama/Llama-2-7b-hf/layer_16/self_attn.q_proj/compressed.pt --yaml_path tmp/160/yaml.yaml --weights_path /data/lliu/huffman/models/meta-llama/Llama-2-7b-hf/original_weights --device cuda:7 > /data/lliu/huffman/models/meta-llama/Llama-2-7b-hf/compressed/160/meta-llama/Llama-2-7b-hf/layer_16/self_attn.q_proj/compressed.log 2>&1 &
meta-llama/Llama-2-7b-hf/layer_29/mlp.up_proj is done
reading log /data/lliu/huffman/models/meta-llama/Llama-2-7b-hf/compressed/160/meta-llama/Llama-2-7b-hf/layer_29/mlp.up_proj/compressed.log
best_loss 639.806396484375 running bpv: 2.012918
 62%|██████▏   | 138/224 [18:18<10:07,  7.06s/it]COMMANDS_FINISHED 138 n_commands 224
running: nohup python -u scripts/1layer_compress/quantize_compress.py --hessian_path /data/lliu/huffman/models/meta-llama/Llama-2-7b-hf/hessians_new/seed_0/pajama/128/layer_16/self_attn.k_proj.pt --save_path /data/lliu/huffman/models/meta-llama/Llama-2-7b-hf/compressed/160/meta-llama/Llama-2-7b-hf/layer_16/self_attn.k_proj/compressed.pt --yaml_path tmp/160/yaml.yaml --weights_path /data/lliu/huffman/models/meta-llama/Llama-2-7b-hf/original_weights --device cuda:4 > /data/lliu/huffman/models/meta-llama/Llama-2-7b-hf/compressed/160/meta-llama/Llama-2-7b-hf/layer_16/self_attn.k_proj/compressed.log 2>&1 &
meta-llama/Llama-2-7b-hf/layer_29/self_attn.v_proj is done
reading log /data/lliu/huffman/models/meta-llama/Llama-2-7b-hf/compressed/160/meta-llama/Llama-2-7b-hf/layer_29/self_attn.v_proj/compressed.log
best_loss 333.5514831542969 running bpv: 2.012934
 62%|██████▏   | 139/224 [18:24<09:36,  6.78s/it]COMMANDS_FINISHED 139 n_commands 224
running: nohup python -u scripts/1layer_compress/quantize_compress.py --hessian_path /data/lliu/huffman/models/meta-llama/Llama-2-7b-hf/hessians_new/seed_0/pajama/128/layer_16/self_attn.o_proj.pt --save_path /data/lliu/huffman/models/meta-llama/Llama-2-7b-hf/compressed/160/meta-llama/Llama-2-7b-hf/layer_16/self_attn.o_proj/compressed.pt --yaml_path tmp/160/yaml.yaml --weights_path /data/lliu/huffman/models/meta-llama/Llama-2-7b-hf/original_weights --device cuda:5 > /data/lliu/huffman/models/meta-llama/Llama-2-7b-hf/compressed/160/meta-llama/Llama-2-7b-hf/layer_16/self_attn.o_proj/compressed.log 2>&1 &
meta-llama/Llama-2-7b-hf/layer_16/self_attn.q_proj is done
reading log /data/lliu/huffman/models/meta-llama/Llama-2-7b-hf/compressed/160/meta-llama/Llama-2-7b-hf/layer_16/self_attn.q_proj/compressed.log
best_loss 308.84979248046875 running bpv: 2.012949
 62%|██████▎   | 140/224 [18:42<13:51,  9.90s/it]COMMANDS_FINISHED 140 n_commands 224
running: nohup python -u scripts/1layer_compress/quantize_compress.py --hessian_path /data/lliu/huffman/models/meta-llama/Llama-2-7b-hf/hessians_new/seed_0/pajama/128/layer_16/mlp.down_proj.pt --save_path /data/lliu/huffman/models/meta-llama/Llama-2-7b-hf/compressed/160/meta-llama/Llama-2-7b-hf/layer_16/mlp.down_proj/compressed.pt --yaml_path tmp/160/yaml.yaml --weights_path /data/lliu/huffman/models/meta-llama/Llama-2-7b-hf/original_weights --device cuda:7 > /data/lliu/huffman/models/meta-llama/Llama-2-7b-hf/compressed/160/meta-llama/Llama-2-7b-hf/layer_16/mlp.down_proj/compressed.log 2>&1 &
meta-llama/Llama-2-7b-hf/layer_29/mlp.down_proj is done
reading log /data/lliu/huffman/models/meta-llama/Llama-2-7b-hf/compressed/160/meta-llama/Llama-2-7b-hf/layer_29/mlp.down_proj/compressed.log
best_loss 120.10272216796875 running bpv: 2.012928
 63%|██████▎   | 141/224 [18:48<12:09,  8.79s/it]COMMANDS_FINISHED 141 n_commands 224
running: nohup python -u scripts/1layer_compress/quantize_compress.py --hessian_path /data/lliu/huffman/models/meta-llama/Llama-2-7b-hf/hessians_new/seed_0/pajama/128/layer_16/self_attn.v_proj.pt --save_path /data/lliu/huffman/models/meta-llama/Llama-2-7b-hf/compressed/160/meta-llama/Llama-2-7b-hf/layer_16/self_attn.v_proj/compressed.pt --yaml_path tmp/160/yaml.yaml --weights_path /data/lliu/huffman/models/meta-llama/Llama-2-7b-hf/original_weights --device cuda:6 > /data/lliu/huffman/models/meta-llama/Llama-2-7b-hf/compressed/160/meta-llama/Llama-2-7b-hf/layer_16/self_attn.v_proj/compressed.log 2>&1 &
meta-llama/Llama-2-7b-hf/layer_16/self_attn.k_proj is done
reading log /data/lliu/huffman/models/meta-llama/Llama-2-7b-hf/compressed/160/meta-llama/Llama-2-7b-hf/layer_16/self_attn.k_proj/compressed.log
best_loss 346.83233642578125 running bpv: 2.012943
 63%|██████▎   | 142/224 [18:54<10:55,  7.99s/it]COMMANDS_FINISHED 142 n_commands 224
running: nohup python -u scripts/1layer_compress/quantize_compress.py --hessian_path /data/lliu/huffman/models/meta-llama/Llama-2-7b-hf/hessians_new/seed_0/pajama/128/layer_13/mlp.gate_proj.pt --save_path /data/lliu/huffman/models/meta-llama/Llama-2-7b-hf/compressed/160/meta-llama/Llama-2-7b-hf/layer_13/mlp.gate_proj/compressed.pt --yaml_path tmp/160/yaml.yaml --weights_path /data/lliu/huffman/models/meta-llama/Llama-2-7b-hf/original_weights --device cuda:4 > /data/lliu/huffman/models/meta-llama/Llama-2-7b-hf/compressed/160/meta-llama/Llama-2-7b-hf/layer_13/mlp.gate_proj/compressed.log 2>&1 &
meta-llama/Llama-2-7b-hf/layer_16/self_attn.o_proj is done
reading log /data/lliu/huffman/models/meta-llama/Llama-2-7b-hf/compressed/160/meta-llama/Llama-2-7b-hf/layer_16/self_attn.o_proj/compressed.log
best_loss 14.697708129882812 running bpv: 2.012958
 64%|██████▍   | 143/224 [19:00<10:00,  7.41s/it]COMMANDS_FINISHED 143 n_commands 224
running: nohup python -u scripts/1layer_compress/quantize_compress.py --hessian_path /data/lliu/huffman/models/meta-llama/Llama-2-7b-hf/hessians_new/seed_0/pajama/128/layer_13/mlp.up_proj.pt --save_path /data/lliu/huffman/models/meta-llama/Llama-2-7b-hf/compressed/160/meta-llama/Llama-2-7b-hf/layer_13/mlp.up_proj/compressed.pt --yaml_path tmp/160/yaml.yaml --weights_path /data/lliu/huffman/models/meta-llama/Llama-2-7b-hf/original_weights --device cuda:5 > /data/lliu/huffman/models/meta-llama/Llama-2-7b-hf/compressed/160/meta-llama/Llama-2-7b-hf/layer_13/mlp.up_proj/compressed.log 2>&1 &
meta-llama/Llama-2-7b-hf/layer_16/mlp.gate_proj is done
reading log /data/lliu/huffman/models/meta-llama/Llama-2-7b-hf/compressed/160/meta-llama/Llama-2-7b-hf/layer_16/mlp.gate_proj/compressed.log
best_loss 266.20947265625 running bpv: 2.012938
 64%|██████▍   | 144/224 [19:06<09:19,  7.00s/it]COMMANDS_FINISHED 144 n_commands 224
running: nohup python -u scripts/1layer_compress/quantize_compress.py --hessian_path /data/lliu/huffman/models/meta-llama/Llama-2-7b-hf/hessians_new/seed_0/pajama/128/layer_13/self_attn.q_proj.pt --save_path /data/lliu/huffman/models/meta-llama/Llama-2-7b-hf/compressed/160/meta-llama/Llama-2-7b-hf/layer_13/self_attn.q_proj/compressed.pt --yaml_path tmp/160/yaml.yaml --weights_path /data/lliu/huffman/models/meta-llama/Llama-2-7b-hf/original_weights --device cuda:3 > /data/lliu/huffman/models/meta-llama/Llama-2-7b-hf/compressed/160/meta-llama/Llama-2-7b-hf/layer_13/self_attn.q_proj/compressed.log 2>&1 &
meta-llama/Llama-2-7b-hf/layer_16/mlp.up_proj is done
reading log /data/lliu/huffman/models/meta-llama/Llama-2-7b-hf/compressed/160/meta-llama/Llama-2-7b-hf/layer_16/mlp.up_proj/compressed.log
best_loss 243.61669921875 running bpv: 2.012918
 65%|██████▍   | 145/224 [19:19<11:33,  8.78s/it]COMMANDS_FINISHED 145 n_commands 224
running: nohup python -u scripts/1layer_compress/quantize_compress.py --hessian_path /data/lliu/huffman/models/meta-llama/Llama-2-7b-hf/hessians_new/seed_0/pajama/128/layer_13/self_attn.k_proj.pt --save_path /data/lliu/huffman/models/meta-llama/Llama-2-7b-hf/compressed/160/meta-llama/Llama-2-7b-hf/layer_13/self_attn.k_proj/compressed.pt --yaml_path tmp/160/yaml.yaml --weights_path /data/lliu/huffman/models/meta-llama/Llama-2-7b-hf/original_weights --device cuda:2 > /data/lliu/huffman/models/meta-llama/Llama-2-7b-hf/compressed/160/meta-llama/Llama-2-7b-hf/layer_13/self_attn.k_proj/compressed.log 2>&1 &
meta-llama/Llama-2-7b-hf/layer_16/self_attn.v_proj is done
reading log /data/lliu/huffman/models/meta-llama/Llama-2-7b-hf/compressed/160/meta-llama/Llama-2-7b-hf/layer_16/self_attn.v_proj/compressed.log
best_loss 126.1431884765625 running bpv: 2.012933
 65%|██████▌   | 146/224 [19:25<10:20,  7.95s/it]COMMANDS_FINISHED 146 n_commands 224
running: nohup python -u scripts/1layer_compress/quantize_compress.py --hessian_path /data/lliu/huffman/models/meta-llama/Llama-2-7b-hf/hessians_new/seed_0/pajama/128/layer_13/self_attn.o_proj.pt --save_path /data/lliu/huffman/models/meta-llama/Llama-2-7b-hf/compressed/160/meta-llama/Llama-2-7b-hf/layer_13/self_attn.o_proj/compressed.pt --yaml_path tmp/160/yaml.yaml --weights_path /data/lliu/huffman/models/meta-llama/Llama-2-7b-hf/original_weights --device cuda:6 > /data/lliu/huffman/models/meta-llama/Llama-2-7b-hf/compressed/160/meta-llama/Llama-2-7b-hf/layer_13/self_attn.o_proj/compressed.log 2>&1 &
meta-llama/Llama-2-7b-hf/layer_13/self_attn.q_proj is done
reading log /data/lliu/huffman/models/meta-llama/Llama-2-7b-hf/compressed/160/meta-llama/Llama-2-7b-hf/layer_13/self_attn.q_proj/compressed.log
best_loss 293.4584045410156 running bpv: 2.012947
 66%|██████▌   | 147/224 [19:35<10:59,  8.57s/it]COMMANDS_FINISHED 147 n_commands 224
running: nohup python -u scripts/1layer_compress/quantize_compress.py --hessian_path /data/lliu/huffman/models/meta-llama/Llama-2-7b-hf/hessians_new/seed_0/pajama/128/layer_13/mlp.down_proj.pt --save_path /data/lliu/huffman/models/meta-llama/Llama-2-7b-hf/compressed/160/meta-llama/Llama-2-7b-hf/layer_13/mlp.down_proj/compressed.pt --yaml_path tmp/160/yaml.yaml --weights_path /data/lliu/huffman/models/meta-llama/Llama-2-7b-hf/original_weights --device cuda:3 > /data/lliu/huffman/models/meta-llama/Llama-2-7b-hf/compressed/160/meta-llama/Llama-2-7b-hf/layer_13/mlp.down_proj/compressed.log 2>&1 &
meta-llama/Llama-2-7b-hf/layer_16/mlp.down_proj is done
reading log /data/lliu/huffman/models/meta-llama/Llama-2-7b-hf/compressed/160/meta-llama/Llama-2-7b-hf/layer_16/mlp.down_proj/compressed.log
best_loss 26.441322326660156 running bpv: 2.012927
 66%|██████▌   | 148/224 [19:41<09:52,  7.80s/it]COMMANDS_FINISHED 148 n_commands 224
running: nohup python -u scripts/1layer_compress/quantize_compress.py --hessian_path /data/lliu/huffman/models/meta-llama/Llama-2-7b-hf/hessians_new/seed_0/pajama/128/layer_13/self_attn.v_proj.pt --save_path /data/lliu/huffman/models/meta-llama/Llama-2-7b-hf/compressed/160/meta-llama/Llama-2-7b-hf/layer_13/self_attn.v_proj/compressed.pt --yaml_path tmp/160/yaml.yaml --weights_path /data/lliu/huffman/models/meta-llama/Llama-2-7b-hf/original_weights --device cuda:7 > /data/lliu/huffman/models/meta-llama/Llama-2-7b-hf/compressed/160/meta-llama/Llama-2-7b-hf/layer_13/self_attn.v_proj/compressed.log 2>&1 &
meta-llama/Llama-2-7b-hf/layer_13/self_attn.k_proj is done
reading log /data/lliu/huffman/models/meta-llama/Llama-2-7b-hf/compressed/160/meta-llama/Llama-2-7b-hf/layer_13/self_attn.k_proj/compressed.log
best_loss 322.38177490234375 running bpv: 2.012942
 67%|██████▋   | 149/224 [19:49<09:49,  7.86s/it]COMMANDS_FINISHED 149 n_commands 224
running: nohup python -u scripts/1layer_compress/quantize_compress.py --hessian_path /data/lliu/huffman/models/meta-llama/Llama-2-7b-hf/hessians_new/seed_0/pajama/128/layer_10/mlp.gate_proj.pt --save_path /data/lliu/huffman/models/meta-llama/Llama-2-7b-hf/compressed/160/meta-llama/Llama-2-7b-hf/layer_10/mlp.gate_proj/compressed.pt --yaml_path tmp/160/yaml.yaml --weights_path /data/lliu/huffman/models/meta-llama/Llama-2-7b-hf/original_weights --device cuda:2 > /data/lliu/huffman/models/meta-llama/Llama-2-7b-hf/compressed/160/meta-llama/Llama-2-7b-hf/layer_10/mlp.gate_proj/compressed.log 2>&1 &
meta-llama/Llama-2-7b-hf/layer_13/self_attn.o_proj is done
reading log /data/lliu/huffman/models/meta-llama/Llama-2-7b-hf/compressed/160/meta-llama/Llama-2-7b-hf/layer_13/self_attn.o_proj/compressed.log
best_loss 8.722469329833984 running bpv: 2.012956
 67%|██████▋   | 150/224 [19:57<09:22,  7.61s/it]COMMANDS_FINISHED 150 n_commands 224
running: nohup python -u scripts/1layer_compress/quantize_compress.py --hessian_path /data/lliu/huffman/models/meta-llama/Llama-2-7b-hf/hessians_new/seed_0/pajama/128/layer_10/mlp.up_proj.pt --save_path /data/lliu/huffman/models/meta-llama/Llama-2-7b-hf/compressed/160/meta-llama/Llama-2-7b-hf/layer_10/mlp.up_proj/compressed.pt --yaml_path tmp/160/yaml.yaml --weights_path /data/lliu/huffman/models/meta-llama/Llama-2-7b-hf/original_weights --device cuda:6 > /data/lliu/huffman/models/meta-llama/Llama-2-7b-hf/compressed/160/meta-llama/Llama-2-7b-hf/layer_10/mlp.up_proj/compressed.log 2>&1 &
meta-llama/Llama-2-7b-hf/layer_13/mlp.gate_proj is done
reading log /data/lliu/huffman/models/meta-llama/Llama-2-7b-hf/compressed/160/meta-llama/Llama-2-7b-hf/layer_13/mlp.gate_proj/compressed.log
best_loss 189.61203002929688 running bpv: 2.012937
 67%|██████▋   | 151/224 [20:03<08:40,  7.13s/it]COMMANDS_FINISHED 151 n_commands 224
running: nohup python -u scripts/1layer_compress/quantize_compress.py --hessian_path /data/lliu/huffman/models/meta-llama/Llama-2-7b-hf/hessians_new/seed_0/pajama/128/layer_10/self_attn.q_proj.pt --save_path /data/lliu/huffman/models/meta-llama/Llama-2-7b-hf/compressed/160/meta-llama/Llama-2-7b-hf/layer_10/self_attn.q_proj/compressed.pt --yaml_path tmp/160/yaml.yaml --weights_path /data/lliu/huffman/models/meta-llama/Llama-2-7b-hf/original_weights --device cuda:4 > /data/lliu/huffman/models/meta-llama/Llama-2-7b-hf/compressed/160/meta-llama/Llama-2-7b-hf/layer_10/self_attn.q_proj/compressed.log 2>&1 &
meta-llama/Llama-2-7b-hf/layer_13/mlp.up_proj is done
reading log /data/lliu/huffman/models/meta-llama/Llama-2-7b-hf/compressed/160/meta-llama/Llama-2-7b-hf/layer_13/mlp.up_proj/compressed.log
best_loss 175.93792724609375 running bpv: 2.012918
 68%|██████▊   | 152/224 [20:09<08:08,  6.79s/it]COMMANDS_FINISHED 152 n_commands 224
running: nohup python -u scripts/1layer_compress/quantize_compress.py --hessian_path /data/lliu/huffman/models/meta-llama/Llama-2-7b-hf/hessians_new/seed_0/pajama/128/layer_10/self_attn.k_proj.pt --save_path /data/lliu/huffman/models/meta-llama/Llama-2-7b-hf/compressed/160/meta-llama/Llama-2-7b-hf/layer_10/self_attn.k_proj/compressed.pt --yaml_path tmp/160/yaml.yaml --weights_path /data/lliu/huffman/models/meta-llama/Llama-2-7b-hf/original_weights --device cuda:5 > /data/lliu/huffman/models/meta-llama/Llama-2-7b-hf/compressed/160/meta-llama/Llama-2-7b-hf/layer_10/self_attn.k_proj/compressed.log 2>&1 &
meta-llama/Llama-2-7b-hf/layer_13/self_attn.v_proj is done
reading log /data/lliu/huffman/models/meta-llama/Llama-2-7b-hf/compressed/160/meta-llama/Llama-2-7b-hf/layer_13/self_attn.v_proj/compressed.log
best_loss 104.39926147460938 running bpv: 2.012932
 68%|██████▊   | 153/224 [20:15<07:45,  6.56s/it]COMMANDS_FINISHED 153 n_commands 224
running: nohup python -u scripts/1layer_compress/quantize_compress.py --hessian_path /data/lliu/huffman/models/meta-llama/Llama-2-7b-hf/hessians_new/seed_0/pajama/128/layer_10/self_attn.o_proj.pt --save_path /data/lliu/huffman/models/meta-llama/Llama-2-7b-hf/compressed/160/meta-llama/Llama-2-7b-hf/layer_10/self_attn.o_proj/compressed.pt --yaml_path tmp/160/yaml.yaml --weights_path /data/lliu/huffman/models/meta-llama/Llama-2-7b-hf/original_weights --device cuda:7 > /data/lliu/huffman/models/meta-llama/Llama-2-7b-hf/compressed/160/meta-llama/Llama-2-7b-hf/layer_10/self_attn.o_proj/compressed.log 2>&1 &
meta-llama/Llama-2-7b-hf/layer_13/mlp.down_proj is done
reading log /data/lliu/huffman/models/meta-llama/Llama-2-7b-hf/compressed/160/meta-llama/Llama-2-7b-hf/layer_13/mlp.down_proj/compressed.log
best_loss 13.512899398803711 running bpv: 2.012913
 69%|██████▉   | 154/224 [20:31<10:57,  9.39s/it]COMMANDS_FINISHED 154 n_commands 224
running: nohup python -u scripts/1layer_compress/quantize_compress.py --hessian_path /data/lliu/huffman/models/meta-llama/Llama-2-7b-hf/hessians_new/seed_0/pajama/128/layer_10/mlp.down_proj.pt --save_path /data/lliu/huffman/models/meta-llama/Llama-2-7b-hf/compressed/160/meta-llama/Llama-2-7b-hf/layer_10/mlp.down_proj/compressed.pt --yaml_path tmp/160/yaml.yaml --weights_path /data/lliu/huffman/models/meta-llama/Llama-2-7b-hf/original_weights --device cuda:3 > /data/lliu/huffman/models/meta-llama/Llama-2-7b-hf/compressed/160/meta-llama/Llama-2-7b-hf/layer_10/mlp.down_proj/compressed.log 2>&1 &
meta-llama/Llama-2-7b-hf/layer_10/self_attn.q_proj is done
reading log /data/lliu/huffman/models/meta-llama/Llama-2-7b-hf/compressed/160/meta-llama/Llama-2-7b-hf/layer_10/self_attn.q_proj/compressed.log
best_loss 249.6012725830078 running bpv: 2.012927
 69%|██████▉   | 155/224 [20:37<09:37,  8.38s/it]COMMANDS_FINISHED 155 n_commands 224
running: nohup python -u scripts/1layer_compress/quantize_compress.py --hessian_path /data/lliu/huffman/models/meta-llama/Llama-2-7b-hf/hessians_new/seed_0/pajama/128/layer_10/self_attn.v_proj.pt --save_path /data/lliu/huffman/models/meta-llama/Llama-2-7b-hf/compressed/160/meta-llama/Llama-2-7b-hf/layer_10/self_attn.v_proj/compressed.pt --yaml_path tmp/160/yaml.yaml --weights_path /data/lliu/huffman/models/meta-llama/Llama-2-7b-hf/original_weights --device cuda:4 > /data/lliu/huffman/models/meta-llama/Llama-2-7b-hf/compressed/160/meta-llama/Llama-2-7b-hf/layer_10/self_attn.v_proj/compressed.log 2>&1 &
meta-llama/Llama-2-7b-hf/layer_10/self_attn.k_proj is done
reading log /data/lliu/huffman/models/meta-llama/Llama-2-7b-hf/compressed/160/meta-llama/Llama-2-7b-hf/layer_10/self_attn.k_proj/compressed.log
best_loss 279.38751220703125 running bpv: 2.01294
 70%|██████▉   | 156/224 [20:43<08:41,  7.66s/it]COMMANDS_FINISHED 156 n_commands 224
running: nohup python -u scripts/1layer_compress/quantize_compress.py --hessian_path /data/lliu/huffman/models/meta-llama/Llama-2-7b-hf/hessians_new/seed_0/pajama/128/layer_19/mlp.gate_proj.pt --save_path /data/lliu/huffman/models/meta-llama/Llama-2-7b-hf/compressed/160/meta-llama/Llama-2-7b-hf/layer_19/mlp.gate_proj/compressed.pt --yaml_path tmp/160/yaml.yaml --weights_path /data/lliu/huffman/models/meta-llama/Llama-2-7b-hf/original_weights --device cuda:5 > /data/lliu/huffman/models/meta-llama/Llama-2-7b-hf/compressed/160/meta-llama/Llama-2-7b-hf/layer_19/mlp.gate_proj/compressed.log 2>&1 &
meta-llama/Llama-2-7b-hf/layer_10/self_attn.o_proj is done
reading log /data/lliu/huffman/models/meta-llama/Llama-2-7b-hf/compressed/160/meta-llama/Llama-2-7b-hf/layer_10/self_attn.o_proj/compressed.log
best_loss 7.511928081512451 running bpv: 2.012954
 70%|███████   | 157/224 [20:49<08:00,  7.17s/it]COMMANDS_FINISHED 157 n_commands 224
running: nohup python -u scripts/1layer_compress/quantize_compress.py --hessian_path /data/lliu/huffman/models/meta-llama/Llama-2-7b-hf/hessians_new/seed_0/pajama/128/layer_19/mlp.up_proj.pt --save_path /data/lliu/huffman/models/meta-llama/Llama-2-7b-hf/compressed/160/meta-llama/Llama-2-7b-hf/layer_19/mlp.up_proj/compressed.pt --yaml_path tmp/160/yaml.yaml --weights_path /data/lliu/huffman/models/meta-llama/Llama-2-7b-hf/original_weights --device cuda:7 > /data/lliu/huffman/models/meta-llama/Llama-2-7b-hf/compressed/160/meta-llama/Llama-2-7b-hf/layer_19/mlp.up_proj/compressed.log 2>&1 &
meta-llama/Llama-2-7b-hf/layer_10/mlp.gate_proj is done
reading log /data/lliu/huffman/models/meta-llama/Llama-2-7b-hf/compressed/160/meta-llama/Llama-2-7b-hf/layer_10/mlp.gate_proj/compressed.log
best_loss 158.421142578125 running bpv: 2.012936
 71%|███████   | 158/224 [21:02<09:48,  8.92s/it]COMMANDS_FINISHED 158 n_commands 224
running: nohup python -u scripts/1layer_compress/quantize_compress.py --hessian_path /data/lliu/huffman/models/meta-llama/Llama-2-7b-hf/hessians_new/seed_0/pajama/128/layer_19/self_attn.q_proj.pt --save_path /data/lliu/huffman/models/meta-llama/Llama-2-7b-hf/compressed/160/meta-llama/Llama-2-7b-hf/layer_19/self_attn.q_proj/compressed.pt --yaml_path tmp/160/yaml.yaml --weights_path /data/lliu/huffman/models/meta-llama/Llama-2-7b-hf/original_weights --device cuda:2 > /data/lliu/huffman/models/meta-llama/Llama-2-7b-hf/compressed/160/meta-llama/Llama-2-7b-hf/layer_19/self_attn.q_proj/compressed.log 2>&1 &
meta-llama/Llama-2-7b-hf/layer_10/mlp.up_proj is done
reading log /data/lliu/huffman/models/meta-llama/Llama-2-7b-hf/compressed/160/meta-llama/Llama-2-7b-hf/layer_10/mlp.up_proj/compressed.log
best_loss 134.99546813964844 running bpv: 2.012917
 71%|███████   | 159/224 [21:08<08:42,  8.05s/it]COMMANDS_FINISHED 159 n_commands 224
running: nohup python -u scripts/1layer_compress/quantize_compress.py --hessian_path /data/lliu/huffman/models/meta-llama/Llama-2-7b-hf/hessians_new/seed_0/pajama/128/layer_19/self_attn.k_proj.pt --save_path /data/lliu/huffman/models/meta-llama/Llama-2-7b-hf/compressed/160/meta-llama/Llama-2-7b-hf/layer_19/self_attn.k_proj/compressed.pt --yaml_path tmp/160/yaml.yaml --weights_path /data/lliu/huffman/models/meta-llama/Llama-2-7b-hf/original_weights --device cuda:6 > /data/lliu/huffman/models/meta-llama/Llama-2-7b-hf/compressed/160/meta-llama/Llama-2-7b-hf/layer_19/self_attn.k_proj/compressed.log 2>&1 &
meta-llama/Llama-2-7b-hf/layer_10/self_attn.v_proj is done
reading log /data/lliu/huffman/models/meta-llama/Llama-2-7b-hf/compressed/160/meta-llama/Llama-2-7b-hf/layer_10/self_attn.v_proj/compressed.log
best_loss 71.78858184814453 running bpv: 2.012931
 71%|███████▏  | 160/224 [21:14<07:55,  7.43s/it]COMMANDS_FINISHED 160 n_commands 224
running: nohup python -u scripts/1layer_compress/quantize_compress.py --hessian_path /data/lliu/huffman/models/meta-llama/Llama-2-7b-hf/hessians_new/seed_0/pajama/128/layer_19/self_attn.o_proj.pt --save_path /data/lliu/huffman/models/meta-llama/Llama-2-7b-hf/compressed/160/meta-llama/Llama-2-7b-hf/layer_19/self_attn.o_proj/compressed.pt --yaml_path tmp/160/yaml.yaml --weights_path /data/lliu/huffman/models/meta-llama/Llama-2-7b-hf/original_weights --device cuda:4 > /data/lliu/huffman/models/meta-llama/Llama-2-7b-hf/compressed/160/meta-llama/Llama-2-7b-hf/layer_19/self_attn.o_proj/compressed.log 2>&1 &
meta-llama/Llama-2-7b-hf/layer_10/mlp.down_proj is done
reading log /data/lliu/huffman/models/meta-llama/Llama-2-7b-hf/compressed/160/meta-llama/Llama-2-7b-hf/layer_10/mlp.down_proj/compressed.log
best_loss 8.750682830810547 running bpv: 2.012913
 72%|███████▏  | 161/224 [21:26<09:14,  8.81s/it]COMMANDS_FINISHED 161 n_commands 224
running: nohup python -u scripts/1layer_compress/quantize_compress.py --hessian_path /data/lliu/huffman/models/meta-llama/Llama-2-7b-hf/hessians_new/seed_0/pajama/128/layer_19/mlp.down_proj.pt --save_path /data/lliu/huffman/models/meta-llama/Llama-2-7b-hf/compressed/160/meta-llama/Llama-2-7b-hf/layer_19/mlp.down_proj/compressed.pt --yaml_path tmp/160/yaml.yaml --weights_path /data/lliu/huffman/models/meta-llama/Llama-2-7b-hf/original_weights --device cuda:3 > /data/lliu/huffman/models/meta-llama/Llama-2-7b-hf/compressed/160/meta-llama/Llama-2-7b-hf/layer_19/mlp.down_proj/compressed.log 2>&1 &
meta-llama/Llama-2-7b-hf/layer_19/self_attn.q_proj is done
reading log /data/lliu/huffman/models/meta-llama/Llama-2-7b-hf/compressed/160/meta-llama/Llama-2-7b-hf/layer_19/self_attn.q_proj/compressed.log
best_loss 342.19427490234375 running bpv: 2.012926
 72%|███████▏  | 162/224 [21:32<08:13,  7.97s/it]COMMANDS_FINISHED 162 n_commands 224
running: nohup python -u scripts/1layer_compress/quantize_compress.py --hessian_path /data/lliu/huffman/models/meta-llama/Llama-2-7b-hf/hessians_new/seed_0/pajama/128/layer_19/self_attn.v_proj.pt --save_path /data/lliu/huffman/models/meta-llama/Llama-2-7b-hf/compressed/160/meta-llama/Llama-2-7b-hf/layer_19/self_attn.v_proj/compressed.pt --yaml_path tmp/160/yaml.yaml --weights_path /data/lliu/huffman/models/meta-llama/Llama-2-7b-hf/original_weights --device cuda:2 > /data/lliu/huffman/models/meta-llama/Llama-2-7b-hf/compressed/160/meta-llama/Llama-2-7b-hf/layer_19/self_attn.v_proj/compressed.log 2>&1 &
meta-llama/Llama-2-7b-hf/layer_19/self_attn.k_proj is done
reading log /data/lliu/huffman/models/meta-llama/Llama-2-7b-hf/compressed/160/meta-llama/Llama-2-7b-hf/layer_19/self_attn.k_proj/compressed.log
best_loss 374.10150146484375 running bpv: 2.012939
 73%|███████▎  | 163/224 [21:38<07:30,  7.38s/it]COMMANDS_FINISHED 163 n_commands 224
running: nohup python -u scripts/1layer_compress/quantize_compress.py --hessian_path /data/lliu/huffman/models/meta-llama/Llama-2-7b-hf/hessians_new/seed_0/pajama/128/layer_6/mlp.gate_proj.pt --save_path /data/lliu/huffman/models/meta-llama/Llama-2-7b-hf/compressed/160/meta-llama/Llama-2-7b-hf/layer_6/mlp.gate_proj/compressed.pt --yaml_path tmp/160/yaml.yaml --weights_path /data/lliu/huffman/models/meta-llama/Llama-2-7b-hf/original_weights --device cuda:6 > /data/lliu/huffman/models/meta-llama/Llama-2-7b-hf/compressed/160/meta-llama/Llama-2-7b-hf/layer_6/mlp.gate_proj/compressed.log 2>&1 &
meta-llama/Llama-2-7b-hf/layer_19/self_attn.o_proj is done
reading log /data/lliu/huffman/models/meta-llama/Llama-2-7b-hf/compressed/160/meta-llama/Llama-2-7b-hf/layer_19/self_attn.o_proj/compressed.log
best_loss 10.972210884094238 running bpv: 2.012952
 73%|███████▎  | 164/224 [21:44<06:57,  6.97s/it]COMMANDS_FINISHED 164 n_commands 224
running: nohup python -u scripts/1layer_compress/quantize_compress.py --hessian_path /data/lliu/huffman/models/meta-llama/Llama-2-7b-hf/hessians_new/seed_0/pajama/128/layer_6/mlp.up_proj.pt --save_path /data/lliu/huffman/models/meta-llama/Llama-2-7b-hf/compressed/160/meta-llama/Llama-2-7b-hf/layer_6/mlp.up_proj/compressed.pt --yaml_path tmp/160/yaml.yaml --weights_path /data/lliu/huffman/models/meta-llama/Llama-2-7b-hf/original_weights --device cuda:4 > /data/lliu/huffman/models/meta-llama/Llama-2-7b-hf/compressed/160/meta-llama/Llama-2-7b-hf/layer_6/mlp.up_proj/compressed.log 2>&1 &
meta-llama/Llama-2-7b-hf/layer_19/mlp.gate_proj is done
reading log /data/lliu/huffman/models/meta-llama/Llama-2-7b-hf/compressed/160/meta-llama/Llama-2-7b-hf/layer_19/mlp.gate_proj/compressed.log
best_loss 369.4976806640625 running bpv: 2.012935
 74%|███████▎  | 165/224 [21:56<08:20,  8.48s/it]COMMANDS_FINISHED 165 n_commands 224
running: nohup python -u scripts/1layer_compress/quantize_compress.py --hessian_path /data/lliu/huffman/models/meta-llama/Llama-2-7b-hf/hessians_new/seed_0/pajama/128/layer_6/self_attn.q_proj.pt --save_path /data/lliu/huffman/models/meta-llama/Llama-2-7b-hf/compressed/160/meta-llama/Llama-2-7b-hf/layer_6/self_attn.q_proj/compressed.pt --yaml_path tmp/160/yaml.yaml --weights_path /data/lliu/huffman/models/meta-llama/Llama-2-7b-hf/original_weights --device cuda:5 > /data/lliu/huffman/models/meta-llama/Llama-2-7b-hf/compressed/160/meta-llama/Llama-2-7b-hf/layer_6/self_attn.q_proj/compressed.log 2>&1 &
meta-llama/Llama-2-7b-hf/layer_19/mlp.up_proj is done
reading log /data/lliu/huffman/models/meta-llama/Llama-2-7b-hf/compressed/160/meta-llama/Llama-2-7b-hf/layer_19/mlp.up_proj/compressed.log
best_loss 322.5596923828125 running bpv: 2.012917
 74%|███████▍  | 166/224 [22:02<07:28,  7.74s/it]COMMANDS_FINISHED 166 n_commands 224
running: nohup python -u scripts/1layer_compress/quantize_compress.py --hessian_path /data/lliu/huffman/models/meta-llama/Llama-2-7b-hf/hessians_new/seed_0/pajama/128/layer_6/self_attn.k_proj.pt --save_path /data/lliu/huffman/models/meta-llama/Llama-2-7b-hf/compressed/160/meta-llama/Llama-2-7b-hf/layer_6/self_attn.k_proj/compressed.pt --yaml_path tmp/160/yaml.yaml --weights_path /data/lliu/huffman/models/meta-llama/Llama-2-7b-hf/original_weights --device cuda:7 > /data/lliu/huffman/models/meta-llama/Llama-2-7b-hf/compressed/160/meta-llama/Llama-2-7b-hf/layer_6/self_attn.k_proj/compressed.log 2>&1 &
meta-llama/Llama-2-7b-hf/layer_19/self_attn.v_proj is done
reading log /data/lliu/huffman/models/meta-llama/Llama-2-7b-hf/compressed/160/meta-llama/Llama-2-7b-hf/layer_19/self_attn.v_proj/compressed.log
best_loss 167.814208984375 running bpv: 2.01293
 75%|███████▍  | 167/224 [22:08<06:51,  7.22s/it]COMMANDS_FINISHED 167 n_commands 224
running: nohup python -u scripts/1layer_compress/quantize_compress.py --hessian_path /data/lliu/huffman/models/meta-llama/Llama-2-7b-hf/hessians_new/seed_0/pajama/128/layer_6/self_attn.o_proj.pt --save_path /data/lliu/huffman/models/meta-llama/Llama-2-7b-hf/compressed/160/meta-llama/Llama-2-7b-hf/layer_6/self_attn.o_proj/compressed.pt --yaml_path tmp/160/yaml.yaml --weights_path /data/lliu/huffman/models/meta-llama/Llama-2-7b-hf/original_weights --device cuda:2 > /data/lliu/huffman/models/meta-llama/Llama-2-7b-hf/compressed/160/meta-llama/Llama-2-7b-hf/layer_6/self_attn.o_proj/compressed.log 2>&1 &
meta-llama/Llama-2-7b-hf/layer_19/mlp.down_proj is done
reading log /data/lliu/huffman/models/meta-llama/Llama-2-7b-hf/compressed/160/meta-llama/Llama-2-7b-hf/layer_19/mlp.down_proj/compressed.log
best_loss 38.154842376708984 running bpv: 2.012913
 75%|███████▌  | 168/224 [22:21<08:21,  8.95s/it]COMMANDS_FINISHED 168 n_commands 224
running: nohup python -u scripts/1layer_compress/quantize_compress.py --hessian_path /data/lliu/huffman/models/meta-llama/Llama-2-7b-hf/hessians_new/seed_0/pajama/128/layer_6/mlp.down_proj.pt --save_path /data/lliu/huffman/models/meta-llama/Llama-2-7b-hf/compressed/160/meta-llama/Llama-2-7b-hf/layer_6/mlp.down_proj/compressed.pt --yaml_path tmp/160/yaml.yaml --weights_path /data/lliu/huffman/models/meta-llama/Llama-2-7b-hf/original_weights --device cuda:3 > /data/lliu/huffman/models/meta-llama/Llama-2-7b-hf/compressed/160/meta-llama/Llama-2-7b-hf/layer_6/mlp.down_proj/compressed.log 2>&1 &
meta-llama/Llama-2-7b-hf/layer_6/self_attn.q_proj is done
reading log /data/lliu/huffman/models/meta-llama/Llama-2-7b-hf/compressed/160/meta-llama/Llama-2-7b-hf/layer_6/self_attn.q_proj/compressed.log
best_loss 225.80104064941406 running bpv: 2.012926
 75%|███████▌  | 169/224 [22:27<07:23,  8.07s/it]COMMANDS_FINISHED 169 n_commands 224
running: nohup python -u scripts/1layer_compress/quantize_compress.py --hessian_path /data/lliu/huffman/models/meta-llama/Llama-2-7b-hf/hessians_new/seed_0/pajama/128/layer_6/self_attn.v_proj.pt --save_path /data/lliu/huffman/models/meta-llama/Llama-2-7b-hf/compressed/160/meta-llama/Llama-2-7b-hf/layer_6/self_attn.v_proj/compressed.pt --yaml_path tmp/160/yaml.yaml --weights_path /data/lliu/huffman/models/meta-llama/Llama-2-7b-hf/original_weights --device cuda:5 > /data/lliu/huffman/models/meta-llama/Llama-2-7b-hf/compressed/160/meta-llama/Llama-2-7b-hf/layer_6/self_attn.v_proj/compressed.log 2>&1 &
meta-llama/Llama-2-7b-hf/layer_6/self_attn.k_proj is done
reading log /data/lliu/huffman/models/meta-llama/Llama-2-7b-hf/compressed/160/meta-llama/Llama-2-7b-hf/layer_6/self_attn.k_proj/compressed.log
best_loss 246.6627655029297 running bpv: 2.012938
 76%|███████▌  | 170/224 [22:33<06:42,  7.45s/it]COMMANDS_FINISHED 170 n_commands 224
running: nohup python -u scripts/1layer_compress/quantize_compress.py --hessian_path /data/lliu/huffman/models/meta-llama/Llama-2-7b-hf/hessians_new/seed_0/pajama/128/layer_11/mlp.gate_proj.pt --save_path /data/lliu/huffman/models/meta-llama/Llama-2-7b-hf/compressed/160/meta-llama/Llama-2-7b-hf/layer_11/mlp.gate_proj/compressed.pt --yaml_path tmp/160/yaml.yaml --weights_path /data/lliu/huffman/models/meta-llama/Llama-2-7b-hf/original_weights --device cuda:7 > /data/lliu/huffman/models/meta-llama/Llama-2-7b-hf/compressed/160/meta-llama/Llama-2-7b-hf/layer_11/mlp.gate_proj/compressed.log 2>&1 &
meta-llama/Llama-2-7b-hf/layer_6/self_attn.o_proj is done
reading log /data/lliu/huffman/models/meta-llama/Llama-2-7b-hf/compressed/160/meta-llama/Llama-2-7b-hf/layer_6/self_attn.o_proj/compressed.log
best_loss 1.6827208995819092 running bpv: 2.012951
 76%|███████▋  | 171/224 [22:40<06:27,  7.32s/it]COMMANDS_FINISHED 171 n_commands 224
running: nohup python -u scripts/1layer_compress/quantize_compress.py --hessian_path /data/lliu/huffman/models/meta-llama/Llama-2-7b-hf/hessians_new/seed_0/pajama/128/layer_11/mlp.up_proj.pt --save_path /data/lliu/huffman/models/meta-llama/Llama-2-7b-hf/compressed/160/meta-llama/Llama-2-7b-hf/layer_11/mlp.up_proj/compressed.pt --yaml_path tmp/160/yaml.yaml --weights_path /data/lliu/huffman/models/meta-llama/Llama-2-7b-hf/original_weights --device cuda:2 > /data/lliu/huffman/models/meta-llama/Llama-2-7b-hf/compressed/160/meta-llama/Llama-2-7b-hf/layer_11/mlp.up_proj/compressed.log 2>&1 &
meta-llama/Llama-2-7b-hf/layer_6/mlp.gate_proj is done
reading log /data/lliu/huffman/models/meta-llama/Llama-2-7b-hf/compressed/160/meta-llama/Llama-2-7b-hf/layer_6/mlp.gate_proj/compressed.log
best_loss 120.30850219726562 running bpv: 2.012934
 77%|███████▋  | 172/224 [22:46<06:00,  6.92s/it]COMMANDS_FINISHED 172 n_commands 224
running: nohup python -u scripts/1layer_compress/quantize_compress.py --hessian_path /data/lliu/huffman/models/meta-llama/Llama-2-7b-hf/hessians_new/seed_0/pajama/128/layer_11/self_attn.q_proj.pt --save_path /data/lliu/huffman/models/meta-llama/Llama-2-7b-hf/compressed/160/meta-llama/Llama-2-7b-hf/layer_11/self_attn.q_proj/compressed.pt --yaml_path tmp/160/yaml.yaml --weights_path /data/lliu/huffman/models/meta-llama/Llama-2-7b-hf/original_weights --device cuda:6 > /data/lliu/huffman/models/meta-llama/Llama-2-7b-hf/compressed/160/meta-llama/Llama-2-7b-hf/layer_11/self_attn.q_proj/compressed.log 2>&1 &
meta-llama/Llama-2-7b-hf/layer_6/mlp.up_proj is done
reading log /data/lliu/huffman/models/meta-llama/Llama-2-7b-hf/compressed/160/meta-llama/Llama-2-7b-hf/layer_6/mlp.up_proj/compressed.log
best_loss 90.50421142578125 running bpv: 2.012917
 77%|███████▋  | 173/224 [22:52<05:39,  6.65s/it]COMMANDS_FINISHED 173 n_commands 224
running: nohup python -u scripts/1layer_compress/quantize_compress.py --hessian_path /data/lliu/huffman/models/meta-llama/Llama-2-7b-hf/hessians_new/seed_0/pajama/128/layer_11/self_attn.k_proj.pt --save_path /data/lliu/huffman/models/meta-llama/Llama-2-7b-hf/compressed/160/meta-llama/Llama-2-7b-hf/layer_11/self_attn.k_proj/compressed.pt --yaml_path tmp/160/yaml.yaml --weights_path /data/lliu/huffman/models/meta-llama/Llama-2-7b-hf/original_weights --device cuda:4 > /data/lliu/huffman/models/meta-llama/Llama-2-7b-hf/compressed/160/meta-llama/Llama-2-7b-hf/layer_11/self_attn.k_proj/compressed.log 2>&1 &
meta-llama/Llama-2-7b-hf/layer_6/self_attn.v_proj is done
reading log /data/lliu/huffman/models/meta-llama/Llama-2-7b-hf/compressed/160/meta-llama/Llama-2-7b-hf/layer_6/self_attn.v_proj/compressed.log
best_loss 57.289405822753906 running bpv: 2.012929
 78%|███████▊  | 174/224 [22:59<05:37,  6.76s/it]COMMANDS_FINISHED 174 n_commands 224
running: nohup python -u scripts/1layer_compress/quantize_compress.py --hessian_path /data/lliu/huffman/models/meta-llama/Llama-2-7b-hf/hessians_new/seed_0/pajama/128/layer_11/self_attn.o_proj.pt --save_path /data/lliu/huffman/models/meta-llama/Llama-2-7b-hf/compressed/160/meta-llama/Llama-2-7b-hf/layer_11/self_attn.o_proj/compressed.pt --yaml_path tmp/160/yaml.yaml --weights_path /data/lliu/huffman/models/meta-llama/Llama-2-7b-hf/original_weights --device cuda:5 > /data/lliu/huffman/models/meta-llama/Llama-2-7b-hf/compressed/160/meta-llama/Llama-2-7b-hf/layer_11/self_attn.o_proj/compressed.log 2>&1 &
meta-llama/Llama-2-7b-hf/layer_11/self_attn.q_proj is done
reading log /data/lliu/huffman/models/meta-llama/Llama-2-7b-hf/compressed/160/meta-llama/Llama-2-7b-hf/layer_11/self_attn.q_proj/compressed.log
best_loss 282.370849609375 running bpv: 2.012942
 78%|███████▊  | 175/224 [23:16<08:01,  9.83s/it]COMMANDS_FINISHED 175 n_commands 224
meta-llama/Llama-2-7b-hf/layer_6/mlp.down_proj is done
reading log /data/lliu/huffman/models/meta-llama/Llama-2-7b-hf/compressed/160/meta-llama/Llama-2-7b-hf/layer_6/mlp.down_proj/compressed.log
best_loss 3.780409574508667 running bpv: 2.012925
COMMANDS_FINISHED 176 n_commands 224
running: nohup python -u scripts/1layer_compress/quantize_compress.py --hessian_path /data/lliu/huffman/models/meta-llama/Llama-2-7b-hf/hessians_new/seed_0/pajama/128/layer_11/mlp.down_proj.pt --save_path /data/lliu/huffman/models/meta-llama/Llama-2-7b-hf/compressed/160/meta-llama/Llama-2-7b-hf/layer_11/mlp.down_proj/compressed.pt --yaml_path tmp/160/yaml.yaml --weights_path /data/lliu/huffman/models/meta-llama/Llama-2-7b-hf/original_weights --device cuda:6 > /data/lliu/huffman/models/meta-llama/Llama-2-7b-hf/compressed/160/meta-llama/Llama-2-7b-hf/layer_11/mlp.down_proj/compressed.log 2>&1 &
running: nohup python -u scripts/1layer_compress/quantize_compress.py --hessian_path /data/lliu/huffman/models/meta-llama/Llama-2-7b-hf/hessians_new/seed_0/pajama/128/layer_11/self_attn.v_proj.pt --save_path /data/lliu/huffman/models/meta-llama/Llama-2-7b-hf/compressed/160/meta-llama/Llama-2-7b-hf/layer_11/self_attn.v_proj/compressed.pt --yaml_path tmp/160/yaml.yaml --weights_path /data/lliu/huffman/models/meta-llama/Llama-2-7b-hf/original_weights --device cuda:3 > /data/lliu/huffman/models/meta-llama/Llama-2-7b-hf/compressed/160/meta-llama/Llama-2-7b-hf/layer_11/self_attn.v_proj/compressed.log 2>&1 &
meta-llama/Llama-2-7b-hf/layer_11/self_attn.k_proj is done
reading log /data/lliu/huffman/models/meta-llama/Llama-2-7b-hf/compressed/160/meta-llama/Llama-2-7b-hf/layer_11/self_attn.k_proj/compressed.log
best_loss 290.2608642578125 running bpv: 2.012937
 79%|███████▉  | 177/224 [23:27<06:08,  7.84s/it]COMMANDS_FINISHED 177 n_commands 224
running: nohup python -u scripts/1layer_compress/quantize_compress.py --hessian_path /data/lliu/huffman/models/meta-llama/Llama-2-7b-hf/hessians_new/seed_0/pajama/128/layer_20/mlp.gate_proj.pt --save_path /data/lliu/huffman/models/meta-llama/Llama-2-7b-hf/compressed/160/meta-llama/Llama-2-7b-hf/layer_20/mlp.gate_proj/compressed.pt --yaml_path tmp/160/yaml.yaml --weights_path /data/lliu/huffman/models/meta-llama/Llama-2-7b-hf/original_weights --device cuda:4 > /data/lliu/huffman/models/meta-llama/Llama-2-7b-hf/compressed/160/meta-llama/Llama-2-7b-hf/layer_20/mlp.gate_proj/compressed.log 2>&1 &
meta-llama/Llama-2-7b-hf/layer_11/self_attn.o_proj is done
reading log /data/lliu/huffman/models/meta-llama/Llama-2-7b-hf/compressed/160/meta-llama/Llama-2-7b-hf/layer_11/self_attn.o_proj/compressed.log
best_loss 7.218317985534668 running bpv: 2.012949
 79%|███████▉  | 178/224 [23:33<05:39,  7.38s/it]COMMANDS_FINISHED 178 n_commands 224
running: nohup python -u scripts/1layer_compress/quantize_compress.py --hessian_path /data/lliu/huffman/models/meta-llama/Llama-2-7b-hf/hessians_new/seed_0/pajama/128/layer_20/mlp.up_proj.pt --save_path /data/lliu/huffman/models/meta-llama/Llama-2-7b-hf/compressed/160/meta-llama/Llama-2-7b-hf/layer_20/mlp.up_proj/compressed.pt --yaml_path tmp/160/yaml.yaml --weights_path /data/lliu/huffman/models/meta-llama/Llama-2-7b-hf/original_weights --device cuda:5 > /data/lliu/huffman/models/meta-llama/Llama-2-7b-hf/compressed/160/meta-llama/Llama-2-7b-hf/layer_20/mlp.up_proj/compressed.log 2>&1 &
meta-llama/Llama-2-7b-hf/layer_11/mlp.gate_proj is done
reading log /data/lliu/huffman/models/meta-llama/Llama-2-7b-hf/compressed/160/meta-llama/Llama-2-7b-hf/layer_11/mlp.gate_proj/compressed.log
best_loss 168.82156372070312 running bpv: 2.012933
 80%|███████▉  | 179/224 [23:39<05:16,  7.02s/it]COMMANDS_FINISHED 179 n_commands 224
running: nohup python -u scripts/1layer_compress/quantize_compress.py --hessian_path /data/lliu/huffman/models/meta-llama/Llama-2-7b-hf/hessians_new/seed_0/pajama/128/layer_20/self_attn.q_proj.pt --save_path /data/lliu/huffman/models/meta-llama/Llama-2-7b-hf/compressed/160/meta-llama/Llama-2-7b-hf/layer_20/self_attn.q_proj/compressed.pt --yaml_path tmp/160/yaml.yaml --weights_path /data/lliu/huffman/models/meta-llama/Llama-2-7b-hf/original_weights --device cuda:7 > /data/lliu/huffman/models/meta-llama/Llama-2-7b-hf/compressed/160/meta-llama/Llama-2-7b-hf/layer_20/self_attn.q_proj/compressed.log 2>&1 &
meta-llama/Llama-2-7b-hf/layer_11/mlp.up_proj is done
reading log /data/lliu/huffman/models/meta-llama/Llama-2-7b-hf/compressed/160/meta-llama/Llama-2-7b-hf/layer_11/mlp.up_proj/compressed.log
best_loss 148.1630859375 running bpv: 2.012917
 80%|████████  | 180/224 [23:48<05:32,  7.56s/it]COMMANDS_FINISHED 180 n_commands 224
running: nohup python -u scripts/1layer_compress/quantize_compress.py --hessian_path /data/lliu/huffman/models/meta-llama/Llama-2-7b-hf/hessians_new/seed_0/pajama/128/layer_20/self_attn.k_proj.pt --save_path /data/lliu/huffman/models/meta-llama/Llama-2-7b-hf/compressed/160/meta-llama/Llama-2-7b-hf/layer_20/self_attn.k_proj/compressed.pt --yaml_path tmp/160/yaml.yaml --weights_path /data/lliu/huffman/models/meta-llama/Llama-2-7b-hf/original_weights --device cuda:2 > /data/lliu/huffman/models/meta-llama/Llama-2-7b-hf/compressed/160/meta-llama/Llama-2-7b-hf/layer_20/self_attn.k_proj/compressed.log 2>&1 &
meta-llama/Llama-2-7b-hf/layer_11/self_attn.v_proj is done
reading log /data/lliu/huffman/models/meta-llama/Llama-2-7b-hf/compressed/160/meta-llama/Llama-2-7b-hf/layer_11/self_attn.v_proj/compressed.log
best_loss 96.89547729492188 running bpv: 2.012929
 81%|████████  | 181/224 [23:54<05:06,  7.13s/it]COMMANDS_FINISHED 181 n_commands 224
running: nohup python -u scripts/1layer_compress/quantize_compress.py --hessian_path /data/lliu/huffman/models/meta-llama/Llama-2-7b-hf/hessians_new/seed_0/pajama/128/layer_20/self_attn.o_proj.pt --save_path /data/lliu/huffman/models/meta-llama/Llama-2-7b-hf/compressed/160/meta-llama/Llama-2-7b-hf/layer_20/self_attn.o_proj/compressed.pt --yaml_path tmp/160/yaml.yaml --weights_path /data/lliu/huffman/models/meta-llama/Llama-2-7b-hf/original_weights --device cuda:3 > /data/lliu/huffman/models/meta-llama/Llama-2-7b-hf/compressed/160/meta-llama/Llama-2-7b-hf/layer_20/self_attn.o_proj/compressed.log 2>&1 &
meta-llama/Llama-2-7b-hf/layer_20/self_attn.q_proj is done
reading log /data/lliu/huffman/models/meta-llama/Llama-2-7b-hf/compressed/160/meta-llama/Llama-2-7b-hf/layer_20/self_attn.q_proj/compressed.log
best_loss 354.80133056640625 running bpv: 2.01294
 81%|████████▏ | 182/224 [24:08<06:21,  9.09s/it]COMMANDS_FINISHED 182 n_commands 224
running: nohup python -u scripts/1layer_compress/quantize_compress.py --hessian_path /data/lliu/huffman/models/meta-llama/Llama-2-7b-hf/hessians_new/seed_0/pajama/128/layer_20/mlp.down_proj.pt --save_path /data/lliu/huffman/models/meta-llama/Llama-2-7b-hf/compressed/160/meta-llama/Llama-2-7b-hf/layer_20/mlp.down_proj/compressed.pt --yaml_path tmp/160/yaml.yaml --weights_path /data/lliu/huffman/models/meta-llama/Llama-2-7b-hf/original_weights --device cuda:7 > /data/lliu/huffman/models/meta-llama/Llama-2-7b-hf/compressed/160/meta-llama/Llama-2-7b-hf/layer_20/mlp.down_proj/compressed.log 2>&1 &
meta-llama/Llama-2-7b-hf/layer_11/mlp.down_proj is done
reading log /data/lliu/huffman/models/meta-llama/Llama-2-7b-hf/compressed/160/meta-llama/Llama-2-7b-hf/layer_11/mlp.down_proj/compressed.log
best_loss 9.611126899719238 running bpv: 2.012925
 82%|████████▏ | 183/224 [24:14<05:36,  8.20s/it]COMMANDS_FINISHED 183 n_commands 224
running: nohup python -u scripts/1layer_compress/quantize_compress.py --hessian_path /data/lliu/huffman/models/meta-llama/Llama-2-7b-hf/hessians_new/seed_0/pajama/128/layer_20/self_attn.v_proj.pt --save_path /data/lliu/huffman/models/meta-llama/Llama-2-7b-hf/compressed/160/meta-llama/Llama-2-7b-hf/layer_20/self_attn.v_proj/compressed.pt --yaml_path tmp/160/yaml.yaml --weights_path /data/lliu/huffman/models/meta-llama/Llama-2-7b-hf/original_weights --device cuda:6 > /data/lliu/huffman/models/meta-llama/Llama-2-7b-hf/compressed/160/meta-llama/Llama-2-7b-hf/layer_20/self_attn.v_proj/compressed.log 2>&1 &
meta-llama/Llama-2-7b-hf/layer_20/self_attn.k_proj is done
reading log /data/lliu/huffman/models/meta-llama/Llama-2-7b-hf/compressed/160/meta-llama/Llama-2-7b-hf/layer_20/self_attn.k_proj/compressed.log
best_loss 386.98211669921875 running bpv: 2.012936
 82%|████████▏ | 184/224 [24:20<05:02,  7.56s/it]COMMANDS_FINISHED 184 n_commands 224
running: nohup python -u scripts/1layer_compress/quantize_compress.py --hessian_path /data/lliu/huffman/models/meta-llama/Llama-2-7b-hf/hessians_new/seed_0/pajama/128/layer_23/mlp.gate_proj.pt --save_path /data/lliu/huffman/models/meta-llama/Llama-2-7b-hf/compressed/160/meta-llama/Llama-2-7b-hf/layer_23/mlp.gate_proj/compressed.pt --yaml_path tmp/160/yaml.yaml --weights_path /data/lliu/huffman/models/meta-llama/Llama-2-7b-hf/original_weights --device cuda:2 > /data/lliu/huffman/models/meta-llama/Llama-2-7b-hf/compressed/160/meta-llama/Llama-2-7b-hf/layer_23/mlp.gate_proj/compressed.log 2>&1 &
meta-llama/Llama-2-7b-hf/layer_20/self_attn.o_proj is done
reading log /data/lliu/huffman/models/meta-llama/Llama-2-7b-hf/compressed/160/meta-llama/Llama-2-7b-hf/layer_20/self_attn.o_proj/compressed.log
best_loss 17.614242553710938 running bpv: 2.012948
 83%|████████▎ | 185/224 [24:26<04:36,  7.10s/it]COMMANDS_FINISHED 185 n_commands 224
running: nohup python -u scripts/1layer_compress/quantize_compress.py --hessian_path /data/lliu/huffman/models/meta-llama/Llama-2-7b-hf/hessians_new/seed_0/pajama/128/layer_23/mlp.up_proj.pt --save_path /data/lliu/huffman/models/meta-llama/Llama-2-7b-hf/compressed/160/meta-llama/Llama-2-7b-hf/layer_23/mlp.up_proj/compressed.pt --yaml_path tmp/160/yaml.yaml --weights_path /data/lliu/huffman/models/meta-llama/Llama-2-7b-hf/original_weights --device cuda:3 > /data/lliu/huffman/models/meta-llama/Llama-2-7b-hf/compressed/160/meta-llama/Llama-2-7b-hf/layer_23/mlp.up_proj/compressed.log 2>&1 &
meta-llama/Llama-2-7b-hf/layer_20/mlp.gate_proj is done
reading log /data/lliu/huffman/models/meta-llama/Llama-2-7b-hf/compressed/160/meta-llama/Llama-2-7b-hf/layer_20/mlp.gate_proj/compressed.log
best_loss 399.781005859375 running bpv: 2.012932
 83%|████████▎ | 186/224 [24:34<04:39,  7.37s/it]COMMANDS_FINISHED 186 n_commands 224
running: nohup python -u scripts/1layer_compress/quantize_compress.py --hessian_path /data/lliu/huffman/models/meta-llama/Llama-2-7b-hf/hessians_new/seed_0/pajama/128/layer_23/self_attn.q_proj.pt --save_path /data/lliu/huffman/models/meta-llama/Llama-2-7b-hf/compressed/160/meta-llama/Llama-2-7b-hf/layer_23/self_attn.q_proj/compressed.pt --yaml_path tmp/160/yaml.yaml --weights_path /data/lliu/huffman/models/meta-llama/Llama-2-7b-hf/original_weights --device cuda:4 > /data/lliu/huffman/models/meta-llama/Llama-2-7b-hf/compressed/160/meta-llama/Llama-2-7b-hf/layer_23/self_attn.q_proj/compressed.log 2>&1 &
meta-llama/Llama-2-7b-hf/layer_20/mlp.up_proj is done
reading log /data/lliu/huffman/models/meta-llama/Llama-2-7b-hf/compressed/160/meta-llama/Llama-2-7b-hf/layer_20/mlp.up_proj/compressed.log
best_loss 345.30133056640625 running bpv: 2.012917
 83%|████████▎ | 187/224 [24:40<04:17,  6.96s/it]COMMANDS_FINISHED 187 n_commands 224
running: nohup python -u scripts/1layer_compress/quantize_compress.py --hessian_path /data/lliu/huffman/models/meta-llama/Llama-2-7b-hf/hessians_new/seed_0/pajama/128/layer_23/self_attn.k_proj.pt --save_path /data/lliu/huffman/models/meta-llama/Llama-2-7b-hf/compressed/160/meta-llama/Llama-2-7b-hf/layer_23/self_attn.k_proj/compressed.pt --yaml_path tmp/160/yaml.yaml --weights_path /data/lliu/huffman/models/meta-llama/Llama-2-7b-hf/original_weights --device cuda:5 > /data/lliu/huffman/models/meta-llama/Llama-2-7b-hf/compressed/160/meta-llama/Llama-2-7b-hf/layer_23/self_attn.k_proj/compressed.log 2>&1 &
meta-llama/Llama-2-7b-hf/layer_20/self_attn.v_proj is done
reading log /data/lliu/huffman/models/meta-llama/Llama-2-7b-hf/compressed/160/meta-llama/Llama-2-7b-hf/layer_20/self_attn.v_proj/compressed.log
best_loss 173.73583984375 running bpv: 2.012928
 84%|████████▍ | 188/224 [24:46<04:00,  6.68s/it]COMMANDS_FINISHED 188 n_commands 224
running: nohup python -u scripts/1layer_compress/quantize_compress.py --hessian_path /data/lliu/huffman/models/meta-llama/Llama-2-7b-hf/hessians_new/seed_0/pajama/128/layer_23/self_attn.o_proj.pt --save_path /data/lliu/huffman/models/meta-llama/Llama-2-7b-hf/compressed/160/meta-llama/Llama-2-7b-hf/layer_23/self_attn.o_proj/compressed.pt --yaml_path tmp/160/yaml.yaml --weights_path /data/lliu/huffman/models/meta-llama/Llama-2-7b-hf/original_weights --device cuda:6 > /data/lliu/huffman/models/meta-llama/Llama-2-7b-hf/compressed/160/meta-llama/Llama-2-7b-hf/layer_23/self_attn.o_proj/compressed.log 2>&1 &
meta-llama/Llama-2-7b-hf/layer_20/mlp.down_proj is done
reading log /data/lliu/huffman/models/meta-llama/Llama-2-7b-hf/compressed/160/meta-llama/Llama-2-7b-hf/layer_20/mlp.down_proj/compressed.log
best_loss 45.43311309814453 running bpv: 2.012913
 84%|████████▍ | 189/224 [25:03<05:41,  9.76s/it]COMMANDS_FINISHED 189 n_commands 224
running: nohup python -u scripts/1layer_compress/quantize_compress.py --hessian_path /data/lliu/huffman/models/meta-llama/Llama-2-7b-hf/hessians_new/seed_0/pajama/128/layer_23/mlp.down_proj.pt --save_path /data/lliu/huffman/models/meta-llama/Llama-2-7b-hf/compressed/160/meta-llama/Llama-2-7b-hf/layer_23/mlp.down_proj/compressed.pt --yaml_path tmp/160/yaml.yaml --weights_path /data/lliu/huffman/models/meta-llama/Llama-2-7b-hf/original_weights --device cuda:7 > /data/lliu/huffman/models/meta-llama/Llama-2-7b-hf/compressed/160/meta-llama/Llama-2-7b-hf/layer_23/mlp.down_proj/compressed.log 2>&1 &
meta-llama/Llama-2-7b-hf/layer_23/self_attn.k_proj is done
reading log /data/lliu/huffman/models/meta-llama/Llama-2-7b-hf/compressed/160/meta-llama/Llama-2-7b-hf/layer_23/self_attn.k_proj/compressed.log
best_loss 452.81195068359375 running bpv: 2.012924
 85%|████████▍ | 190/224 [25:09<04:53,  8.64s/it]COMMANDS_FINISHED 190 n_commands 224
meta-llama/Llama-2-7b-hf/layer_23/self_attn.q_proj is done
reading log /data/lliu/huffman/models/meta-llama/Llama-2-7b-hf/compressed/160/meta-llama/Llama-2-7b-hf/layer_23/self_attn.q_proj/compressed.log
best_loss 426.58050537109375 running bpv: 2.012935
COMMANDS_FINISHED 191 n_commands 224
running: nohup python -u scripts/1layer_compress/quantize_compress.py --hessian_path /data/lliu/huffman/models/meta-llama/Llama-2-7b-hf/hessians_new/seed_0/pajama/128/layer_23/self_attn.v_proj.pt --save_path /data/lliu/huffman/models/meta-llama/Llama-2-7b-hf/compressed/160/meta-llama/Llama-2-7b-hf/layer_23/self_attn.v_proj/compressed.pt --yaml_path tmp/160/yaml.yaml --weights_path /data/lliu/huffman/models/meta-llama/Llama-2-7b-hf/original_weights --device cuda:5 > /data/lliu/huffman/models/meta-llama/Llama-2-7b-hf/compressed/160/meta-llama/Llama-2-7b-hf/layer_23/self_attn.v_proj/compressed.log 2>&1 &
running: nohup python -u scripts/1layer_compress/quantize_compress.py --hessian_path /data/lliu/huffman/models/meta-llama/Llama-2-7b-hf/hessians_new/seed_0/pajama/128/layer_17/mlp.gate_proj.pt --save_path /data/lliu/huffman/models/meta-llama/Llama-2-7b-hf/compressed/160/meta-llama/Llama-2-7b-hf/layer_17/mlp.gate_proj/compressed.pt --yaml_path tmp/160/yaml.yaml --weights_path /data/lliu/huffman/models/meta-llama/Llama-2-7b-hf/original_weights --device cuda:4 > /data/lliu/huffman/models/meta-llama/Llama-2-7b-hf/compressed/160/meta-llama/Llama-2-7b-hf/layer_17/mlp.gate_proj/compressed.log 2>&1 &
meta-llama/Llama-2-7b-hf/layer_23/self_attn.o_proj is done
reading log /data/lliu/huffman/models/meta-llama/Llama-2-7b-hf/compressed/160/meta-llama/Llama-2-7b-hf/layer_23/self_attn.o_proj/compressed.log
best_loss 15.490562438964844 running bpv: 2.012947
 86%|████████▌ | 192/224 [25:20<03:50,  7.20s/it]COMMANDS_FINISHED 192 n_commands 224
running: nohup python -u scripts/1layer_compress/quantize_compress.py --hessian_path /data/lliu/huffman/models/meta-llama/Llama-2-7b-hf/hessians_new/seed_0/pajama/128/layer_17/mlp.up_proj.pt --save_path /data/lliu/huffman/models/meta-llama/Llama-2-7b-hf/compressed/160/meta-llama/Llama-2-7b-hf/layer_17/mlp.up_proj/compressed.pt --yaml_path tmp/160/yaml.yaml --weights_path /data/lliu/huffman/models/meta-llama/Llama-2-7b-hf/original_weights --device cuda:6 > /data/lliu/huffman/models/meta-llama/Llama-2-7b-hf/compressed/160/meta-llama/Llama-2-7b-hf/layer_17/mlp.up_proj/compressed.log 2>&1 &
meta-llama/Llama-2-7b-hf/layer_23/mlp.gate_proj is done
reading log /data/lliu/huffman/models/meta-llama/Llama-2-7b-hf/compressed/160/meta-llama/Llama-2-7b-hf/layer_23/mlp.gate_proj/compressed.log
best_loss 483.04132080078125 running bpv: 2.012931
 86%|████████▌ | 193/224 [25:26<03:33,  6.90s/it]COMMANDS_FINISHED 193 n_commands 224
running: nohup python -u scripts/1layer_compress/quantize_compress.py --hessian_path /data/lliu/huffman/models/meta-llama/Llama-2-7b-hf/hessians_new/seed_0/pajama/128/layer_17/self_attn.q_proj.pt --save_path /data/lliu/huffman/models/meta-llama/Llama-2-7b-hf/compressed/160/meta-llama/Llama-2-7b-hf/layer_17/self_attn.q_proj/compressed.pt --yaml_path tmp/160/yaml.yaml --weights_path /data/lliu/huffman/models/meta-llama/Llama-2-7b-hf/original_weights --device cuda:2 > /data/lliu/huffman/models/meta-llama/Llama-2-7b-hf/compressed/160/meta-llama/Llama-2-7b-hf/layer_17/self_attn.q_proj/compressed.log 2>&1 &
meta-llama/Llama-2-7b-hf/layer_23/mlp.up_proj is done
reading log /data/lliu/huffman/models/meta-llama/Llama-2-7b-hf/compressed/160/meta-llama/Llama-2-7b-hf/layer_23/mlp.up_proj/compressed.log
best_loss 410.06536865234375 running bpv: 2.012917
 87%|████████▋ | 194/224 [25:33<03:27,  6.93s/it]COMMANDS_FINISHED 194 n_commands 224
running: nohup python -u scripts/1layer_compress/quantize_compress.py --hessian_path /data/lliu/huffman/models/meta-llama/Llama-2-7b-hf/hessians_new/seed_0/pajama/128/layer_17/self_attn.k_proj.pt --save_path /data/lliu/huffman/models/meta-llama/Llama-2-7b-hf/compressed/160/meta-llama/Llama-2-7b-hf/layer_17/self_attn.k_proj/compressed.pt --yaml_path tmp/160/yaml.yaml --weights_path /data/lliu/huffman/models/meta-llama/Llama-2-7b-hf/original_weights --device cuda:3 > /data/lliu/huffman/models/meta-llama/Llama-2-7b-hf/compressed/160/meta-llama/Llama-2-7b-hf/layer_17/self_attn.k_proj/compressed.log 2>&1 &
meta-llama/Llama-2-7b-hf/layer_23/self_attn.v_proj is done
reading log /data/lliu/huffman/models/meta-llama/Llama-2-7b-hf/compressed/160/meta-llama/Llama-2-7b-hf/layer_23/self_attn.v_proj/compressed.log
best_loss 263.74017333984375 running bpv: 2.012928
 87%|████████▋ | 195/224 [25:39<03:13,  6.68s/it]COMMANDS_FINISHED 195 n_commands 224
running: nohup python -u scripts/1layer_compress/quantize_compress.py --hessian_path /data/lliu/huffman/models/meta-llama/Llama-2-7b-hf/hessians_new/seed_0/pajama/128/layer_17/self_attn.o_proj.pt --save_path /data/lliu/huffman/models/meta-llama/Llama-2-7b-hf/compressed/160/meta-llama/Llama-2-7b-hf/layer_17/self_attn.o_proj/compressed.pt --yaml_path tmp/160/yaml.yaml --weights_path /data/lliu/huffman/models/meta-llama/Llama-2-7b-hf/original_weights --device cuda:5 > /data/lliu/huffman/models/meta-llama/Llama-2-7b-hf/compressed/160/meta-llama/Llama-2-7b-hf/layer_17/self_attn.o_proj/compressed.log 2>&1 &
meta-llama/Llama-2-7b-hf/layer_17/self_attn.q_proj is done
reading log /data/lliu/huffman/models/meta-llama/Llama-2-7b-hf/compressed/160/meta-llama/Llama-2-7b-hf/layer_17/self_attn.q_proj/compressed.log
best_loss 327.0926208496094 running bpv: 2.012938
 88%|████████▊ | 196/224 [25:55<04:20,  9.29s/it]COMMANDS_FINISHED 196 n_commands 224
running: nohup python -u scripts/1layer_compress/quantize_compress.py --hessian_path /data/lliu/huffman/models/meta-llama/Llama-2-7b-hf/hessians_new/seed_0/pajama/128/layer_17/mlp.down_proj.pt --save_path /data/lliu/huffman/models/meta-llama/Llama-2-7b-hf/compressed/160/meta-llama/Llama-2-7b-hf/layer_17/mlp.down_proj/compressed.pt --yaml_path tmp/160/yaml.yaml --weights_path /data/lliu/huffman/models/meta-llama/Llama-2-7b-hf/original_weights --device cuda:2 > /data/lliu/huffman/models/meta-llama/Llama-2-7b-hf/compressed/160/meta-llama/Llama-2-7b-hf/layer_17/mlp.down_proj/compressed.log 2>&1 &
meta-llama/Llama-2-7b-hf/layer_23/mlp.down_proj is done
reading log /data/lliu/huffman/models/meta-llama/Llama-2-7b-hf/compressed/160/meta-llama/Llama-2-7b-hf/layer_23/mlp.down_proj/compressed.log
best_loss 55.326255798339844 running bpv: 2.012924
 88%|████████▊ | 197/224 [26:01<03:45,  8.35s/it]COMMANDS_FINISHED 197 n_commands 224
running: nohup python -u scripts/1layer_compress/quantize_compress.py --hessian_path /data/lliu/huffman/models/meta-llama/Llama-2-7b-hf/hessians_new/seed_0/pajama/128/layer_17/self_attn.v_proj.pt --save_path /data/lliu/huffman/models/meta-llama/Llama-2-7b-hf/compressed/160/meta-llama/Llama-2-7b-hf/layer_17/self_attn.v_proj/compressed.pt --yaml_path tmp/160/yaml.yaml --weights_path /data/lliu/huffman/models/meta-llama/Llama-2-7b-hf/original_weights --device cuda:7 > /data/lliu/huffman/models/meta-llama/Llama-2-7b-hf/compressed/160/meta-llama/Llama-2-7b-hf/layer_17/self_attn.v_proj/compressed.log 2>&1 &
meta-llama/Llama-2-7b-hf/layer_17/self_attn.o_proj is done
reading log /data/lliu/huffman/models/meta-llama/Llama-2-7b-hf/compressed/160/meta-llama/Llama-2-7b-hf/layer_17/self_attn.o_proj/compressed.log
best_loss 10.861350059509277 running bpv: 2.012935
 88%|████████▊ | 198/224 [26:07<03:19,  7.67s/it]COMMANDS_FINISHED 198 n_commands 224
meta-llama/Llama-2-7b-hf/layer_17/self_attn.k_proj is done
reading log /data/lliu/huffman/models/meta-llama/Llama-2-7b-hf/compressed/160/meta-llama/Llama-2-7b-hf/layer_17/self_attn.k_proj/compressed.log
best_loss 369.29168701171875 running bpv: 2.012945
COMMANDS_FINISHED 199 n_commands 224
running: nohup python -u scripts/1layer_compress/quantize_compress.py --hessian_path /data/lliu/huffman/models/meta-llama/Llama-2-7b-hf/hessians_new/seed_0/pajama/128/layer_9/mlp.gate_proj.pt --save_path /data/lliu/huffman/models/meta-llama/Llama-2-7b-hf/compressed/160/meta-llama/Llama-2-7b-hf/layer_9/mlp.gate_proj/compressed.pt --yaml_path tmp/160/yaml.yaml --weights_path /data/lliu/huffman/models/meta-llama/Llama-2-7b-hf/original_weights --device cuda:5 > /data/lliu/huffman/models/meta-llama/Llama-2-7b-hf/compressed/160/meta-llama/Llama-2-7b-hf/layer_9/mlp.gate_proj/compressed.log 2>&1 &
running: nohup python -u scripts/1layer_compress/quantize_compress.py --hessian_path /data/lliu/huffman/models/meta-llama/Llama-2-7b-hf/hessians_new/seed_0/pajama/128/layer_9/mlp.up_proj.pt --save_path /data/lliu/huffman/models/meta-llama/Llama-2-7b-hf/compressed/160/meta-llama/Llama-2-7b-hf/layer_9/mlp.up_proj/compressed.pt --yaml_path tmp/160/yaml.yaml --weights_path /data/lliu/huffman/models/meta-llama/Llama-2-7b-hf/original_weights --device cuda:3 > /data/lliu/huffman/models/meta-llama/Llama-2-7b-hf/compressed/160/meta-llama/Llama-2-7b-hf/layer_9/mlp.up_proj/compressed.log 2>&1 &
meta-llama/Llama-2-7b-hf/layer_17/mlp.gate_proj is done
reading log /data/lliu/huffman/models/meta-llama/Llama-2-7b-hf/compressed/160/meta-llama/Llama-2-7b-hf/layer_17/mlp.gate_proj/compressed.log
best_loss 301.36871337890625 running bpv: 2.012931
 89%|████████▉ | 200/224 [26:23<03:07,  7.82s/it]COMMANDS_FINISHED 200 n_commands 224
running: nohup python -u scripts/1layer_compress/quantize_compress.py --hessian_path /data/lliu/huffman/models/meta-llama/Llama-2-7b-hf/hessians_new/seed_0/pajama/128/layer_9/self_attn.q_proj.pt --save_path /data/lliu/huffman/models/meta-llama/Llama-2-7b-hf/compressed/160/meta-llama/Llama-2-7b-hf/layer_9/self_attn.q_proj/compressed.pt --yaml_path tmp/160/yaml.yaml --weights_path /data/lliu/huffman/models/meta-llama/Llama-2-7b-hf/original_weights --device cuda:4 > /data/lliu/huffman/models/meta-llama/Llama-2-7b-hf/compressed/160/meta-llama/Llama-2-7b-hf/layer_9/self_attn.q_proj/compressed.log 2>&1 &
meta-llama/Llama-2-7b-hf/layer_17/mlp.up_proj is done
reading log /data/lliu/huffman/models/meta-llama/Llama-2-7b-hf/compressed/160/meta-llama/Llama-2-7b-hf/layer_17/mlp.up_proj/compressed.log
best_loss 269.7921142578125 running bpv: 2.012916
 90%|████████▉ | 201/224 [26:29<02:49,  7.38s/it]COMMANDS_FINISHED 201 n_commands 224
running: nohup python -u scripts/1layer_compress/quantize_compress.py --hessian_path /data/lliu/huffman/models/meta-llama/Llama-2-7b-hf/hessians_new/seed_0/pajama/128/layer_9/self_attn.k_proj.pt --save_path /data/lliu/huffman/models/meta-llama/Llama-2-7b-hf/compressed/160/meta-llama/Llama-2-7b-hf/layer_9/self_attn.k_proj/compressed.pt --yaml_path tmp/160/yaml.yaml --weights_path /data/lliu/huffman/models/meta-llama/Llama-2-7b-hf/original_weights --device cuda:6 > /data/lliu/huffman/models/meta-llama/Llama-2-7b-hf/compressed/160/meta-llama/Llama-2-7b-hf/layer_9/self_attn.k_proj/compressed.log 2>&1 &
meta-llama/Llama-2-7b-hf/layer_17/self_attn.v_proj is done
reading log /data/lliu/huffman/models/meta-llama/Llama-2-7b-hf/compressed/160/meta-llama/Llama-2-7b-hf/layer_17/self_attn.v_proj/compressed.log
best_loss 134.3751220703125 running bpv: 2.012927
 90%|█████████ | 202/224 [26:35<02:34,  7.02s/it]COMMANDS_FINISHED 202 n_commands 224
running: nohup python -u scripts/1layer_compress/quantize_compress.py --hessian_path /data/lliu/huffman/models/meta-llama/Llama-2-7b-hf/hessians_new/seed_0/pajama/128/layer_9/self_attn.o_proj.pt --save_path /data/lliu/huffman/models/meta-llama/Llama-2-7b-hf/compressed/160/meta-llama/Llama-2-7b-hf/layer_9/self_attn.o_proj/compressed.pt --yaml_path tmp/160/yaml.yaml --weights_path /data/lliu/huffman/models/meta-llama/Llama-2-7b-hf/original_weights --device cuda:7 > /data/lliu/huffman/models/meta-llama/Llama-2-7b-hf/compressed/160/meta-llama/Llama-2-7b-hf/layer_9/self_attn.o_proj/compressed.log 2>&1 &
meta-llama/Llama-2-7b-hf/layer_17/mlp.down_proj is done
reading log /data/lliu/huffman/models/meta-llama/Llama-2-7b-hf/compressed/160/meta-llama/Llama-2-7b-hf/layer_17/mlp.down_proj/compressed.log
best_loss 29.071853637695312 running bpv: 2.012913
 91%|█████████ | 203/224 [26:50<03:12,  9.18s/it]COMMANDS_FINISHED 203 n_commands 224
running: nohup python -u scripts/1layer_compress/quantize_compress.py --hessian_path /data/lliu/huffman/models/meta-llama/Llama-2-7b-hf/hessians_new/seed_0/pajama/128/layer_9/mlp.down_proj.pt --save_path /data/lliu/huffman/models/meta-llama/Llama-2-7b-hf/compressed/160/meta-llama/Llama-2-7b-hf/layer_9/mlp.down_proj/compressed.pt --yaml_path tmp/160/yaml.yaml --weights_path /data/lliu/huffman/models/meta-llama/Llama-2-7b-hf/original_weights --device cuda:2 > /data/lliu/huffman/models/meta-llama/Llama-2-7b-hf/compressed/160/meta-llama/Llama-2-7b-hf/layer_9/mlp.down_proj/compressed.log 2>&1 &
meta-llama/Llama-2-7b-hf/layer_9/self_attn.q_proj is done
reading log /data/lliu/huffman/models/meta-llama/Llama-2-7b-hf/compressed/160/meta-llama/Llama-2-7b-hf/layer_9/self_attn.q_proj/compressed.log
best_loss 243.02490234375 running bpv: 2.012923
 91%|█████████ | 204/224 [26:56<02:45,  8.30s/it]COMMANDS_FINISHED 204 n_commands 224
running: nohup python -u scripts/1layer_compress/quantize_compress.py --hessian_path /data/lliu/huffman/models/meta-llama/Llama-2-7b-hf/hessians_new/seed_0/pajama/128/layer_9/self_attn.v_proj.pt --save_path /data/lliu/huffman/models/meta-llama/Llama-2-7b-hf/compressed/160/meta-llama/Llama-2-7b-hf/layer_9/self_attn.v_proj/compressed.pt --yaml_path tmp/160/yaml.yaml --weights_path /data/lliu/huffman/models/meta-llama/Llama-2-7b-hf/original_weights --device cuda:4 > /data/lliu/huffman/models/meta-llama/Llama-2-7b-hf/compressed/160/meta-llama/Llama-2-7b-hf/layer_9/self_attn.v_proj/compressed.log 2>&1 &
meta-llama/Llama-2-7b-hf/layer_9/self_attn.k_proj is done
reading log /data/lliu/huffman/models/meta-llama/Llama-2-7b-hf/compressed/160/meta-llama/Llama-2-7b-hf/layer_9/self_attn.k_proj/compressed.log
best_loss 269.82537841796875 running bpv: 2.012934
 92%|█████████▏| 205/224 [27:02<02:25,  7.65s/it]COMMANDS_FINISHED 205 n_commands 224
running: nohup python -u scripts/1layer_compress/quantize_compress.py --hessian_path /data/lliu/huffman/models/meta-llama/Llama-2-7b-hf/hessians_new/seed_0/pajama/128/layer_22/mlp.gate_proj.pt --save_path /data/lliu/huffman/models/meta-llama/Llama-2-7b-hf/compressed/160/meta-llama/Llama-2-7b-hf/layer_22/mlp.gate_proj/compressed.pt --yaml_path tmp/160/yaml.yaml --weights_path /data/lliu/huffman/models/meta-llama/Llama-2-7b-hf/original_weights --device cuda:6 > /data/lliu/huffman/models/meta-llama/Llama-2-7b-hf/compressed/160/meta-llama/Llama-2-7b-hf/layer_22/mlp.gate_proj/compressed.log 2>&1 &
meta-llama/Llama-2-7b-hf/layer_9/self_attn.o_proj is done
reading log /data/lliu/huffman/models/meta-llama/Llama-2-7b-hf/compressed/160/meta-llama/Llama-2-7b-hf/layer_9/self_attn.o_proj/compressed.log
best_loss 4.643456935882568 running bpv: 2.012944
 92%|█████████▏| 206/224 [27:08<02:09,  7.17s/it]COMMANDS_FINISHED 206 n_commands 224
running: nohup python -u scripts/1layer_compress/quantize_compress.py --hessian_path /data/lliu/huffman/models/meta-llama/Llama-2-7b-hf/hessians_new/seed_0/pajama/128/layer_22/mlp.up_proj.pt --save_path /data/lliu/huffman/models/meta-llama/Llama-2-7b-hf/compressed/160/meta-llama/Llama-2-7b-hf/layer_22/mlp.up_proj/compressed.pt --yaml_path tmp/160/yaml.yaml --weights_path /data/lliu/huffman/models/meta-llama/Llama-2-7b-hf/original_weights --device cuda:7 > /data/lliu/huffman/models/meta-llama/Llama-2-7b-hf/compressed/160/meta-llama/Llama-2-7b-hf/layer_22/mlp.up_proj/compressed.log 2>&1 &
meta-llama/Llama-2-7b-hf/layer_9/mlp.gate_proj is done
reading log /data/lliu/huffman/models/meta-llama/Llama-2-7b-hf/compressed/160/meta-llama/Llama-2-7b-hf/layer_9/mlp.gate_proj/compressed.log
best_loss 151.6153564453125 running bpv: 2.01293
 92%|█████████▏| 207/224 [27:14<01:56,  6.83s/it]COMMANDS_FINISHED 207 n_commands 224
running: nohup python -u scripts/1layer_compress/quantize_compress.py --hessian_path /data/lliu/huffman/models/meta-llama/Llama-2-7b-hf/hessians_new/seed_0/pajama/128/layer_22/self_attn.q_proj.pt --save_path /data/lliu/huffman/models/meta-llama/Llama-2-7b-hf/compressed/160/meta-llama/Llama-2-7b-hf/layer_22/self_attn.q_proj/compressed.pt --yaml_path tmp/160/yaml.yaml --weights_path /data/lliu/huffman/models/meta-llama/Llama-2-7b-hf/original_weights --device cuda:5 > /data/lliu/huffman/models/meta-llama/Llama-2-7b-hf/compressed/160/meta-llama/Llama-2-7b-hf/layer_22/self_attn.q_proj/compressed.log 2>&1 &
meta-llama/Llama-2-7b-hf/layer_9/mlp.up_proj is done
reading log /data/lliu/huffman/models/meta-llama/Llama-2-7b-hf/compressed/160/meta-llama/Llama-2-7b-hf/layer_9/mlp.up_proj/compressed.log
best_loss 126.6501693725586 running bpv: 2.012916
 93%|█████████▎| 208/224 [27:22<01:54,  7.18s/it]COMMANDS_FINISHED 208 n_commands 224
running: nohup python -u scripts/1layer_compress/quantize_compress.py --hessian_path /data/lliu/huffman/models/meta-llama/Llama-2-7b-hf/hessians_new/seed_0/pajama/128/layer_22/self_attn.k_proj.pt --save_path /data/lliu/huffman/models/meta-llama/Llama-2-7b-hf/compressed/160/meta-llama/Llama-2-7b-hf/layer_22/self_attn.k_proj/compressed.pt --yaml_path tmp/160/yaml.yaml --weights_path /data/lliu/huffman/models/meta-llama/Llama-2-7b-hf/original_weights --device cuda:3 > /data/lliu/huffman/models/meta-llama/Llama-2-7b-hf/compressed/160/meta-llama/Llama-2-7b-hf/layer_22/self_attn.k_proj/compressed.log 2>&1 &
meta-llama/Llama-2-7b-hf/layer_9/self_attn.v_proj is done
reading log /data/lliu/huffman/models/meta-llama/Llama-2-7b-hf/compressed/160/meta-llama/Llama-2-7b-hf/layer_9/self_attn.v_proj/compressed.log
best_loss 71.53753662109375 running bpv: 2.012927
 93%|█████████▎| 209/224 [27:28<01:42,  6.83s/it]COMMANDS_FINISHED 209 n_commands 224
running: nohup python -u scripts/1layer_compress/quantize_compress.py --hessian_path /data/lliu/huffman/models/meta-llama/Llama-2-7b-hf/hessians_new/seed_0/pajama/128/layer_22/self_attn.o_proj.pt --save_path /data/lliu/huffman/models/meta-llama/Llama-2-7b-hf/compressed/160/meta-llama/Llama-2-7b-hf/layer_22/self_attn.o_proj/compressed.pt --yaml_path tmp/160/yaml.yaml --weights_path /data/lliu/huffman/models/meta-llama/Llama-2-7b-hf/original_weights --device cuda:4 > /data/lliu/huffman/models/meta-llama/Llama-2-7b-hf/compressed/160/meta-llama/Llama-2-7b-hf/layer_22/self_attn.o_proj/compressed.log 2>&1 &
meta-llama/Llama-2-7b-hf/layer_9/mlp.down_proj is done
reading log /data/lliu/huffman/models/meta-llama/Llama-2-7b-hf/compressed/160/meta-llama/Llama-2-7b-hf/layer_9/mlp.down_proj/compressed.log
best_loss 7.242976665496826 running bpv: 2.012913
 94%|█████████▍| 210/224 [27:46<02:22, 10.15s/it]COMMANDS_FINISHED 210 n_commands 224
running: nohup python -u scripts/1layer_compress/quantize_compress.py --hessian_path /data/lliu/huffman/models/meta-llama/Llama-2-7b-hf/hessians_new/seed_0/pajama/128/layer_22/mlp.down_proj.pt --save_path /data/lliu/huffman/models/meta-llama/Llama-2-7b-hf/compressed/160/meta-llama/Llama-2-7b-hf/layer_22/mlp.down_proj/compressed.pt --yaml_path tmp/160/yaml.yaml --weights_path /data/lliu/huffman/models/meta-llama/Llama-2-7b-hf/original_weights --device cuda:2 > /data/lliu/huffman/models/meta-llama/Llama-2-7b-hf/compressed/160/meta-llama/Llama-2-7b-hf/layer_22/mlp.down_proj/compressed.log 2>&1 &
meta-llama/Llama-2-7b-hf/layer_22/self_attn.q_proj is done
reading log /data/lliu/huffman/models/meta-llama/Llama-2-7b-hf/compressed/160/meta-llama/Llama-2-7b-hf/layer_22/self_attn.q_proj/compressed.log
best_loss 395.05133056640625 running bpv: 2.012923
 94%|█████████▍| 211/224 [27:52<01:55,  8.92s/it]COMMANDS_FINISHED 211 n_commands 224
meta-llama/Llama-2-7b-hf/layer_22/self_attn.k_proj is done
reading log /data/lliu/huffman/models/meta-llama/Llama-2-7b-hf/compressed/160/meta-llama/Llama-2-7b-hf/layer_22/self_attn.k_proj/compressed.log
best_loss 428.32440185546875 running bpv: 2.012933
COMMANDS_FINISHED 212 n_commands 224
running: nohup python -u scripts/1layer_compress/quantize_compress.py --hessian_path /data/lliu/huffman/models/meta-llama/Llama-2-7b-hf/hessians_new/seed_0/pajama/128/layer_22/self_attn.v_proj.pt --save_path /data/lliu/huffman/models/meta-llama/Llama-2-7b-hf/compressed/160/meta-llama/Llama-2-7b-hf/layer_22/self_attn.v_proj/compressed.pt --yaml_path tmp/160/yaml.yaml --weights_path /data/lliu/huffman/models/meta-llama/Llama-2-7b-hf/original_weights --device cuda:5 > /data/lliu/huffman/models/meta-llama/Llama-2-7b-hf/compressed/160/meta-llama/Llama-2-7b-hf/layer_22/self_attn.v_proj/compressed.log 2>&1 &
running: nohup python -u scripts/1layer_compress/quantize_compress.py --hessian_path /data/lliu/huffman/models/meta-llama/Llama-2-7b-hf/hessians_new/seed_0/pajama/128/layer_24/mlp.gate_proj.pt --save_path /data/lliu/huffman/models/meta-llama/Llama-2-7b-hf/compressed/160/meta-llama/Llama-2-7b-hf/layer_24/mlp.gate_proj/compressed.pt --yaml_path tmp/160/yaml.yaml --weights_path /data/lliu/huffman/models/meta-llama/Llama-2-7b-hf/original_weights --device cuda:3 > /data/lliu/huffman/models/meta-llama/Llama-2-7b-hf/compressed/160/meta-llama/Llama-2-7b-hf/layer_24/mlp.gate_proj/compressed.log 2>&1 &
meta-llama/Llama-2-7b-hf/layer_22/self_attn.o_proj is done
reading log /data/lliu/huffman/models/meta-llama/Llama-2-7b-hf/compressed/160/meta-llama/Llama-2-7b-hf/layer_22/self_attn.o_proj/compressed.log
best_loss 36.44355392456055 running bpv: 2.012943
 95%|█████████▌| 213/224 [28:03<01:20,  7.35s/it]COMMANDS_FINISHED 213 n_commands 224
running: nohup python -u scripts/1layer_compress/quantize_compress.py --hessian_path /data/lliu/huffman/models/meta-llama/Llama-2-7b-hf/hessians_new/seed_0/pajama/128/layer_24/mlp.up_proj.pt --save_path /data/lliu/huffman/models/meta-llama/Llama-2-7b-hf/compressed/160/meta-llama/Llama-2-7b-hf/layer_24/mlp.up_proj/compressed.pt --yaml_path tmp/160/yaml.yaml --weights_path /data/lliu/huffman/models/meta-llama/Llama-2-7b-hf/original_weights --device cuda:4 > /data/lliu/huffman/models/meta-llama/Llama-2-7b-hf/compressed/160/meta-llama/Llama-2-7b-hf/layer_24/mlp.up_proj/compressed.log 2>&1 &
meta-llama/Llama-2-7b-hf/layer_22/mlp.gate_proj is done
reading log /data/lliu/huffman/models/meta-llama/Llama-2-7b-hf/compressed/160/meta-llama/Llama-2-7b-hf/layer_22/mlp.gate_proj/compressed.log
best_loss 456.59344482421875 running bpv: 2.01293
 96%|█████████▌| 214/224 [28:09<01:10,  7.02s/it]COMMANDS_FINISHED 214 n_commands 224
running: nohup python -u scripts/1layer_compress/quantize_compress.py --hessian_path /data/lliu/huffman/models/meta-llama/Llama-2-7b-hf/hessians_new/seed_0/pajama/128/layer_24/self_attn.q_proj.pt --save_path /data/lliu/huffman/models/meta-llama/Llama-2-7b-hf/compressed/160/meta-llama/Llama-2-7b-hf/layer_24/self_attn.q_proj/compressed.pt --yaml_path tmp/160/yaml.yaml --weights_path /data/lliu/huffman/models/meta-llama/Llama-2-7b-hf/original_weights --device cuda:6 > /data/lliu/huffman/models/meta-llama/Llama-2-7b-hf/compressed/160/meta-llama/Llama-2-7b-hf/layer_24/self_attn.q_proj/compressed.log 2>&1 &
meta-llama/Llama-2-7b-hf/layer_22/mlp.up_proj is done
reading log /data/lliu/huffman/models/meta-llama/Llama-2-7b-hf/compressed/160/meta-llama/Llama-2-7b-hf/layer_22/mlp.up_proj/compressed.log
best_loss 386.11859130859375 running bpv: 2.012916
 96%|█████████▌| 215/224 [28:15<01:00,  6.75s/it]COMMANDS_FINISHED 215 n_commands 224
running: nohup python -u scripts/1layer_compress/quantize_compress.py --hessian_path /data/lliu/huffman/models/meta-llama/Llama-2-7b-hf/hessians_new/seed_0/pajama/128/layer_24/self_attn.k_proj.pt --save_path /data/lliu/huffman/models/meta-llama/Llama-2-7b-hf/compressed/160/meta-llama/Llama-2-7b-hf/layer_24/self_attn.k_proj/compressed.pt --yaml_path tmp/160/yaml.yaml --weights_path /data/lliu/huffman/models/meta-llama/Llama-2-7b-hf/original_weights --device cuda:7 > /data/lliu/huffman/models/meta-llama/Llama-2-7b-hf/compressed/160/meta-llama/Llama-2-7b-hf/layer_24/self_attn.k_proj/compressed.log 2>&1 &
meta-llama/Llama-2-7b-hf/layer_22/self_attn.v_proj is done
reading log /data/lliu/huffman/models/meta-llama/Llama-2-7b-hf/compressed/160/meta-llama/Llama-2-7b-hf/layer_22/self_attn.v_proj/compressed.log
best_loss 214.6567840576172 running bpv: 2.012926
 96%|█████████▋| 216/224 [28:21<00:52,  6.55s/it]COMMANDS_FINISHED 216 n_commands 224
running: nohup python -u scripts/1layer_compress/quantize_compress.py --hessian_path /data/lliu/huffman/models/meta-llama/Llama-2-7b-hf/hessians_new/seed_0/pajama/128/layer_24/self_attn.o_proj.pt --save_path /data/lliu/huffman/models/meta-llama/Llama-2-7b-hf/compressed/160/meta-llama/Llama-2-7b-hf/layer_24/self_attn.o_proj/compressed.pt --yaml_path tmp/160/yaml.yaml --weights_path /data/lliu/huffman/models/meta-llama/Llama-2-7b-hf/original_weights --device cuda:5 > /data/lliu/huffman/models/meta-llama/Llama-2-7b-hf/compressed/160/meta-llama/Llama-2-7b-hf/layer_24/self_attn.o_proj/compressed.log 2>&1 &
meta-llama/Llama-2-7b-hf/layer_24/self_attn.q_proj is done
reading log /data/lliu/huffman/models/meta-llama/Llama-2-7b-hf/compressed/160/meta-llama/Llama-2-7b-hf/layer_24/self_attn.q_proj/compressed.log
best_loss 393.27691650390625 running bpv: 2.012936
 97%|█████████▋| 217/224 [28:40<01:10, 10.03s/it]COMMANDS_FINISHED 217 n_commands 224
running: nohup python -u scripts/1layer_compress/quantize_compress.py --hessian_path /data/lliu/huffman/models/meta-llama/Llama-2-7b-hf/hessians_new/seed_0/pajama/128/layer_24/mlp.down_proj.pt --save_path /data/lliu/huffman/models/meta-llama/Llama-2-7b-hf/compressed/160/meta-llama/Llama-2-7b-hf/layer_24/mlp.down_proj/compressed.pt --yaml_path tmp/160/yaml.yaml --weights_path /data/lliu/huffman/models/meta-llama/Llama-2-7b-hf/original_weights --device cuda:6 > /data/lliu/huffman/models/meta-llama/Llama-2-7b-hf/compressed/160/meta-llama/Llama-2-7b-hf/layer_24/mlp.down_proj/compressed.log 2>&1 &
meta-llama/Llama-2-7b-hf/layer_24/self_attn.k_proj is done
reading log /data/lliu/huffman/models/meta-llama/Llama-2-7b-hf/compressed/160/meta-llama/Llama-2-7b-hf/layer_24/self_attn.k_proj/compressed.log
best_loss 424.8500061035156 running bpv: 2.012946
 97%|█████████▋| 218/224 [28:46<00:53,  8.88s/it]COMMANDS_FINISHED 218 n_commands 224
meta-llama/Llama-2-7b-hf/layer_22/mlp.down_proj is done
reading log /data/lliu/huffman/models/meta-llama/Llama-2-7b-hf/compressed/160/meta-llama/Llama-2-7b-hf/layer_22/mlp.down_proj/compressed.log
best_loss 52.1756706237793 running bpv: 2.012933
COMMANDS_FINISHED 219 n_commands 224
running: nohup python -u scripts/1layer_compress/quantize_compress.py --hessian_path /data/lliu/huffman/models/meta-llama/Llama-2-7b-hf/hessians_new/seed_0/pajama/128/layer_24/self_attn.v_proj.pt --save_path /data/lliu/huffman/models/meta-llama/Llama-2-7b-hf/compressed/160/meta-llama/Llama-2-7b-hf/layer_24/self_attn.v_proj/compressed.pt --yaml_path tmp/160/yaml.yaml --weights_path /data/lliu/huffman/models/meta-llama/Llama-2-7b-hf/original_weights --device cuda:7 > /data/lliu/huffman/models/meta-llama/Llama-2-7b-hf/compressed/160/meta-llama/Llama-2-7b-hf/layer_24/self_attn.v_proj/compressed.log 2>&1 &
meta-llama/Llama-2-7b-hf/layer_24/self_attn.o_proj is done
reading log /data/lliu/huffman/models/meta-llama/Llama-2-7b-hf/compressed/160/meta-llama/Llama-2-7b-hf/layer_24/self_attn.o_proj/compressed.log
best_loss 31.31222152709961 running bpv: 2.012942
 98%|█████████▊| 220/224 [28:53<00:25,  6.47s/it]COMMANDS_FINISHED 220 n_commands 224
meta-llama/Llama-2-7b-hf/layer_24/mlp.gate_proj is done
reading log /data/lliu/huffman/models/meta-llama/Llama-2-7b-hf/compressed/160/meta-llama/Llama-2-7b-hf/layer_24/mlp.gate_proj/compressed.log
best_loss 507.10198974609375 running bpv: 2.012929
 99%|█████████▊| 221/224 [29:02<00:21,  7.08s/it]COMMANDS_FINISHED 221 n_commands 224
meta-llama/Llama-2-7b-hf/layer_24/mlp.up_proj is done
reading log /data/lliu/huffman/models/meta-llama/Llama-2-7b-hf/compressed/160/meta-llama/Llama-2-7b-hf/layer_24/mlp.up_proj/compressed.log
best_loss 432.43524169921875 running bpv: 2.012916
 99%|█████████▉| 222/224 [29:11<00:15,  7.58s/it]COMMANDS_FINISHED 222 n_commands 224
meta-llama/Llama-2-7b-hf/layer_24/self_attn.v_proj is done
reading log /data/lliu/huffman/models/meta-llama/Llama-2-7b-hf/compressed/160/meta-llama/Llama-2-7b-hf/layer_24/self_attn.v_proj/compressed.log
best_loss 251.20787048339844 running bpv: 2.012926
100%|█████████▉| 223/224 [29:16<00:06,  6.89s/it]COMMANDS_FINISHED 223 n_commands 224
meta-llama/Llama-2-7b-hf/layer_24/mlp.down_proj is done
reading log /data/lliu/huffman/models/meta-llama/Llama-2-7b-hf/compressed/160/meta-llama/Llama-2-7b-hf/layer_24/mlp.down_proj/compressed.log
best_loss 58.525299072265625 running bpv: 2.012913
100%|██████████| 224/224 [29:35<00:00, 10.25s/it]COMMANDS_FINISHED 224 n_commands 224
done with meta-llama/Llama-2-7b-hf
done with {'meta-llama/Llama-2-7b-hf/layer_3/self_attn.q_proj': '/data/lliu/huffman/models/meta-llama/Llama-2-7b-hf/compressed/160/meta-llama/Llama-2-7b-hf/layer_3/self_attn.q_proj/compressed.pt', 'meta-llama/Llama-2-7b-hf/layer_3/self_attn.k_proj': '/data/lliu/huffman/models/meta-llama/Llama-2-7b-hf/compressed/160/meta-llama/Llama-2-7b-hf/layer_3/self_attn.k_proj/compressed.pt', 'meta-llama/Llama-2-7b-hf/layer_3/self_attn.o_proj': '/data/lliu/huffman/models/meta-llama/Llama-2-7b-hf/compressed/160/meta-llama/Llama-2-7b-hf/layer_3/self_attn.o_proj/compressed.pt', 'meta-llama/Llama-2-7b-hf/layer_3/mlp.gate_proj': '/data/lliu/huffman/models/meta-llama/Llama-2-7b-hf/compressed/160/meta-llama/Llama-2-7b-hf/layer_3/mlp.gate_proj/compressed.pt', 'meta-llama/Llama-2-7b-hf/layer_3/self_attn.v_proj': '/data/lliu/huffman/models/meta-llama/Llama-2-7b-hf/compressed/160/meta-llama/Llama-2-7b-hf/layer_3/self_attn.v_proj/compressed.pt', 'meta-llama/Llama-2-7b-hf/layer_3/mlp.up_proj': '/data/lliu/huffman/models/meta-llama/Llama-2-7b-hf/compressed/160/meta-llama/Llama-2-7b-hf/layer_3/mlp.up_proj/compressed.pt', 'meta-llama/Llama-2-7b-hf/layer_3/mlp.down_proj': '/data/lliu/huffman/models/meta-llama/Llama-2-7b-hf/compressed/160/meta-llama/Llama-2-7b-hf/layer_3/mlp.down_proj/compressed.pt', 'meta-llama/Llama-2-7b-hf/layer_5/self_attn.q_proj': '/data/lliu/huffman/models/meta-llama/Llama-2-7b-hf/compressed/160/meta-llama/Llama-2-7b-hf/layer_5/self_attn.q_proj/compressed.pt', 'meta-llama/Llama-2-7b-hf/layer_5/self_attn.k_proj': '/data/lliu/huffman/models/meta-llama/Llama-2-7b-hf/compressed/160/meta-llama/Llama-2-7b-hf/layer_5/self_attn.k_proj/compressed.pt', 'meta-llama/Llama-2-7b-hf/layer_5/self_attn.o_proj': '/data/lliu/huffman/models/meta-llama/Llama-2-7b-hf/compressed/160/meta-llama/Llama-2-7b-hf/layer_5/self_attn.o_proj/compressed.pt', 'meta-llama/Llama-2-7b-hf/layer_5/mlp.gate_proj': '/data/lliu/huffman/models/meta-llama/Llama-2-7b-hf/compressed/160/meta-llama/Llama-2-7b-hf/layer_5/mlp.gate_proj/compressed.pt', 'meta-llama/Llama-2-7b-hf/layer_5/self_attn.v_proj': '/data/lliu/huffman/models/meta-llama/Llama-2-7b-hf/compressed/160/meta-llama/Llama-2-7b-hf/layer_5/self_attn.v_proj/compressed.pt', 'meta-llama/Llama-2-7b-hf/layer_5/mlp.up_proj': '/data/lliu/huffman/models/meta-llama/Llama-2-7b-hf/compressed/160/meta-llama/Llama-2-7b-hf/layer_5/mlp.up_proj/compressed.pt', 'meta-llama/Llama-2-7b-hf/layer_5/mlp.down_proj': '/data/lliu/huffman/models/meta-llama/Llama-2-7b-hf/compressed/160/meta-llama/Llama-2-7b-hf/layer_5/mlp.down_proj/compressed.pt', 'meta-llama/Llama-2-7b-hf/layer_8/self_attn.q_proj': '/data/lliu/huffman/models/meta-llama/Llama-2-7b-hf/compressed/160/meta-llama/Llama-2-7b-hf/layer_8/self_attn.q_proj/compressed.pt', 'meta-llama/Llama-2-7b-hf/layer_8/self_attn.k_proj': '/data/lliu/huffman/models/meta-llama/Llama-2-7b-hf/compressed/160/meta-llama/Llama-2-7b-hf/layer_8/self_attn.k_proj/compressed.pt', 'meta-llama/Llama-2-7b-hf/layer_8/self_attn.o_proj': '/data/lliu/huffman/models/meta-llama/Llama-2-7b-hf/compressed/160/meta-llama/Llama-2-7b-hf/layer_8/self_attn.o_proj/compressed.pt', 'meta-llama/Llama-2-7b-hf/layer_8/mlp.gate_proj': '/data/lliu/huffman/models/meta-llama/Llama-2-7b-hf/compressed/160/meta-llama/Llama-2-7b-hf/layer_8/mlp.gate_proj/compressed.pt', 'meta-llama/Llama-2-7b-hf/layer_8/mlp.up_proj': '/data/lliu/huffman/models/meta-llama/Llama-2-7b-hf/compressed/160/meta-llama/Llama-2-7b-hf/layer_8/mlp.up_proj/compressed.pt', 'meta-llama/Llama-2-7b-hf/layer_8/self_attn.v_proj': '/data/lliu/huffman/models/meta-llama/Llama-2-7b-hf/compressed/160/meta-llama/Llama-2-7b-hf/layer_8/self_attn.v_proj/compressed.pt', 'meta-llama/Llama-2-7b-hf/layer_8/mlp.down_proj': '/data/lliu/huffman/models/meta-llama/Llama-2-7b-hf/compressed/160/meta-llama/Llama-2-7b-hf/layer_8/mlp.down_proj/compressed.pt', 'meta-llama/Llama-2-7b-hf/layer_12/self_attn.q_proj': '/data/lliu/huffman/models/meta-llama/Llama-2-7b-hf/compressed/160/meta-llama/Llama-2-7b-hf/layer_12/self_attn.q_proj/compressed.pt', 'meta-llama/Llama-2-7b-hf/layer_12/self_attn.k_proj': '/data/lliu/huffman/models/meta-llama/Llama-2-7b-hf/compressed/160/meta-llama/Llama-2-7b-hf/layer_12/self_attn.k_proj/compressed.pt', 'meta-llama/Llama-2-7b-hf/layer_12/self_attn.o_proj': '/data/lliu/huffman/models/meta-llama/Llama-2-7b-hf/compressed/160/meta-llama/Llama-2-7b-hf/layer_12/self_attn.o_proj/compressed.pt', 'meta-llama/Llama-2-7b-hf/layer_12/mlp.gate_proj': '/data/lliu/huffman/models/meta-llama/Llama-2-7b-hf/compressed/160/meta-llama/Llama-2-7b-hf/layer_12/mlp.gate_proj/compressed.pt', 'meta-llama/Llama-2-7b-hf/layer_12/mlp.up_proj': '/data/lliu/huffman/models/meta-llama/Llama-2-7b-hf/compressed/160/meta-llama/Llama-2-7b-hf/layer_12/mlp.up_proj/compressed.pt', 'meta-llama/Llama-2-7b-hf/layer_12/self_attn.v_proj': '/data/lliu/huffman/models/meta-llama/Llama-2-7b-hf/compressed/160/meta-llama/Llama-2-7b-hf/layer_12/self_attn.v_proj/compressed.pt', 'meta-llama/Llama-2-7b-hf/layer_1/self_attn.q_proj': '/data/lliu/huffman/models/meta-llama/Llama-2-7b-hf/compressed/160/meta-llama/Llama-2-7b-hf/layer_1/self_attn.q_proj/compressed.pt', 'meta-llama/Llama-2-7b-hf/layer_12/mlp.down_proj': '/data/lliu/huffman/models/meta-llama/Llama-2-7b-hf/compressed/160/meta-llama/Llama-2-7b-hf/layer_12/mlp.down_proj/compressed.pt', 'meta-llama/Llama-2-7b-hf/layer_1/self_attn.k_proj': '/data/lliu/huffman/models/meta-llama/Llama-2-7b-hf/compressed/160/meta-llama/Llama-2-7b-hf/layer_1/self_attn.k_proj/compressed.pt', 'meta-llama/Llama-2-7b-hf/layer_1/self_attn.o_proj': '/data/lliu/huffman/models/meta-llama/Llama-2-7b-hf/compressed/160/meta-llama/Llama-2-7b-hf/layer_1/self_attn.o_proj/compressed.pt', 'meta-llama/Llama-2-7b-hf/layer_1/mlp.gate_proj': '/data/lliu/huffman/models/meta-llama/Llama-2-7b-hf/compressed/160/meta-llama/Llama-2-7b-hf/layer_1/mlp.gate_proj/compressed.pt', 'meta-llama/Llama-2-7b-hf/layer_1/mlp.up_proj': '/data/lliu/huffman/models/meta-llama/Llama-2-7b-hf/compressed/160/meta-llama/Llama-2-7b-hf/layer_1/mlp.up_proj/compressed.pt', 'meta-llama/Llama-2-7b-hf/layer_1/self_attn.v_proj': '/data/lliu/huffman/models/meta-llama/Llama-2-7b-hf/compressed/160/meta-llama/Llama-2-7b-hf/layer_1/self_attn.v_proj/compressed.pt', 'meta-llama/Llama-2-7b-hf/layer_1/mlp.down_proj': '/data/lliu/huffman/models/meta-llama/Llama-2-7b-hf/compressed/160/meta-llama/Llama-2-7b-hf/layer_1/mlp.down_proj/compressed.pt', 'meta-llama/Llama-2-7b-hf/layer_7/self_attn.q_proj': '/data/lliu/huffman/models/meta-llama/Llama-2-7b-hf/compressed/160/meta-llama/Llama-2-7b-hf/layer_7/self_attn.q_proj/compressed.pt', 'meta-llama/Llama-2-7b-hf/layer_7/self_attn.k_proj': '/data/lliu/huffman/models/meta-llama/Llama-2-7b-hf/compressed/160/meta-llama/Llama-2-7b-hf/layer_7/self_attn.k_proj/compressed.pt', 'meta-llama/Llama-2-7b-hf/layer_7/self_attn.o_proj': '/data/lliu/huffman/models/meta-llama/Llama-2-7b-hf/compressed/160/meta-llama/Llama-2-7b-hf/layer_7/self_attn.o_proj/compressed.pt', 'meta-llama/Llama-2-7b-hf/layer_7/mlp.gate_proj': '/data/lliu/huffman/models/meta-llama/Llama-2-7b-hf/compressed/160/meta-llama/Llama-2-7b-hf/layer_7/mlp.gate_proj/compressed.pt', 'meta-llama/Llama-2-7b-hf/layer_7/self_attn.v_proj': '/data/lliu/huffman/models/meta-llama/Llama-2-7b-hf/compressed/160/meta-llama/Llama-2-7b-hf/layer_7/self_attn.v_proj/compressed.pt', 'meta-llama/Llama-2-7b-hf/layer_7/mlp.up_proj': '/data/lliu/huffman/models/meta-llama/Llama-2-7b-hf/compressed/160/meta-llama/Llama-2-7b-hf/layer_7/mlp.up_proj/compressed.pt', 'meta-llama/Llama-2-7b-hf/layer_7/mlp.down_proj': '/data/lliu/huffman/models/meta-llama/Llama-2-7b-hf/compressed/160/meta-llama/Llama-2-7b-hf/layer_7/mlp.down_proj/compressed.pt', 'meta-llama/Llama-2-7b-hf/layer_0/self_attn.q_proj': '/data/lliu/huffman/models/meta-llama/Llama-2-7b-hf/compressed/160/meta-llama/Llama-2-7b-hf/layer_0/self_attn.q_proj/compressed.pt', 'meta-llama/Llama-2-7b-hf/layer_0/self_attn.k_proj': '/data/lliu/huffman/models/meta-llama/Llama-2-7b-hf/compressed/160/meta-llama/Llama-2-7b-hf/layer_0/self_attn.k_proj/compressed.pt', 'meta-llama/Llama-2-7b-hf/layer_0/self_attn.o_proj': '/data/lliu/huffman/models/meta-llama/Llama-2-7b-hf/compressed/160/meta-llama/Llama-2-7b-hf/layer_0/self_attn.o_proj/compressed.pt', 'meta-llama/Llama-2-7b-hf/layer_0/mlp.up_proj': '/data/lliu/huffman/models/meta-llama/Llama-2-7b-hf/compressed/160/meta-llama/Llama-2-7b-hf/layer_0/mlp.up_proj/compressed.pt', 'meta-llama/Llama-2-7b-hf/layer_0/mlp.gate_proj': '/data/lliu/huffman/models/meta-llama/Llama-2-7b-hf/compressed/160/meta-llama/Llama-2-7b-hf/layer_0/mlp.gate_proj/compressed.pt', 'meta-llama/Llama-2-7b-hf/layer_0/self_attn.v_proj': '/data/lliu/huffman/models/meta-llama/Llama-2-7b-hf/compressed/160/meta-llama/Llama-2-7b-hf/layer_0/self_attn.v_proj/compressed.pt', 'meta-llama/Llama-2-7b-hf/layer_0/mlp.down_proj': '/data/lliu/huffman/models/meta-llama/Llama-2-7b-hf/compressed/160/meta-llama/Llama-2-7b-hf/layer_0/mlp.down_proj/compressed.pt', 'meta-llama/Llama-2-7b-hf/layer_31/self_attn.q_proj': '/data/lliu/huffman/models/meta-llama/Llama-2-7b-hf/compressed/160/meta-llama/Llama-2-7b-hf/layer_31/self_attn.q_proj/compressed.pt', 'meta-llama/Llama-2-7b-hf/layer_31/self_attn.k_proj': '/data/lliu/huffman/models/meta-llama/Llama-2-7b-hf/compressed/160/meta-llama/Llama-2-7b-hf/layer_31/self_attn.k_proj/compressed.pt', 'meta-llama/Llama-2-7b-hf/layer_31/self_attn.o_proj': '/data/lliu/huffman/models/meta-llama/Llama-2-7b-hf/compressed/160/meta-llama/Llama-2-7b-hf/layer_31/self_attn.o_proj/compressed.pt', 'meta-llama/Llama-2-7b-hf/layer_31/mlp.gate_proj': '/data/lliu/huffman/models/meta-llama/Llama-2-7b-hf/compressed/160/meta-llama/Llama-2-7b-hf/layer_31/mlp.gate_proj/compressed.pt', 'meta-llama/Llama-2-7b-hf/layer_31/self_attn.v_proj': '/data/lliu/huffman/models/meta-llama/Llama-2-7b-hf/compressed/160/meta-llama/Llama-2-7b-hf/layer_31/self_attn.v_proj/compressed.pt', 'meta-llama/Llama-2-7b-hf/layer_31/mlp.up_proj': '/data/lliu/huffman/models/meta-llama/Llama-2-7b-hf/compressed/160/meta-llama/Llama-2-7b-hf/layer_31/mlp.up_proj/compressed.pt', 'meta-llama/Llama-2-7b-hf/layer_31/mlp.down_proj': '/data/lliu/huffman/models/meta-llama/Llama-2-7b-hf/compressed/160/meta-llama/Llama-2-7b-hf/layer_31/mlp.down_proj/compressed.pt', 'meta-llama/Llama-2-7b-hf/layer_21/self_attn.q_proj': '/data/lliu/huffman/models/meta-llama/Llama-2-7b-hf/compressed/160/meta-llama/Llama-2-7b-hf/layer_21/self_attn.q_proj/compressed.pt', 'meta-llama/Llama-2-7b-hf/layer_21/self_attn.k_proj': '/data/lliu/huffman/models/meta-llama/Llama-2-7b-hf/compressed/160/meta-llama/Llama-2-7b-hf/layer_21/self_attn.k_proj/compressed.pt', 'meta-llama/Llama-2-7b-hf/layer_21/self_attn.o_proj': '/data/lliu/huffman/models/meta-llama/Llama-2-7b-hf/compressed/160/meta-llama/Llama-2-7b-hf/layer_21/self_attn.o_proj/compressed.pt', 'meta-llama/Llama-2-7b-hf/layer_21/mlp.gate_proj': '/data/lliu/huffman/models/meta-llama/Llama-2-7b-hf/compressed/160/meta-llama/Llama-2-7b-hf/layer_21/mlp.gate_proj/compressed.pt', 'meta-llama/Llama-2-7b-hf/layer_21/mlp.up_proj': '/data/lliu/huffman/models/meta-llama/Llama-2-7b-hf/compressed/160/meta-llama/Llama-2-7b-hf/layer_21/mlp.up_proj/compressed.pt', 'meta-llama/Llama-2-7b-hf/layer_21/self_attn.v_proj': '/data/lliu/huffman/models/meta-llama/Llama-2-7b-hf/compressed/160/meta-llama/Llama-2-7b-hf/layer_21/self_attn.v_proj/compressed.pt', 'meta-llama/Llama-2-7b-hf/layer_21/mlp.down_proj': '/data/lliu/huffman/models/meta-llama/Llama-2-7b-hf/compressed/160/meta-llama/Llama-2-7b-hf/layer_21/mlp.down_proj/compressed.pt', 'meta-llama/Llama-2-7b-hf/layer_26/self_attn.q_proj': '/data/lliu/huffman/models/meta-llama/Llama-2-7b-hf/compressed/160/meta-llama/Llama-2-7b-hf/layer_26/self_attn.q_proj/compressed.pt', 'meta-llama/Llama-2-7b-hf/layer_26/self_attn.k_proj': '/data/lliu/huffman/models/meta-llama/Llama-2-7b-hf/compressed/160/meta-llama/Llama-2-7b-hf/layer_26/self_attn.k_proj/compressed.pt', 'meta-llama/Llama-2-7b-hf/layer_26/self_attn.o_proj': '/data/lliu/huffman/models/meta-llama/Llama-2-7b-hf/compressed/160/meta-llama/Llama-2-7b-hf/layer_26/self_attn.o_proj/compressed.pt', 'meta-llama/Llama-2-7b-hf/layer_26/mlp.gate_proj': '/data/lliu/huffman/models/meta-llama/Llama-2-7b-hf/compressed/160/meta-llama/Llama-2-7b-hf/layer_26/mlp.gate_proj/compressed.pt', 'meta-llama/Llama-2-7b-hf/layer_26/mlp.up_proj': '/data/lliu/huffman/models/meta-llama/Llama-2-7b-hf/compressed/160/meta-llama/Llama-2-7b-hf/layer_26/mlp.up_proj/compressed.pt', 'meta-llama/Llama-2-7b-hf/layer_26/self_attn.v_proj': '/data/lliu/huffman/models/meta-llama/Llama-2-7b-hf/compressed/160/meta-llama/Llama-2-7b-hf/layer_26/self_attn.v_proj/compressed.pt', 'meta-llama/Llama-2-7b-hf/layer_14/self_attn.q_proj': '/data/lliu/huffman/models/meta-llama/Llama-2-7b-hf/compressed/160/meta-llama/Llama-2-7b-hf/layer_14/self_attn.q_proj/compressed.pt', 'meta-llama/Llama-2-7b-hf/layer_26/mlp.down_proj': '/data/lliu/huffman/models/meta-llama/Llama-2-7b-hf/compressed/160/meta-llama/Llama-2-7b-hf/layer_26/mlp.down_proj/compressed.pt', 'meta-llama/Llama-2-7b-hf/layer_14/self_attn.k_proj': '/data/lliu/huffman/models/meta-llama/Llama-2-7b-hf/compressed/160/meta-llama/Llama-2-7b-hf/layer_14/self_attn.k_proj/compressed.pt', 'meta-llama/Llama-2-7b-hf/layer_14/self_attn.o_proj': '/data/lliu/huffman/models/meta-llama/Llama-2-7b-hf/compressed/160/meta-llama/Llama-2-7b-hf/layer_14/self_attn.o_proj/compressed.pt', 'meta-llama/Llama-2-7b-hf/layer_14/mlp.gate_proj': '/data/lliu/huffman/models/meta-llama/Llama-2-7b-hf/compressed/160/meta-llama/Llama-2-7b-hf/layer_14/mlp.gate_proj/compressed.pt', 'meta-llama/Llama-2-7b-hf/layer_14/mlp.up_proj': '/data/lliu/huffman/models/meta-llama/Llama-2-7b-hf/compressed/160/meta-llama/Llama-2-7b-hf/layer_14/mlp.up_proj/compressed.pt', 'meta-llama/Llama-2-7b-hf/layer_14/self_attn.v_proj': '/data/lliu/huffman/models/meta-llama/Llama-2-7b-hf/compressed/160/meta-llama/Llama-2-7b-hf/layer_14/self_attn.v_proj/compressed.pt', 'meta-llama/Llama-2-7b-hf/layer_15/self_attn.q_proj': '/data/lliu/huffman/models/meta-llama/Llama-2-7b-hf/compressed/160/meta-llama/Llama-2-7b-hf/layer_15/self_attn.q_proj/compressed.pt', 'meta-llama/Llama-2-7b-hf/layer_14/mlp.down_proj': '/data/lliu/huffman/models/meta-llama/Llama-2-7b-hf/compressed/160/meta-llama/Llama-2-7b-hf/layer_14/mlp.down_proj/compressed.pt', 'meta-llama/Llama-2-7b-hf/layer_15/self_attn.k_proj': '/data/lliu/huffman/models/meta-llama/Llama-2-7b-hf/compressed/160/meta-llama/Llama-2-7b-hf/layer_15/self_attn.k_proj/compressed.pt', 'meta-llama/Llama-2-7b-hf/layer_15/self_attn.o_proj': '/data/lliu/huffman/models/meta-llama/Llama-2-7b-hf/compressed/160/meta-llama/Llama-2-7b-hf/layer_15/self_attn.o_proj/compressed.pt', 'meta-llama/Llama-2-7b-hf/layer_15/mlp.gate_proj': '/data/lliu/huffman/models/meta-llama/Llama-2-7b-hf/compressed/160/meta-llama/Llama-2-7b-hf/layer_15/mlp.gate_proj/compressed.pt', 'meta-llama/Llama-2-7b-hf/layer_15/mlp.up_proj': '/data/lliu/huffman/models/meta-llama/Llama-2-7b-hf/compressed/160/meta-llama/Llama-2-7b-hf/layer_15/mlp.up_proj/compressed.pt', 'meta-llama/Llama-2-7b-hf/layer_15/self_attn.v_proj': '/data/lliu/huffman/models/meta-llama/Llama-2-7b-hf/compressed/160/meta-llama/Llama-2-7b-hf/layer_15/self_attn.v_proj/compressed.pt', 'meta-llama/Llama-2-7b-hf/layer_15/mlp.down_proj': '/data/lliu/huffman/models/meta-llama/Llama-2-7b-hf/compressed/160/meta-llama/Llama-2-7b-hf/layer_15/mlp.down_proj/compressed.pt', 'meta-llama/Llama-2-7b-hf/layer_4/self_attn.q_proj': '/data/lliu/huffman/models/meta-llama/Llama-2-7b-hf/compressed/160/meta-llama/Llama-2-7b-hf/layer_4/self_attn.q_proj/compressed.pt', 'meta-llama/Llama-2-7b-hf/layer_4/self_attn.k_proj': '/data/lliu/huffman/models/meta-llama/Llama-2-7b-hf/compressed/160/meta-llama/Llama-2-7b-hf/layer_4/self_attn.k_proj/compressed.pt', 'meta-llama/Llama-2-7b-hf/layer_4/self_attn.o_proj': '/data/lliu/huffman/models/meta-llama/Llama-2-7b-hf/compressed/160/meta-llama/Llama-2-7b-hf/layer_4/self_attn.o_proj/compressed.pt', 'meta-llama/Llama-2-7b-hf/layer_4/mlp.gate_proj': '/data/lliu/huffman/models/meta-llama/Llama-2-7b-hf/compressed/160/meta-llama/Llama-2-7b-hf/layer_4/mlp.gate_proj/compressed.pt', 'meta-llama/Llama-2-7b-hf/layer_4/mlp.up_proj': '/data/lliu/huffman/models/meta-llama/Llama-2-7b-hf/compressed/160/meta-llama/Llama-2-7b-hf/layer_4/mlp.up_proj/compressed.pt', 'meta-llama/Llama-2-7b-hf/layer_4/self_attn.v_proj': '/data/lliu/huffman/models/meta-llama/Llama-2-7b-hf/compressed/160/meta-llama/Llama-2-7b-hf/layer_4/self_attn.v_proj/compressed.pt', 'meta-llama/Llama-2-7b-hf/layer_27/self_attn.q_proj': '/data/lliu/huffman/models/meta-llama/Llama-2-7b-hf/compressed/160/meta-llama/Llama-2-7b-hf/layer_27/self_attn.q_proj/compressed.pt', 'meta-llama/Llama-2-7b-hf/layer_4/mlp.down_proj': '/data/lliu/huffman/models/meta-llama/Llama-2-7b-hf/compressed/160/meta-llama/Llama-2-7b-hf/layer_4/mlp.down_proj/compressed.pt', 'meta-llama/Llama-2-7b-hf/layer_27/self_attn.k_proj': '/data/lliu/huffman/models/meta-llama/Llama-2-7b-hf/compressed/160/meta-llama/Llama-2-7b-hf/layer_27/self_attn.k_proj/compressed.pt', 'meta-llama/Llama-2-7b-hf/layer_27/self_attn.o_proj': '/data/lliu/huffman/models/meta-llama/Llama-2-7b-hf/compressed/160/meta-llama/Llama-2-7b-hf/layer_27/self_attn.o_proj/compressed.pt', 'meta-llama/Llama-2-7b-hf/layer_27/mlp.gate_proj': '/data/lliu/huffman/models/meta-llama/Llama-2-7b-hf/compressed/160/meta-llama/Llama-2-7b-hf/layer_27/mlp.gate_proj/compressed.pt', 'meta-llama/Llama-2-7b-hf/layer_27/self_attn.v_proj': '/data/lliu/huffman/models/meta-llama/Llama-2-7b-hf/compressed/160/meta-llama/Llama-2-7b-hf/layer_27/self_attn.v_proj/compressed.pt', 'meta-llama/Llama-2-7b-hf/layer_27/mlp.up_proj': '/data/lliu/huffman/models/meta-llama/Llama-2-7b-hf/compressed/160/meta-llama/Llama-2-7b-hf/layer_27/mlp.up_proj/compressed.pt', 'meta-llama/Llama-2-7b-hf/layer_2/self_attn.q_proj': '/data/lliu/huffman/models/meta-llama/Llama-2-7b-hf/compressed/160/meta-llama/Llama-2-7b-hf/layer_2/self_attn.q_proj/compressed.pt', 'meta-llama/Llama-2-7b-hf/layer_27/mlp.down_proj': '/data/lliu/huffman/models/meta-llama/Llama-2-7b-hf/compressed/160/meta-llama/Llama-2-7b-hf/layer_27/mlp.down_proj/compressed.pt', 'meta-llama/Llama-2-7b-hf/layer_2/self_attn.k_proj': '/data/lliu/huffman/models/meta-llama/Llama-2-7b-hf/compressed/160/meta-llama/Llama-2-7b-hf/layer_2/self_attn.k_proj/compressed.pt', 'meta-llama/Llama-2-7b-hf/layer_2/self_attn.o_proj': '/data/lliu/huffman/models/meta-llama/Llama-2-7b-hf/compressed/160/meta-llama/Llama-2-7b-hf/layer_2/self_attn.o_proj/compressed.pt', 'meta-llama/Llama-2-7b-hf/layer_2/mlp.gate_proj': '/data/lliu/huffman/models/meta-llama/Llama-2-7b-hf/compressed/160/meta-llama/Llama-2-7b-hf/layer_2/mlp.gate_proj/compressed.pt', 'meta-llama/Llama-2-7b-hf/layer_2/mlp.up_proj': '/data/lliu/huffman/models/meta-llama/Llama-2-7b-hf/compressed/160/meta-llama/Llama-2-7b-hf/layer_2/mlp.up_proj/compressed.pt', 'meta-llama/Llama-2-7b-hf/layer_2/self_attn.v_proj': '/data/lliu/huffman/models/meta-llama/Llama-2-7b-hf/compressed/160/meta-llama/Llama-2-7b-hf/layer_2/self_attn.v_proj/compressed.pt', 'meta-llama/Llama-2-7b-hf/layer_2/mlp.down_proj': '/data/lliu/huffman/models/meta-llama/Llama-2-7b-hf/compressed/160/meta-llama/Llama-2-7b-hf/layer_2/mlp.down_proj/compressed.pt', 'meta-llama/Llama-2-7b-hf/layer_28/self_attn.q_proj': '/data/lliu/huffman/models/meta-llama/Llama-2-7b-hf/compressed/160/meta-llama/Llama-2-7b-hf/layer_28/self_attn.q_proj/compressed.pt', 'meta-llama/Llama-2-7b-hf/layer_28/self_attn.k_proj': '/data/lliu/huffman/models/meta-llama/Llama-2-7b-hf/compressed/160/meta-llama/Llama-2-7b-hf/layer_28/self_attn.k_proj/compressed.pt', 'meta-llama/Llama-2-7b-hf/layer_28/self_attn.o_proj': '/data/lliu/huffman/models/meta-llama/Llama-2-7b-hf/compressed/160/meta-llama/Llama-2-7b-hf/layer_28/self_attn.o_proj/compressed.pt', 'meta-llama/Llama-2-7b-hf/layer_28/mlp.gate_proj': '/data/lliu/huffman/models/meta-llama/Llama-2-7b-hf/compressed/160/meta-llama/Llama-2-7b-hf/layer_28/mlp.gate_proj/compressed.pt', 'meta-llama/Llama-2-7b-hf/layer_28/mlp.up_proj': '/data/lliu/huffman/models/meta-llama/Llama-2-7b-hf/compressed/160/meta-llama/Llama-2-7b-hf/layer_28/mlp.up_proj/compressed.pt', 'meta-llama/Llama-2-7b-hf/layer_28/self_attn.v_proj': '/data/lliu/huffman/models/meta-llama/Llama-2-7b-hf/compressed/160/meta-llama/Llama-2-7b-hf/layer_28/self_attn.v_proj/compressed.pt', 'meta-llama/Llama-2-7b-hf/layer_28/mlp.down_proj': '/data/lliu/huffman/models/meta-llama/Llama-2-7b-hf/compressed/160/meta-llama/Llama-2-7b-hf/layer_28/mlp.down_proj/compressed.pt', 'meta-llama/Llama-2-7b-hf/layer_18/self_attn.q_proj': '/data/lliu/huffman/models/meta-llama/Llama-2-7b-hf/compressed/160/meta-llama/Llama-2-7b-hf/layer_18/self_attn.q_proj/compressed.pt', 'meta-llama/Llama-2-7b-hf/layer_18/self_attn.k_proj': '/data/lliu/huffman/models/meta-llama/Llama-2-7b-hf/compressed/160/meta-llama/Llama-2-7b-hf/layer_18/self_attn.k_proj/compressed.pt', 'meta-llama/Llama-2-7b-hf/layer_18/self_attn.o_proj': '/data/lliu/huffman/models/meta-llama/Llama-2-7b-hf/compressed/160/meta-llama/Llama-2-7b-hf/layer_18/self_attn.o_proj/compressed.pt', 'meta-llama/Llama-2-7b-hf/layer_18/mlp.gate_proj': '/data/lliu/huffman/models/meta-llama/Llama-2-7b-hf/compressed/160/meta-llama/Llama-2-7b-hf/layer_18/mlp.gate_proj/compressed.pt', 'meta-llama/Llama-2-7b-hf/layer_18/mlp.up_proj': '/data/lliu/huffman/models/meta-llama/Llama-2-7b-hf/compressed/160/meta-llama/Llama-2-7b-hf/layer_18/mlp.up_proj/compressed.pt', 'meta-llama/Llama-2-7b-hf/layer_18/self_attn.v_proj': '/data/lliu/huffman/models/meta-llama/Llama-2-7b-hf/compressed/160/meta-llama/Llama-2-7b-hf/layer_18/self_attn.v_proj/compressed.pt', 'meta-llama/Llama-2-7b-hf/layer_25/self_attn.q_proj': '/data/lliu/huffman/models/meta-llama/Llama-2-7b-hf/compressed/160/meta-llama/Llama-2-7b-hf/layer_25/self_attn.q_proj/compressed.pt', 'meta-llama/Llama-2-7b-hf/layer_18/mlp.down_proj': '/data/lliu/huffman/models/meta-llama/Llama-2-7b-hf/compressed/160/meta-llama/Llama-2-7b-hf/layer_18/mlp.down_proj/compressed.pt', 'meta-llama/Llama-2-7b-hf/layer_25/self_attn.k_proj': '/data/lliu/huffman/models/meta-llama/Llama-2-7b-hf/compressed/160/meta-llama/Llama-2-7b-hf/layer_25/self_attn.k_proj/compressed.pt', 'meta-llama/Llama-2-7b-hf/layer_25/self_attn.o_proj': '/data/lliu/huffman/models/meta-llama/Llama-2-7b-hf/compressed/160/meta-llama/Llama-2-7b-hf/layer_25/self_attn.o_proj/compressed.pt', 'meta-llama/Llama-2-7b-hf/layer_25/mlp.gate_proj': '/data/lliu/huffman/models/meta-llama/Llama-2-7b-hf/compressed/160/meta-llama/Llama-2-7b-hf/layer_25/mlp.gate_proj/compressed.pt', 'meta-llama/Llama-2-7b-hf/layer_25/mlp.up_proj': '/data/lliu/huffman/models/meta-llama/Llama-2-7b-hf/compressed/160/meta-llama/Llama-2-7b-hf/layer_25/mlp.up_proj/compressed.pt', 'meta-llama/Llama-2-7b-hf/layer_25/self_attn.v_proj': '/data/lliu/huffman/models/meta-llama/Llama-2-7b-hf/compressed/160/meta-llama/Llama-2-7b-hf/layer_25/self_attn.v_proj/compressed.pt', 'meta-llama/Llama-2-7b-hf/layer_25/mlp.down_proj': '/data/lliu/huffman/models/meta-llama/Llama-2-7b-hf/compressed/160/meta-llama/Llama-2-7b-hf/layer_25/mlp.down_proj/compressed.pt', 'meta-llama/Llama-2-7b-hf/layer_30/self_attn.q_proj': '/data/lliu/huffman/models/meta-llama/Llama-2-7b-hf/compressed/160/meta-llama/Llama-2-7b-hf/layer_30/self_attn.q_proj/compressed.pt', 'meta-llama/Llama-2-7b-hf/layer_30/self_attn.k_proj': '/data/lliu/huffman/models/meta-llama/Llama-2-7b-hf/compressed/160/meta-llama/Llama-2-7b-hf/layer_30/self_attn.k_proj/compressed.pt', 'meta-llama/Llama-2-7b-hf/layer_30/self_attn.o_proj': '/data/lliu/huffman/models/meta-llama/Llama-2-7b-hf/compressed/160/meta-llama/Llama-2-7b-hf/layer_30/self_attn.o_proj/compressed.pt', 'meta-llama/Llama-2-7b-hf/layer_30/mlp.gate_proj': '/data/lliu/huffman/models/meta-llama/Llama-2-7b-hf/compressed/160/meta-llama/Llama-2-7b-hf/layer_30/mlp.gate_proj/compressed.pt', 'meta-llama/Llama-2-7b-hf/layer_30/mlp.up_proj': '/data/lliu/huffman/models/meta-llama/Llama-2-7b-hf/compressed/160/meta-llama/Llama-2-7b-hf/layer_30/mlp.up_proj/compressed.pt', 'meta-llama/Llama-2-7b-hf/layer_30/self_attn.v_proj': '/data/lliu/huffman/models/meta-llama/Llama-2-7b-hf/compressed/160/meta-llama/Llama-2-7b-hf/layer_30/self_attn.v_proj/compressed.pt', 'meta-llama/Llama-2-7b-hf/layer_29/self_attn.q_proj': '/data/lliu/huffman/models/meta-llama/Llama-2-7b-hf/compressed/160/meta-llama/Llama-2-7b-hf/layer_29/self_attn.q_proj/compressed.pt', 'meta-llama/Llama-2-7b-hf/layer_30/mlp.down_proj': '/data/lliu/huffman/models/meta-llama/Llama-2-7b-hf/compressed/160/meta-llama/Llama-2-7b-hf/layer_30/mlp.down_proj/compressed.pt', 'meta-llama/Llama-2-7b-hf/layer_29/self_attn.k_proj': '/data/lliu/huffman/models/meta-llama/Llama-2-7b-hf/compressed/160/meta-llama/Llama-2-7b-hf/layer_29/self_attn.k_proj/compressed.pt', 'meta-llama/Llama-2-7b-hf/layer_29/self_attn.o_proj': '/data/lliu/huffman/models/meta-llama/Llama-2-7b-hf/compressed/160/meta-llama/Llama-2-7b-hf/layer_29/self_attn.o_proj/compressed.pt', 'meta-llama/Llama-2-7b-hf/layer_29/mlp.gate_proj': '/data/lliu/huffman/models/meta-llama/Llama-2-7b-hf/compressed/160/meta-llama/Llama-2-7b-hf/layer_29/mlp.gate_proj/compressed.pt', 'meta-llama/Llama-2-7b-hf/layer_29/mlp.up_proj': '/data/lliu/huffman/models/meta-llama/Llama-2-7b-hf/compressed/160/meta-llama/Llama-2-7b-hf/layer_29/mlp.up_proj/compressed.pt', 'meta-llama/Llama-2-7b-hf/layer_29/self_attn.v_proj': '/data/lliu/huffman/models/meta-llama/Llama-2-7b-hf/compressed/160/meta-llama/Llama-2-7b-hf/layer_29/self_attn.v_proj/compressed.pt', 'meta-llama/Llama-2-7b-hf/layer_16/self_attn.q_proj': '/data/lliu/huffman/models/meta-llama/Llama-2-7b-hf/compressed/160/meta-llama/Llama-2-7b-hf/layer_16/self_attn.q_proj/compressed.pt', 'meta-llama/Llama-2-7b-hf/layer_29/mlp.down_proj': '/data/lliu/huffman/models/meta-llama/Llama-2-7b-hf/compressed/160/meta-llama/Llama-2-7b-hf/layer_29/mlp.down_proj/compressed.pt', 'meta-llama/Llama-2-7b-hf/layer_16/self_attn.k_proj': '/data/lliu/huffman/models/meta-llama/Llama-2-7b-hf/compressed/160/meta-llama/Llama-2-7b-hf/layer_16/self_attn.k_proj/compressed.pt', 'meta-llama/Llama-2-7b-hf/layer_16/self_attn.o_proj': '/data/lliu/huffman/models/meta-llama/Llama-2-7b-hf/compressed/160/meta-llama/Llama-2-7b-hf/layer_16/self_attn.o_proj/compressed.pt', 'meta-llama/Llama-2-7b-hf/layer_16/mlp.gate_proj': '/data/lliu/huffman/models/meta-llama/Llama-2-7b-hf/compressed/160/meta-llama/Llama-2-7b-hf/layer_16/mlp.gate_proj/compressed.pt', 'meta-llama/Llama-2-7b-hf/layer_16/mlp.up_proj': '/data/lliu/huffman/models/meta-llama/Llama-2-7b-hf/compressed/160/meta-llama/Llama-2-7b-hf/layer_16/mlp.up_proj/compressed.pt', 'meta-llama/Llama-2-7b-hf/layer_16/self_attn.v_proj': '/data/lliu/huffman/models/meta-llama/Llama-2-7b-hf/compressed/160/meta-llama/Llama-2-7b-hf/layer_16/self_attn.v_proj/compressed.pt', 'meta-llama/Llama-2-7b-hf/layer_13/self_attn.q_proj': '/data/lliu/huffman/models/meta-llama/Llama-2-7b-hf/compressed/160/meta-llama/Llama-2-7b-hf/layer_13/self_attn.q_proj/compressed.pt', 'meta-llama/Llama-2-7b-hf/layer_16/mlp.down_proj': '/data/lliu/huffman/models/meta-llama/Llama-2-7b-hf/compressed/160/meta-llama/Llama-2-7b-hf/layer_16/mlp.down_proj/compressed.pt', 'meta-llama/Llama-2-7b-hf/layer_13/self_attn.k_proj': '/data/lliu/huffman/models/meta-llama/Llama-2-7b-hf/compressed/160/meta-llama/Llama-2-7b-hf/layer_13/self_attn.k_proj/compressed.pt', 'meta-llama/Llama-2-7b-hf/layer_13/self_attn.o_proj': '/data/lliu/huffman/models/meta-llama/Llama-2-7b-hf/compressed/160/meta-llama/Llama-2-7b-hf/layer_13/self_attn.o_proj/compressed.pt', 'meta-llama/Llama-2-7b-hf/layer_13/mlp.gate_proj': '/data/lliu/huffman/models/meta-llama/Llama-2-7b-hf/compressed/160/meta-llama/Llama-2-7b-hf/layer_13/mlp.gate_proj/compressed.pt', 'meta-llama/Llama-2-7b-hf/layer_13/mlp.up_proj': '/data/lliu/huffman/models/meta-llama/Llama-2-7b-hf/compressed/160/meta-llama/Llama-2-7b-hf/layer_13/mlp.up_proj/compressed.pt', 'meta-llama/Llama-2-7b-hf/layer_13/self_attn.v_proj': '/data/lliu/huffman/models/meta-llama/Llama-2-7b-hf/compressed/160/meta-llama/Llama-2-7b-hf/layer_13/self_attn.v_proj/compressed.pt', 'meta-llama/Llama-2-7b-hf/layer_13/mlp.down_proj': '/data/lliu/huffman/models/meta-llama/Llama-2-7b-hf/compressed/160/meta-llama/Llama-2-7b-hf/layer_13/mlp.down_proj/compressed.pt', 'meta-llama/Llama-2-7b-hf/layer_10/self_attn.q_proj': '/data/lliu/huffman/models/meta-llama/Llama-2-7b-hf/compressed/160/meta-llama/Llama-2-7b-hf/layer_10/self_attn.q_proj/compressed.pt', 'meta-llama/Llama-2-7b-hf/layer_10/self_attn.k_proj': '/data/lliu/huffman/models/meta-llama/Llama-2-7b-hf/compressed/160/meta-llama/Llama-2-7b-hf/layer_10/self_attn.k_proj/compressed.pt', 'meta-llama/Llama-2-7b-hf/layer_10/self_attn.o_proj': '/data/lliu/huffman/models/meta-llama/Llama-2-7b-hf/compressed/160/meta-llama/Llama-2-7b-hf/layer_10/self_attn.o_proj/compressed.pt', 'meta-llama/Llama-2-7b-hf/layer_10/mlp.gate_proj': '/data/lliu/huffman/models/meta-llama/Llama-2-7b-hf/compressed/160/meta-llama/Llama-2-7b-hf/layer_10/mlp.gate_proj/compressed.pt', 'meta-llama/Llama-2-7b-hf/layer_10/mlp.up_proj': '/data/lliu/huffman/models/meta-llama/Llama-2-7b-hf/compressed/160/meta-llama/Llama-2-7b-hf/layer_10/mlp.up_proj/compressed.pt', 'meta-llama/Llama-2-7b-hf/layer_10/self_attn.v_proj': '/data/lliu/huffman/models/meta-llama/Llama-2-7b-hf/compressed/160/meta-llama/Llama-2-7b-hf/layer_10/self_attn.v_proj/compressed.pt', 'meta-llama/Llama-2-7b-hf/layer_10/mlp.down_proj': '/data/lliu/huffman/models/meta-llama/Llama-2-7b-hf/compressed/160/meta-llama/Llama-2-7b-hf/layer_10/mlp.down_proj/compressed.pt', 'meta-llama/Llama-2-7b-hf/layer_19/self_attn.q_proj': '/data/lliu/huffman/models/meta-llama/Llama-2-7b-hf/compressed/160/meta-llama/Llama-2-7b-hf/layer_19/self_attn.q_proj/compressed.pt', 'meta-llama/Llama-2-7b-hf/layer_19/self_attn.k_proj': '/data/lliu/huffman/models/meta-llama/Llama-2-7b-hf/compressed/160/meta-llama/Llama-2-7b-hf/layer_19/self_attn.k_proj/compressed.pt', 'meta-llama/Llama-2-7b-hf/layer_19/self_attn.o_proj': '/data/lliu/huffman/models/meta-llama/Llama-2-7b-hf/compressed/160/meta-llama/Llama-2-7b-hf/layer_19/self_attn.o_proj/compressed.pt', 'meta-llama/Llama-2-7b-hf/layer_19/mlp.gate_proj': '/data/lliu/huffman/models/meta-llama/Llama-2-7b-hf/compressed/160/meta-llama/Llama-2-7b-hf/layer_19/mlp.gate_proj/compressed.pt', 'meta-llama/Llama-2-7b-hf/layer_19/mlp.up_proj': '/data/lliu/huffman/models/meta-llama/Llama-2-7b-hf/compressed/160/meta-llama/Llama-2-7b-hf/layer_19/mlp.up_proj/compressed.pt', 'meta-llama/Llama-2-7b-hf/layer_19/self_attn.v_proj': '/data/lliu/huffman/models/meta-llama/Llama-2-7b-hf/compressed/160/meta-llama/Llama-2-7b-hf/layer_19/self_attn.v_proj/compressed.pt', 'meta-llama/Llama-2-7b-hf/layer_19/mlp.down_proj': '/data/lliu/huffman/models/meta-llama/Llama-2-7b-hf/compressed/160/meta-llama/Llama-2-7b-hf/layer_19/mlp.down_proj/compressed.pt', 'meta-llama/Llama-2-7b-hf/layer_6/self_attn.q_proj': '/data/lliu/huffman/models/meta-llama/Llama-2-7b-hf/compressed/160/meta-llama/Llama-2-7b-hf/layer_6/self_attn.q_proj/compressed.pt', 'meta-llama/Llama-2-7b-hf/layer_6/self_attn.k_proj': '/data/lliu/huffman/models/meta-llama/Llama-2-7b-hf/compressed/160/meta-llama/Llama-2-7b-hf/layer_6/self_attn.k_proj/compressed.pt', 'meta-llama/Llama-2-7b-hf/layer_6/self_attn.o_proj': '/data/lliu/huffman/models/meta-llama/Llama-2-7b-hf/compressed/160/meta-llama/Llama-2-7b-hf/layer_6/self_attn.o_proj/compressed.pt', 'meta-llama/Llama-2-7b-hf/layer_6/mlp.gate_proj': '/data/lliu/huffman/models/meta-llama/Llama-2-7b-hf/compressed/160/meta-llama/Llama-2-7b-hf/layer_6/mlp.gate_proj/compressed.pt', 'meta-llama/Llama-2-7b-hf/layer_6/mlp.up_proj': '/data/lliu/huffman/models/meta-llama/Llama-2-7b-hf/compressed/160/meta-llama/Llama-2-7b-hf/layer_6/mlp.up_proj/compressed.pt', 'meta-llama/Llama-2-7b-hf/layer_6/self_attn.v_proj': '/data/lliu/huffman/models/meta-llama/Llama-2-7b-hf/compressed/160/meta-llama/Llama-2-7b-hf/layer_6/self_attn.v_proj/compressed.pt', 'meta-llama/Llama-2-7b-hf/layer_11/self_attn.q_proj': '/data/lliu/huffman/models/meta-llama/Llama-2-7b-hf/compressed/160/meta-llama/Llama-2-7b-hf/layer_11/self_attn.q_proj/compressed.pt', 'meta-llama/Llama-2-7b-hf/layer_6/mlp.down_proj': '/data/lliu/huffman/models/meta-llama/Llama-2-7b-hf/compressed/160/meta-llama/Llama-2-7b-hf/layer_6/mlp.down_proj/compressed.pt', 'meta-llama/Llama-2-7b-hf/layer_11/self_attn.k_proj': '/data/lliu/huffman/models/meta-llama/Llama-2-7b-hf/compressed/160/meta-llama/Llama-2-7b-hf/layer_11/self_attn.k_proj/compressed.pt', 'meta-llama/Llama-2-7b-hf/layer_11/self_attn.o_proj': '/data/lliu/huffman/models/meta-llama/Llama-2-7b-hf/compressed/160/meta-llama/Llama-2-7b-hf/layer_11/self_attn.o_proj/compressed.pt', 'meta-llama/Llama-2-7b-hf/layer_11/mlp.gate_proj': '/data/lliu/huffman/models/meta-llama/Llama-2-7b-hf/compressed/160/meta-llama/Llama-2-7b-hf/layer_11/mlp.gate_proj/compressed.pt', 'meta-llama/Llama-2-7b-hf/layer_11/mlp.up_proj': '/data/lliu/huffman/models/meta-llama/Llama-2-7b-hf/compressed/160/meta-llama/Llama-2-7b-hf/layer_11/mlp.up_proj/compressed.pt', 'meta-llama/Llama-2-7b-hf/layer_11/self_attn.v_proj': '/data/lliu/huffman/models/meta-llama/Llama-2-7b-hf/compressed/160/meta-llama/Llama-2-7b-hf/layer_11/self_attn.v_proj/compressed.pt', 'meta-llama/Llama-2-7b-hf/layer_20/self_attn.q_proj': '/data/lliu/huffman/models/meta-llama/Llama-2-7b-hf/compressed/160/meta-llama/Llama-2-7b-hf/layer_20/self_attn.q_proj/compressed.pt', 'meta-llama/Llama-2-7b-hf/layer_11/mlp.down_proj': '/data/lliu/huffman/models/meta-llama/Llama-2-7b-hf/compressed/160/meta-llama/Llama-2-7b-hf/layer_11/mlp.down_proj/compressed.pt', 'meta-llama/Llama-2-7b-hf/layer_20/self_attn.k_proj': '/data/lliu/huffman/models/meta-llama/Llama-2-7b-hf/compressed/160/meta-llama/Llama-2-7b-hf/layer_20/self_attn.k_proj/compressed.pt', 'meta-llama/Llama-2-7b-hf/layer_20/self_attn.o_proj': '/data/lliu/huffman/models/meta-llama/Llama-2-7b-hf/compressed/160/meta-llama/Llama-2-7b-hf/layer_20/self_attn.o_proj/compressed.pt', 'meta-llama/Llama-2-7b-hf/layer_20/mlp.gate_proj': '/data/lliu/huffman/models/meta-llama/Llama-2-7b-hf/compressed/160/meta-llama/Llama-2-7b-hf/layer_20/mlp.gate_proj/compressed.pt', 'meta-llama/Llama-2-7b-hf/layer_20/mlp.up_proj': '/data/lliu/huffman/models/meta-llama/Llama-2-7b-hf/compressed/160/meta-llama/Llama-2-7b-hf/layer_20/mlp.up_proj/compressed.pt', 'meta-llama/Llama-2-7b-hf/layer_20/self_attn.v_proj': '/data/lliu/huffman/models/meta-llama/Llama-2-7b-hf/compressed/160/meta-llama/Llama-2-7b-hf/layer_20/self_attn.v_proj/compressed.pt', 'meta-llama/Llama-2-7b-hf/layer_20/mlp.down_proj': '/data/lliu/huffman/models/meta-llama/Llama-2-7b-hf/compressed/160/meta-llama/Llama-2-7b-hf/layer_20/mlp.down_proj/compressed.pt', 'meta-llama/Llama-2-7b-hf/layer_23/self_attn.k_proj': '/data/lliu/huffman/models/meta-llama/Llama-2-7b-hf/compressed/160/meta-llama/Llama-2-7b-hf/layer_23/self_attn.k_proj/compressed.pt', 'meta-llama/Llama-2-7b-hf/layer_23/self_attn.q_proj': '/data/lliu/huffman/models/meta-llama/Llama-2-7b-hf/compressed/160/meta-llama/Llama-2-7b-hf/layer_23/self_attn.q_proj/compressed.pt', 'meta-llama/Llama-2-7b-hf/layer_23/self_attn.o_proj': '/data/lliu/huffman/models/meta-llama/Llama-2-7b-hf/compressed/160/meta-llama/Llama-2-7b-hf/layer_23/self_attn.o_proj/compressed.pt', 'meta-llama/Llama-2-7b-hf/layer_23/mlp.gate_proj': '/data/lliu/huffman/models/meta-llama/Llama-2-7b-hf/compressed/160/meta-llama/Llama-2-7b-hf/layer_23/mlp.gate_proj/compressed.pt', 'meta-llama/Llama-2-7b-hf/layer_23/mlp.up_proj': '/data/lliu/huffman/models/meta-llama/Llama-2-7b-hf/compressed/160/meta-llama/Llama-2-7b-hf/layer_23/mlp.up_proj/compressed.pt', 'meta-llama/Llama-2-7b-hf/layer_23/self_attn.v_proj': '/data/lliu/huffman/models/meta-llama/Llama-2-7b-hf/compressed/160/meta-llama/Llama-2-7b-hf/layer_23/self_attn.v_proj/compressed.pt', 'meta-llama/Llama-2-7b-hf/layer_17/self_attn.q_proj': '/data/lliu/huffman/models/meta-llama/Llama-2-7b-hf/compressed/160/meta-llama/Llama-2-7b-hf/layer_17/self_attn.q_proj/compressed.pt', 'meta-llama/Llama-2-7b-hf/layer_23/mlp.down_proj': '/data/lliu/huffman/models/meta-llama/Llama-2-7b-hf/compressed/160/meta-llama/Llama-2-7b-hf/layer_23/mlp.down_proj/compressed.pt', 'meta-llama/Llama-2-7b-hf/layer_17/self_attn.o_proj': '/data/lliu/huffman/models/meta-llama/Llama-2-7b-hf/compressed/160/meta-llama/Llama-2-7b-hf/layer_17/self_attn.o_proj/compressed.pt', 'meta-llama/Llama-2-7b-hf/layer_17/self_attn.k_proj': '/data/lliu/huffman/models/meta-llama/Llama-2-7b-hf/compressed/160/meta-llama/Llama-2-7b-hf/layer_17/self_attn.k_proj/compressed.pt', 'meta-llama/Llama-2-7b-hf/layer_17/mlp.gate_proj': '/data/lliu/huffman/models/meta-llama/Llama-2-7b-hf/compressed/160/meta-llama/Llama-2-7b-hf/layer_17/mlp.gate_proj/compressed.pt', 'meta-llama/Llama-2-7b-hf/layer_17/mlp.up_proj': '/data/lliu/huffman/models/meta-llama/Llama-2-7b-hf/compressed/160/meta-llama/Llama-2-7b-hf/layer_17/mlp.up_proj/compressed.pt', 'meta-llama/Llama-2-7b-hf/layer_17/self_attn.v_proj': '/data/lliu/huffman/models/meta-llama/Llama-2-7b-hf/compressed/160/meta-llama/Llama-2-7b-hf/layer_17/self_attn.v_proj/compressed.pt', 'meta-llama/Llama-2-7b-hf/layer_17/mlp.down_proj': '/data/lliu/huffman/models/meta-llama/Llama-2-7b-hf/compressed/160/meta-llama/Llama-2-7b-hf/layer_17/mlp.down_proj/compressed.pt', 'meta-llama/Llama-2-7b-hf/layer_9/self_attn.q_proj': '/data/lliu/huffman/models/meta-llama/Llama-2-7b-hf/compressed/160/meta-llama/Llama-2-7b-hf/layer_9/self_attn.q_proj/compressed.pt', 'meta-llama/Llama-2-7b-hf/layer_9/self_attn.k_proj': '/data/lliu/huffman/models/meta-llama/Llama-2-7b-hf/compressed/160/meta-llama/Llama-2-7b-hf/layer_9/self_attn.k_proj/compressed.pt', 'meta-llama/Llama-2-7b-hf/layer_9/self_attn.o_proj': '/data/lliu/huffman/models/meta-llama/Llama-2-7b-hf/compressed/160/meta-llama/Llama-2-7b-hf/layer_9/self_attn.o_proj/compressed.pt', 'meta-llama/Llama-2-7b-hf/layer_9/mlp.gate_proj': '/data/lliu/huffman/models/meta-llama/Llama-2-7b-hf/compressed/160/meta-llama/Llama-2-7b-hf/layer_9/mlp.gate_proj/compressed.pt', 'meta-llama/Llama-2-7b-hf/layer_9/mlp.up_proj': '/data/lliu/huffman/models/meta-llama/Llama-2-7b-hf/compressed/160/meta-llama/Llama-2-7b-hf/layer_9/mlp.up_proj/compressed.pt', 'meta-llama/Llama-2-7b-hf/layer_9/self_attn.v_proj': '/data/lliu/huffman/models/meta-llama/Llama-2-7b-hf/compressed/160/meta-llama/Llama-2-7b-hf/layer_9/self_attn.v_proj/compressed.pt', 'meta-llama/Llama-2-7b-hf/layer_9/mlp.down_proj': '/data/lliu/huffman/models/meta-llama/Llama-2-7b-hf/compressed/160/meta-llama/Llama-2-7b-hf/layer_9/mlp.down_proj/compressed.pt', 'meta-llama/Llama-2-7b-hf/layer_22/self_attn.q_proj': '/data/lliu/huffman/models/meta-llama/Llama-2-7b-hf/compressed/160/meta-llama/Llama-2-7b-hf/layer_22/self_attn.q_proj/compressed.pt', 'meta-llama/Llama-2-7b-hf/layer_22/self_attn.k_proj': '/data/lliu/huffman/models/meta-llama/Llama-2-7b-hf/compressed/160/meta-llama/Llama-2-7b-hf/layer_22/self_attn.k_proj/compressed.pt', 'meta-llama/Llama-2-7b-hf/layer_22/self_attn.o_proj': '/data/lliu/huffman/models/meta-llama/Llama-2-7b-hf/compressed/160/meta-llama/Llama-2-7b-hf/layer_22/self_attn.o_proj/compressed.pt', 'meta-llama/Llama-2-7b-hf/layer_22/mlp.gate_proj': '/data/lliu/huffman/models/meta-llama/Llama-2-7b-hf/compressed/160/meta-llama/Llama-2-7b-hf/layer_22/mlp.gate_proj/compressed.pt', 'meta-llama/Llama-2-7b-hf/layer_22/mlp.up_proj': '/data/lliu/huffman/models/meta-llama/Llama-2-7b-hf/compressed/160/meta-llama/Llama-2-7b-hf/layer_22/mlp.up_proj/compressed.pt', 'meta-llama/Llama-2-7b-hf/layer_22/self_attn.v_proj': '/data/lliu/huffman/models/meta-llama/Llama-2-7b-hf/compressed/160/meta-llama/Llama-2-7b-hf/layer_22/self_attn.v_proj/compressed.pt', 'meta-llama/Llama-2-7b-hf/layer_24/self_attn.q_proj': '/data/lliu/huffman/models/meta-llama/Llama-2-7b-hf/compressed/160/meta-llama/Llama-2-7b-hf/layer_24/self_attn.q_proj/compressed.pt', 'meta-llama/Llama-2-7b-hf/layer_24/self_attn.k_proj': '/data/lliu/huffman/models/meta-llama/Llama-2-7b-hf/compressed/160/meta-llama/Llama-2-7b-hf/layer_24/self_attn.k_proj/compressed.pt', 'meta-llama/Llama-2-7b-hf/layer_22/mlp.down_proj': '/data/lliu/huffman/models/meta-llama/Llama-2-7b-hf/compressed/160/meta-llama/Llama-2-7b-hf/layer_22/mlp.down_proj/compressed.pt', 'meta-llama/Llama-2-7b-hf/layer_24/self_attn.o_proj': '/data/lliu/huffman/models/meta-llama/Llama-2-7b-hf/compressed/160/meta-llama/Llama-2-7b-hf/layer_24/self_attn.o_proj/compressed.pt', 'meta-llama/Llama-2-7b-hf/layer_24/mlp.gate_proj': '/data/lliu/huffman/models/meta-llama/Llama-2-7b-hf/compressed/160/meta-llama/Llama-2-7b-hf/layer_24/mlp.gate_proj/compressed.pt', 'meta-llama/Llama-2-7b-hf/layer_24/mlp.up_proj': '/data/lliu/huffman/models/meta-llama/Llama-2-7b-hf/compressed/160/meta-llama/Llama-2-7b-hf/layer_24/mlp.up_proj/compressed.pt', 'meta-llama/Llama-2-7b-hf/layer_24/self_attn.v_proj': '/data/lliu/huffman/models/meta-llama/Llama-2-7b-hf/compressed/160/meta-llama/Llama-2-7b-hf/layer_24/self_attn.v_proj/compressed.pt', 'meta-llama/Llama-2-7b-hf/layer_24/mlp.down_proj': '/data/lliu/huffman/models/meta-llama/Llama-2-7b-hf/compressed/160/meta-llama/Llama-2-7b-hf/layer_24/mlp.down_proj/compressed.pt'}
/data/lliu/huffman/models/meta-llama/Llama-2-7b-hf/compressed/160/checkpoints.yaml
perplexity_inference_command:
 python -u perplexity_eval.py --base_model meta-llama/Llama-2-7b-hf --seqlen 4096 --checkpoint_list_path /data/lliu/huffman/models/meta-llama/Llama-2-7b-hf/compressed/160/checkpoints.yaml --seqlen 4096 --log_wandb --wandb_project compression_no_finetune --wandb_id 0muwqubh
running: nohup python -u perplexity_eval.py --base_model meta-llama/Llama-2-7b-hf --seqlen 4096 --checkpoint_list_path /data/lliu/huffman/models/meta-llama/Llama-2-7b-hf/compressed/160/checkpoints.yaml --seqlen 4096 --log_wandb --wandb_project compression_no_finetune --wandb_id 0muwqubh --device cuda:7 > /data/lliu/huffman/models/meta-llama/Llama-2-7b-hf/compressed/160/ppl_eval.log 2>&1 &
eval is done
dict_keys([])
wandb run_id 0muwqubh
wandb_project compression_no_finetune
done
[1;34mwandb[0m: 🚀 View run [33mbright-glade-160[0m at: [34mhttps://wandb.ai/m6481/compression_no_finetune/runs/0muwqubh[0m
[1;34mwandb[0m: Find logs at: [1;35mwandb/run-20250126_031505-0muwqubh/logs[0m
100%|██████████| 224/224 [37:19<00:00, 10.00s/it]
